###############################################################################
#
# IAR ELF Linker V8.30.1.114/W32 for ARM                  21/Mar/2019  19:44:47
# Copyright 2007-2018 IAR Systems AB.
#
#    Output file  =  
#        D:\智能车\麦轮信标\程序\K66框架\K66Framework\K66程序-整合\Debug\Exe\LQ_K66FX_LPTMR.out
#    Map file     =  
#        D:\智能车\麦轮信标\程序\K66框架\K66Framework\K66程序-整合\Debug\List\LQ_K66FX_LPTMR.map
#    Command line =  
#        -f C:\Users\zhuzh\AppData\Local\Temp\EW258.tmp
#        (D:\智能车\麦轮信标\程序\K66框架\K66Framework\K66程序-整合\Debug\Obj\ADC.o
#        D:\智能车\麦轮信标\程序\K66框架\K66Framework\K66程序-整合\Debug\Obj\AttitudeCalculation.o
#        D:\智能车\麦轮信标\程序\K66框架\K66Framework\K66程序-整合\Debug\Obj\common.o
#        D:\智能车\麦轮信标\程序\K66框架\K66Framework\K66程序-整合\Debug\Obj\crt0.o
#        D:\智能车\麦轮信标\程序\K66框架\K66Framework\K66程序-整合\Debug\Obj\DebugFuction.o
#        D:\智能车\麦轮信标\程序\K66框架\K66Framework\K66程序-整合\Debug\Obj\DMA.o
#        D:\智能车\麦轮信标\程序\K66框架\K66Framework\K66程序-整合\Debug\Obj\FTM.o
#        D:\智能车\麦轮信标\程序\K66框架\K66Framework\K66程序-整合\Debug\Obj\GPIO.o
#        D:\智能车\麦轮信标\程序\K66框架\K66Framework\K66程序-整合\Debug\Obj\I2C.o
#        D:\智能车\麦轮信标\程序\K66框架\K66Framework\K66程序-整合\Debug\Obj\image_deal.o
#        D:\智能车\麦轮信标\程序\K66框架\K66Framework\K66程序-整合\Debug\Obj\LPTMR.o
#        D:\智能车\麦轮信标\程序\K66框架\K66Framework\K66程序-整合\Debug\Obj\LQ12864.o
#        D:\智能车\麦轮信标\程序\K66框架\K66Framework\K66程序-整合\Debug\Obj\LQKEY.o
#        D:\智能车\麦轮信标\程序\K66框架\K66Framework\K66程序-整合\Debug\Obj\LQLED.o
#        D:\智能车\麦轮信标\程序\K66框架\K66Framework\K66程序-整合\Debug\Obj\main.o
#        D:\智能车\麦轮信标\程序\K66框架\K66Framework\K66程序-整合\Debug\Obj\MecanumWheelControl.o
#        D:\智能车\麦轮信标\程序\K66框架\K66Framework\K66程序-整合\Debug\Obj\PIT.o
#        D:\智能车\麦轮信标\程序\K66框架\K66Framework\K66程序-整合\Debug\Obj\PLL.o
#        D:\智能车\麦轮信标\程序\K66框架\K66Framework\K66程序-整合\Debug\Obj\RTC.o
#        D:\智能车\麦轮信标\程序\K66框架\K66Framework\K66程序-整合\Debug\Obj\SEEKFREE_MT9V032.o
#        D:\智能车\麦轮信标\程序\K66框架\K66Framework\K66程序-整合\Debug\Obj\SPI.o
#        D:\智能车\麦轮信标\程序\K66框架\K66Framework\K66程序-整合\Debug\Obj\start.o
#        D:\智能车\麦轮信标\程序\K66框架\K66Framework\K66程序-整合\Debug\Obj\Systick.o
#        D:\智能车\麦轮信标\程序\K66框架\K66Framework\K66程序-整合\Debug\Obj\TFTDriver.o
#        D:\智能车\麦轮信标\程序\K66框架\K66Framework\K66程序-整合\Debug\Obj\UART.o
#        D:\智能车\麦轮信标\程序\K66框架\K66Framework\K66程序-整合\Debug\Obj\vectors.o
#        D:\智能车\麦轮信标\程序\K66框架\K66Framework\K66程序-整合\Debug\Obj\wdog.o
#        --no_out_extension -o
#        D:\智能车\麦轮信标\程序\K66框架\K66Framework\K66程序-整合\Debug\Exe\LQ_K66FX_LPTMR.out
#        --map
#        D:\智能车\麦轮信标\程序\K66框架\K66Framework\K66程序-整合\Debug\List\LQ_K66FX_LPTMR.map
#        --config
#        D:\智能车\麦轮信标\程序\K66框架\K66Framework\K66程序-整合\src\Project_Setting\Linker_Files\LQK66FLASH1M.icf
#        --semihosting --entry __iar_program_start --vfe --text_out locale)
#
###############################################################################

*******************************************************************************
*** RUNTIME MODEL ATTRIBUTES
***

CppFlavor       = *
__SystemLibrary = DLib
__dlib_version  = 6


*******************************************************************************
*** HEAP SELECTION
***

The basic heap was selected because no calls to memory allocation
functions were found in the application outside of system library
functions, and there are calls to deallocation functions in the
application.


*******************************************************************************
*** PLACEMENT SUMMARY
***

"A0":  place at 0x0 { ro section .intvec };
"A1":  place at 0x410 { ro section .noinit };
define block CodeRelocate { section .textrw_init };
"P1":  place in [from 0x0 to 0x10'0000] |
                [from 0x1000'0000 to 0x1004'0000] { ro, block CodeRelocate };
define block CodeRelocateRam { section .textrw };
define block CSTACK with size = 8K, alignment = 8 { };
define block HEAP with size = 16K, alignment = 8 { };
"P2":  place in [from 0x1fff'0410 to 0x2003'0000] {
          rw, block CodeRelocateRam, block CSTACK, block HEAP };
initialize manually with packing = copy, complex ranges { section .data };

No sections matched the following patterns:

  section .textrw       in block CodeRelocateRam
  section .textrw_init  in block CodeRelocate


  Section              Kind         Address    Size  Object
  -------              ----         -------    ----  ------
"A0":                                         0x1d0
  .intvec              const            0x0   0x1d0  vectors.o [1]
                                    - 0x1d0   0x1d0

"P1", part 1 of 3:                              0x0
  .rodata              const          0x1d0     0x0  zero_init3.o [4]

"P1", part 2 of 3:                              0x0
  CodeRelocate                        0x1d0     0x0  <Block>

"A1":                                          0x7c
  .noinit              ro code        0x410    0x7c  crt0.o [1]
                                    - 0x48c    0x7c

"P1", part 3 of 3:                           0x3fb8
  .rodata              const          0x48c   0x5f0  TFTDriver.o [1]
  .text                ro code        0xa7c   0x5ce  TFTDriver.o [1]
  .text                ro code       0x104a    0x3a  zero_init3.o [4]
  .text                ro code       0x1084   0x24c  GPIO.o [1]
  .text                ro code       0x12d0   0x328  SPI.o [1]
  .text                ro code       0x15f8   0x18c  SEEKFREE_MT9V032.o [1]
  .text                ro code       0x1784   0x438  DebugFuction.o [1]
  .text                ro code       0x1bbc    0x86  ABImemcpy.o [4]
  .text                ro code       0x1c42     0x8  abs.o [2]
  .text                ro code       0x1c4a     0xa  xsprout.o [2]
  .text                ro code       0x1c54   0x344  UART.o [1]
  .text                ro code       0x1f98    0x60  LPTMR.o [1]
  .text                ro code       0x1ff8   0x4c0  DMA.o [1]
  .text                ro code       0x24b8    0x64  common.o [1]
  .text                ro code       0x251c     0x6  ABImemclr4.o [4]
  .text                ro code       0x2524    0x40  sprintf.o [2]
  .text                ro code       0x2564   0x1c8  LQLED.o [1]
  .text                ro code       0x272c    0x32  ABImemset48.o [4]
  .text                ro code       0x275e   0x13e  xprintftiny.o [2]
  .text                ro code       0x289c    0x36  strlen.o [4]
  .text                ro code       0x28d4   0x4f4  MecanumWheelControl.o [1]
  .text                ro code       0x2dc8   0x38c  FTM.o [1]
  .text                ro code       0x3154   0x3e8  LQ12864.o [1]
  .text                ro code       0x353c   0x250  image_deal.o [1]
  .text                ro code       0x378c   0x234  main.o [1]
  .text                ro code       0x39c0   0x148  PLL.o [1]
  .text                ro code       0x3b08    0x84  PIT.o [1]
  .rodata              const         0x3b8c   0x228  LQ12864.o [1]
  .text                ro code       0x3db4   0x118  vectors.o [1]
  .text                ro code       0x3ecc    0x28  printf.o [2]
  .data_init                         0x3ef4    0xcc  <Block>
    Initializer bytes  const         0x3ef4    0xcc  <for .data-1>
  .text                ro code       0x3fc0    0xb4  start.o [1]
  .text                ro code       0x4074    0x34  wdog.o [1]
  .text                ro code       0x40a8    0x80  iarttio.o [5]
  .text                ro code       0x4128    0x3c  XShttio.o [2]
  .rodata              const         0x4164    0x40  SPI.o [1]
  .rodata              const         0x41a4    0x30  vectors.o [1]
  .text                ro code       0x41d4    0x28  data_init.o [4]
  .rodata              const         0x41fc    0x24  vectors.o [1]
  .text                ro code       0x4220    0x22  fpinit_M.o [3]
  .text                ro code       0x4242    0x22  iarwrite.o [5]
  .iar.init_table      const         0x4264    0x10  - Linker created -
  .text                ro code       0x4274    0x20  putchar.o [2]
  .text                ro code       0x4294    0x10  write.o [5]
  .text                ro code       0x42a4    0x1e  dwrite.o [5]
  .text                ro code       0x42c2    0x20  iarwstd.o [5]
  .text                ro code       0x42e4    0x1e  cmain.o [4]
  .text                ro code       0x4302     0x4  low_level_init.o [2]
  .text                ro code       0x4306     0x4  exit.o [2]
  .text                ro code       0x430c     0xa  cexit.o [4]
  .text                ro code       0x4318    0x14  exit.o [5]
  .rodata              const         0x432c    0x18  vectors.o [1]
  .text                ro code       0x4344    0x16  xprout.o [2]
  .rodata              const         0x435c    0x14  UART.o [1]
  .rodata              const         0x4370    0x10  DebugFuction.o [1]
  .rodata              const         0x4380     0xc  main.o [1]
  .rodata              const         0x438c     0xc  main.o [1]
  .rodata              const         0x4398     0xc  vectors.o [1]
  .rodata              const         0x43a4     0xc  vectors.o [1]
  .rodata              const         0x43b0     0xc  vectors.o [1]
  .rodata              const         0x43bc     0xc  vectors.o [1]
  .rodata              const         0x43c8     0xc  vectors.o [1]
  .rodata              const         0x43d4     0xc  vectors.o [1]
  .rodata              const         0x43e0     0xc  vectors.o [1]
  .rodata              const         0x43ec     0xc  vectors.o [1]
  .rodata              const         0x43f8     0xc  vectors.o [1]
  .rodata              const         0x4404     0xc  vectors.o [1]
  .rodata              const         0x4410     0xc  vectors.o [1]
  .rodata              const         0x441c     0xc  vectors.o [1]
  .rodata              const         0x4428     0xc  vectors.o [1]
  .text                ro code       0x4434     0xc  cstartup_M.o [4]
  .rodata              const         0x4440     0x4  SPI.o [1]
                                   - 0x4444  0x3fb8

"P2", part 1 of 3:                             0xcc
  .data                         0x1fff'0410    0xcc  <Block>
    .data-1                     0x1fff'0410    0xc9  <Init block>
      .data            inited   0x1fff'0410     0x4  DebugFuction.o [1]
      .data            inited   0x1fff'0414    0x14  GPIO.o [1]
      .data            inited   0x1fff'0428    0x14  GPIO.o [1]
      .data            inited   0x1fff'043c     0x4  image_deal.o [1]
      .data            inited   0x1fff'0440     0x8  MecanumWheelControl.o [1]
      .data            inited   0x1fff'0448    0x10  MecanumWheelControl.o [1]
      .data            inited   0x1fff'0458     0x4  MecanumWheelControl.o [1]
      .data            inited   0x1fff'045c     0x4  MecanumWheelControl.o [1]
      .data            inited   0x1fff'0460    0x10  MecanumWheelControl.o [1]
      .data            inited   0x1fff'0470    0x10  MecanumWheelControl.o [1]
      .data            inited   0x1fff'0480     0x4  MecanumWheelControl.o [1]
      .data            inited   0x1fff'0484     0x4  MecanumWheelControl.o [1]
      .data            inited   0x1fff'0488     0x4  MecanumWheelControl.o [1]
      .data            inited   0x1fff'048c    0x24  SEEKFREE_MT9V032.o [1]
      .data            inited   0x1fff'04b0     0xc  SPI.o [1]
      .data            inited   0x1fff'04bc    0x14  UART.o [1]
      .data            inited   0x1fff'04d0     0x8  XShttio.o [2]
      .data            inited   0x1fff'04d8     0x1  SEEKFREE_MT9V032.o [1]
                              - 0x1fff'04dc    0xcc

"P2", part 2 of 3:                           0x5d74
  .bss                          0x1fff'04dc  0x5d74  <Block>
    .bss               zero     0x1fff'04dc    0x10  DebugFuction.o [1]
    .bss               zero     0x1fff'04ec     0x4  DebugFuction.o [1]
    .bss               zero     0x1fff'04f0     0x4  DebugFuction.o [1]
    .bss               zero     0x1fff'04f4     0x4  DebugFuction.o [1]
    .bss               zero     0x1fff'04f8     0xc  DebugFuction.o [1]
    .bss               zero     0x1fff'0504     0xc  DebugFuction.o [1]
    .bss               zero     0x1fff'0510     0x4  DebugFuction.o [1]
    .bss               zero     0x1fff'0514    0x40  DMA.o [1]
    .bss               zero     0x1fff'0554    0x78  image_deal.o [1]
    .bss               zero     0x1fff'05cc    0x78  image_deal.o [1]
    .bss               zero     0x1fff'0644    0x78  image_deal.o [1]
    .bss               zero     0x1fff'06bc    0x78  image_deal.o [1]
    .bss               zero     0x1fff'0734    0x78  image_deal.o [1]
    .bss               zero     0x1fff'07ac    0x78  image_deal.o [1]
    .bss               zero     0x1fff'0824    0x78  image_deal.o [1]
    .bss               zero     0x1fff'089c     0x4  image_deal.o [1]
    .bss               zero     0x1fff'08a0     0x4  image_deal.o [1]
    .bss               zero     0x1fff'08a4     0x4  main.o [1]
    .bss               zero     0x1fff'08a8   0x120  MecanumWheelControl.o [1]
    .bss               zero     0x1fff'09c8    0x10  MecanumWheelControl.o [1]
    .bss               zero     0x1fff'09d8    0x10  MecanumWheelControl.o [1]
    .bss               zero     0x1fff'09e8    0x10  MecanumWheelControl.o [1]
    .bss               zero     0x1fff'09f8     0xc  MecanumWheelControl.o [1]
    .bss               zero     0x1fff'0a04    0x10  MecanumWheelControl.o [1]
    .bss               zero     0x1fff'0a14     0x4  PLL.o [1]
    .bss               zero     0x1fff'0a18     0x4  PLL.o [1]
    .bss               zero     0x1fff'0a1c  0x5820  SEEKFREE_MT9V032.o [1]
    .bss               zero     0x1fff'623c     0x4  SEEKFREE_MT9V032.o [1]
    .bss               zero     0x1fff'6240     0x1  DebugFuction.o [1]
    .bss               zero     0x1fff'6241     0x1  DebugFuction.o [1]
    .bss               zero     0x1fff'6242     0x1  image_deal.o [1]
    .bss               zero     0x1fff'6243     0x1  image_deal.o [1]
    .bss               zero     0x1fff'6244     0x1  image_deal.o [1]
    .bss               zero     0x1fff'6245     0x1  image_deal.o [1]
    .bss               zero     0x1fff'6246     0x1  image_deal.o [1]
    .bss               zero     0x1fff'6247     0x1  image_deal.o [1]
    .bss               zero     0x1fff'6248     0x1  SEEKFREE_MT9V032.o [1]
    .bss               zero     0x1fff'6249     0x1  SEEKFREE_MT9V032.o [1]
    .bss               zero     0x1fff'624a     0x1  SEEKFREE_MT9V032.o [1]
    .bss               zero     0x1fff'624b     0x1  TFTDriver.o [1]
    .bss               zero     0x1fff'624c     0x1  TFTDriver.o [1]
    .bss               zero     0x1fff'624d     0x1  XShttio.o [2]
                              - 0x1fff'6250  0x5d74

"P2", part 3 of 3:                              0x0
  CodeRelocateRam               0x1fff'6250     0x0  <Block>

Unused ranges:

         From           To      Size
         ----           --      ----
        0x1d0        0x40f     0x240
       0x4444    0x10'0000  0xf'bbbd
  0x1000'0000  0x1004'0000  0x4'0001
  0x1fff'6250  0x2003'0000  0x3'9db1


*******************************************************************************
*** INIT TABLE
***

          Address      Size
          -------      ----
Zero (__iar_zero_init3)
    1 destination range, total size 0x5d72:
          0x1fff'04dc  0x5d72



*******************************************************************************
*** MODULE SUMMARY
***

    Module                 ro code  ro data  rw data
    ------                 -------  -------  -------
command line/config:
    ------------------------------------------------
    Total:

D:\智能车\麦轮信标\程序\K66框架\K66Framework\K66程序-整合\Debug\Obj: [1]
    DMA.o                    1 216                64
    DebugFuction.o           1 080       20       62
    FTM.o                      908
    GPIO.o                     588       40       40
    LPTMR.o                     96
    LQ12864.o                1 000      552
    LQLED.o                    456
    MecanumWheelControl.o    1 268       76      440
    PIT.o                      132
    PLL.o                      328                 8
    SEEKFREE_MT9V032.o         396       37   22 604
    SPI.o                      808       80       12
    TFTDriver.o              1 486    1 520        2
    UART.o                     836       40       20
    common.o                   100
    crt0.o                     124
    image_deal.o               592        4      858
    main.o                     564       24        4
    start.o                    180
    vectors.o                  280      728
    wdog.o                      52
    ------------------------------------------------
    Total:                  12 490    3 121   24 114

dl7M_tln.a: [2]
    XShttio.o                   60        8        9
    abs.o                        8
    exit.o                       4
    low_level_init.o             4
    printf.o                    40
    putchar.o                   32
    sprintf.o                   64
    xprintftiny.o              318
    xprout.o                    22
    xsprout.o                   10
    ------------------------------------------------
    Total:                     562        8        9

m7M_tls.a: [3]
    fpinit_M.o                  34
    ------------------------------------------------
    Total:                      34

rt7M_tl.a: [4]
    ABImemclr4.o                 6
    ABImemcpy.o                134
    ABImemset48.o               50
    cexit.o                     10
    cmain.o                     30
    cstartup_M.o                12
    data_init.o                 40
    strlen.o                    54
    zero_init3.o                58
    ------------------------------------------------
    Total:                     394

shb_l.a: [5]
    dwrite.o                    30
    exit.o                      20
    iarttio.o                  128
    iarwrite.o                  34
    iarwstd.o                   32
    write.o                     16
    ------------------------------------------------
    Total:                     260

    Gaps                        10        2
    Linker created                       19
----------------------------------------------------
    Grand Total:            13 750    3 150   24 123


*******************************************************************************
*** ENTRY LIST
***

Entry                       Address    Size  Type      Object
-----                       -------    ----  ----      ------
.bss$$Base              0x1fff'04dc           --   Gb  - Linker created -
.bss$$Limit             0x1fff'6250           --   Gb  - Linker created -
.data$$Base             0x1fff'0410           --   Gb  - Linker created -
.data$$Limit            0x1fff'04dc           --   Gb  - Linker created -
.data_init$$Base             0x3ef4           --   Gb  - Linker created -
.data_init$$Limit            0x3fc0           --   Gb  - Linker created -
.iar.init_table$$Base        0x4264           --   Gb  - Linker created -
.iar.init_table$$Limit       0x4274           --   Gb  - Linker created -
?main                        0x42e5          Code  Gb  cmain.o [4]
Button                  0x1fff'0410     0x4  Data  Gb  DebugFuction.o [1]
ButtonInit                   0x1a01    0x24  Code  Gb  DebugFuction.o [1]
ButtonMenu                   0x1afd    0x8c  Code  Gb  DebugFuction.o [1]
ButtonOnceBuffFlag      0x1fff'04f8     0xc  Data  Gb  DebugFuction.o [1]
ButtonOnceFlag          0x1fff'0504     0xc  Data  Gb  DebugFuction.o [1]
ButtonScan_interrupt         0x1a27    0xd4  Code  Gb  DebugFuction.o [1]
CRC_CHECK                    0x1785    0x4c  Code  Gb  DebugFuction.o [1]
CalTargetSpeed_EachWheel
                             0x2a57    0x64  Code  Gb  MecanumWheelControl.o [1]
CodeRelocate$$Base            0x1d0           --   Gb  - Linker created -
CodeRelocate$$Limit           0x1d0           --   Gb  - Linker created -
CodeRelocateRam$$Base   0x1fff'6250           --   Gb  - Linker created -
CodeRelocateRam$$Limit  0x1fff'6250           --   Gb  - Linker created -
ControlValue_Closeloop  0x1fff'0a04    0x10  Data  Gb  MecanumWheelControl.o [1]
DMA_CH4_Handler              0x246b    0x1c  Code  Gb  DMA.o [1]
DMA_Count_Get                0x243d    0x18  Code  Gb  DMA.o [1]
DMA_Count_Init               0x2277   0x1c6  Code  Gb  DMA.o [1]
DMA_Count_Reset              0x2455    0x16  Code  Gb  DMA.o [1]
DMA_PORTx2BUFF_Init          0x1ff9   0x27e  Code  Gb  DMA.o [1]
EXTI_Init                    0x1169    0x5e  Code  Gb  GPIO.o [1]
EncoderDirectionPort    0x1fff'0460    0x10  Data  Gb  MecanumWheelControl.o [1]
EncoderMeasure_Init          0x2b45    0x46  Code  Gb  MecanumWheelControl.o [1]
Encoder_DMAChannel      0x1fff'0458     0x4  Data  Gb  MecanumWheelControl.o [1]
Encoder_Direction       0x1fff'0480     0x4  Data  Gb  MecanumWheelControl.o [1]
Encoder_PORT            0x1fff'045c     0x4  Data  Gb  MecanumWheelControl.o [1]
Encoder_PORTIndex_Direction
                        0x1fff'0470    0x10  Data  Gb  MecanumWheelControl.o [1]
F6x8                         0x3b8c   0x228  Data  Gb  LQ12864.o [1]
FTM0_interrupt               0x30ad     0xe  Code  Gb  FTM.o [1]
FTM1_interrupt               0x30bb     0xe  Code  Gb  FTM.o [1]
FTM2_interrupt               0x30c9     0xe  Code  Gb  FTM.o [1]
FTMType_Use             0x1fff'0448    0x10  Data  Gb  MecanumWheelControl.o [1]
FTM_PWM_Duty                 0x3043    0x6a  Code  Gb  FTM.o [1]
FTM_PWM_Init                 0x2dc9   0x27a  Code  Gb  FTM.o [1]
First_Find              0x1fff'0554    0x78  Data  Gb  image_deal.o [1]
Flag_Reverse            0x1fff'0484     0x4  Data  Gb  MecanumWheelControl.o [1]
GPIOX                   0x1fff'0414    0x14  Data  Gb  GPIO.o [1]
GPIO_Ctrl                    0x111d    0x22  Code  Gb  GPIO.o [1]
GPIO_Get                     0x114d    0x1c  Code  Gb  GPIO.o [1]
GPIO_Init                    0x1099    0x84  Code  Gb  GPIO.o [1]
GPIO_Reverse                 0x113f     0xe  Code  Gb  GPIO.o [1]
GetPIDControlValue           0x2907   0x120  Code  Gb  MecanumWheelControl.o [1]
GetSpeed                     0x2b8b    0x4c  Code  Gb  MecanumWheelControl.o [1]
ImageDealState_Now      0x1fff'6249     0x1  Data  Gb  SEEKFREE_MT9V032.o [1]
Init_All                     0x37f9    0xea  Code  Gb  main.o [1]
LCD_DLY_ms                   0x3263    0x16  Code  Gb  LQ12864.o [1]
LCD_Fill                     0x3223    0x40  Code  Gb  LQ12864.o [1]
LCD_Init                     0x3279   0x10c  Code  Gb  LQ12864.o [1]
LCD_P6x8Str                  0x3385    0x72  Code  Gb  LQ12864.o [1]
LCD_PrintFloat_31            0x33f7   0x13e  Code  Gb  LQ12864.o [1]
LCD_Set_Pos                  0x31f3    0x30  Code  Gb  LQ12864.o [1]
LCD_WrCmd                    0x31a5    0x4e  Code  Gb  LQ12864.o [1]
LCD_WrDat                    0x3155    0x4e  Code  Gb  LQ12864.o [1]
LCD_WriteData_16Bit           0xadb    0x4a  Code  Gb  TFTDriver.o [1]
LED_Ctrl                     0x2599   0x184  Code  Gb  LQLED.o [1]
LED_Init                     0x2565    0x34  Code  Gb  LQLED.o [1]
LPTMR_Interrupt              0x1fd1    0x16  Code  Gb  LPTMR.o [1]
LPTMR_delay_ms               0x1f99    0x38  Code  Gb  LPTMR.o [1]
Lcd_SetRegion                 0xb25    0x5e  Code  Gb  TFTDriver.o [1]
Lcd_WriteData                 0xab1    0x2a  Code  Gb  TFTDriver.o [1]
Lcd_WriteIndex                0xa87    0x2a  Code  Gb  TFTDriver.o [1]
Left                    0x1fff'05cc    0x78  Data  Gb  image_deal.o [1]
Left_Flag               0x1fff'0734    0x78  Data  Gb  image_deal.o [1]
MT9V032_CFG             0x1fff'048c    0x24  Data  Gb  SEEKFREE_MT9V032.o [1]
Mid                     0x1fff'0644    0x78  Data  Gb  image_deal.o [1]
Mid_Flag                0x1fff'0824    0x78  Data  Gb  image_deal.o [1]
MotorOutput                  0x2abb    0x8a  Code  Gb  MecanumWheelControl.o [1]
NVIC_EnableIRQ               0x24b9    0x14  Code  Lc  common.o [1]
NVIC_EnableIRQ               0x1085    0x14  Code  Lc  GPIO.o [1]
NVIC_EnableIRQ               0x3b09    0x14  Code  Lc  PIT.o [1]
NVIC_EnableIRQ               0x1c55    0x16  Code  Lc  UART.o [1]
NVIC_SetPriority             0x24cd    0x24  Code  Lc  common.o [1]
OutData                 0x1fff'04dc    0x10  Data  Gb  DebugFuction.o [1]
OutPut_Data                  0x17d1    0xd4  Code  Gb  DebugFuction.o [1]
PIDControl_Constructor       0x28d5    0x32  Code  Gb  MecanumWheelControl.o [1]
PIDControl_FunctionDefine
                             0x2a35    0x14  Code  Gb  MecanumWheelControl.o [1]
PID_init                     0x2d1b    0x62  Code  Gb  MecanumWheelControl.o [1]
PIT0_Interrupt               0x38e3    0x5e  Code  Gb  main.o [1]
PIT1_Interrupt               0x3941    0x14  Code  Gb  main.o [1]
PIT2_Interrupt               0x3955     0xc  Code  Gb  main.o [1]
PIT3_Interrupt               0x3961     0xc  Code  Gb  main.o [1]
PIT_Init                     0x3b1d    0x60  Code  Gb  PIT.o [1]
PLL_Init                     0x39c1   0x148  Code  Gb  PLL.o [1]
PORTA_Interrupt              0x11c7    0x30  Code  Gb  GPIO.o [1]
PORTB_Interrupt              0x11f7    0x30  Code  Gb  GPIO.o [1]
PORTC_Interrupt              0x1227    0x20  Code  Gb  GPIO.o [1]
PORTD_Interrupt              0x1247    0x30  Code  Gb  GPIO.o [1]
PORTE_Interrupt              0x1277    0x20  Code  Gb  GPIO.o [1]
PORTX                   0x1fff'0428    0x14  Data  Gb  GPIO.o [1]
Para_Refresh                 0x2a27     0xe  Code  Gb  MecanumWheelControl.o [1]
QuitSetFlag             0x1fff'0510     0x4  Data  Gb  DebugFuction.o [1]
RS_Now                  0x1fff'09f8     0xc  Data  Gb  MecanumWheelControl.o [1]
ReceiveBuff             0x1fff'04f0     0x4  Data  Gb  DebugFuction.o [1]
ReceiveCMD_Remote            0x18d5   0x12c  Code  Gb  DebugFuction.o [1]
ReceiveIndex            0x1fff'04ec     0x4  Data  Gb  DebugFuction.o [1]
Region$$Table$$Base          0x4264           --   Gb  - Linker created -
Region$$Table$$Limit         0x4274           --   Gb  - Linker created -
RemoteInit                   0x18c1    0x14  Code  Gb  DebugFuction.o [1]
Remote_Speed            0x1fff'0488     0x4  Data  Gb  MecanumWheelControl.o [1]
Reset                        0x353d    0x36  Code  Gb  image_deal.o [1]
Right                   0x1fff'06bc    0x78  Data  Gb  image_deal.o [1]
Right_Flag              0x1fff'07ac    0x78  Data  Gb  image_deal.o [1]
RunMode                 0x1fff'6241     0x1  Data  Gb  DebugFuction.o [1]
SEND                         0x18a5    0x1c  Code  Gb  DebugFuction.o [1]
SPIN                    0x1fff'04b0     0xc  Data  Gb  SPI.o [1]
SetSpeed_FromRemote          0x2bed   0x12e  Code  Gb  MecanumWheelControl.o [1]
SetTargetSpeed_Car           0x2a49     0xe  Code  Gb  MecanumWheelControl.o [1]
SpeedClean                   0x2bd7    0x16  Code  Gb  MecanumWheelControl.o [1]
SpeedCount              0x1fff'09d8    0x10  Data  Gb  MecanumWheelControl.o [1]
Speed_get               0x1fff'09e8    0x10  Data  Gb  MecanumWheelControl.o [1]
StartReceive            0x1fff'6240     0x1  Data  Gb  DebugFuction.o [1]
TFTSPI                  0x1fff'624b     0x1  Data  Gb  TFTDriver.o [1]
TFTSPICS                0x1fff'624c     0x1  Data  Gb  TFTDriver.o [1]
TFT_init                      0xbb9   0x280  Code  Gb  TFTDriver.o [1]
TFT_showchar                  0xe39    0x8e  Code  Gb  TFTDriver.o [1]
TFT_showint8                  0xf2b    0x9c  Code  Gb  TFTDriver.o [1]
TFT_showstr                   0xee1    0x4a  Code  Gb  TFTDriver.o [1]
TimeCount_test          0x1fff'08a4     0x4  Data  Gb  main.o [1]
UART0_IRQHandler             0x1ec9     0x8  Code  Gb  UART.o [1]
UART1_IRQHandler             0x1ed1    0x24  Code  Gb  UART.o [1]
UART2_IRQHandler             0x15f9    0x38  Code  Gb  SEEKFREE_MT9V032.o [1]
UART3_IRQHandler             0x1ef5    0x24  Code  Gb  UART.o [1]
UART4_IRQHandler             0x1f19    0x24  Code  Gb  UART.o [1]
UARTN                   0x1fff'04bc    0x14  Data  Gb  UART.o [1]
UART_Get_Char                0x1e03    0x1a  Code  Gb  UART.o [1]
UART_Init                    0x1c6b   0x198  Code  Gb  UART.o [1]
UART_Irq_En                  0x1e57    0x72  Code  Gb  UART.o [1]
UART_Put_Buff                0x1e37    0x20  Code  Gb  UART.o [1]
UART_Put_Char                0x1e1d    0x1a  Code  Gb  UART.o [1]
VSYNC                        0x16ed    0x56  Code  Gb  SEEKFREE_MT9V032.o [1]
WheelControl            0x1fff'08a8   0x120  Data  Gb  MecanumWheelControl.o [1]
Wheels_FTMChannel       0x1fff'0440     0x8  Data  Gb  MecanumWheelControl.o [1]
_PrintfTiny                  0x2777   0x126  Code  Gb  xprintftiny.o [2]
_Prout                       0x4345    0x16  Code  Gb  xprout.o [2]
_SProut                      0x1c4b     0xa  Code  Gb  xsprout.o [2]
__BOOT_STACK_ADDRESS {Abs}
                        0x2002'fff8          Data  Gb  <internal module>
__VECTOR_RAM {Abs}      0x1fff'0000          Data  Gb  <internal module>
__VECTOR_TABLE {Abs}            0x0          Data  Gb  <internal module>
__aeabi_memclr4              0x251d          Code  Gb  ABImemclr4.o [4]
__aeabi_memcpy4              0x1bbd          Code  Gb  ABImemcpy.o [4]
__aeabi_memcpy8              0x1bbd          Code  Gb  ABImemcpy.o [4]
__cmain                      0x42e5          Code  Gb  cmain.o [4]
__dwrite                     0x42a5    0x1e  Code  Gb  dwrite.o [5]
__exit                       0x4319    0x14  Code  Gb  exit.o [5]
__hard_fault_handler_asm
                              0x44d          Code  Gb  crt0.o [1]
__iar_Memset4_word           0x272d          Code  Gb  ABImemset48.o [4]
__iar_Memset8_word           0x272d          Code  Gb  ABImemset48.o [4]
__iar_close_ttio             0x40a9    0x2e  Code  Gb  iarttio.o [5]
__iar_data_init3             0x41d5    0x28  Code  Gb  data_init.o [4]
__iar_get_ttio               0x40d9    0x4c  Code  Gb  iarttio.o [5]
__iar_init_vfp               0x4221          Code  Gb  fpinit_M.o [3]
__iar_lookup_ttioh           0x4157     0x4  Code  Gb  XShttio.o [2]
__iar_program_start          0x4435          Code  Gb  cstartup_M.o [4]
__iar_sh_stdout              0x42c3    0x20  Code  Gb  iarwstd.o [5]
__iar_sh_write               0x4243    0x22  Code  Gb  iarwrite.o [5]
__iar_ttio_guard_lock        0x4129    0x1e  Code  Gb  XShttio.o [2]
__iar_ttio_guard_unlock
                             0x4147    0x10  Code  Gb  XShttio.o [2]
__iar_ttio_handles      0x1fff'04d0     0x8  Data  Lc  XShttio.o [2]
__iar_zero_init3             0x104b    0x3a  Code  Gb  zero_init3.o [4]
__low_level_init             0x4303     0x4  Code  Gb  low_level_init.o [2]
__startup                     0x411          Code  Gb  crt0.o [1]
__vector_table                  0x0   0x1d0  Data  Gb  vectors.o [1]
__write                      0x4295    0x10  Code  Gb  write.o [5]
_call_main                   0x42f1          Code  Gb  cmain.o [4]
_exit                        0x430d          Code  Gb  cexit.o [4]
_main                        0x42ff          Code  Gb  cmain.o [4]
abort_isr                    0x3dc5    0x14  Code  Gb  vectors.o [1]
abs                          0x1c43     0x8  Code  Gb  abs.o [2]
bottom_row              0x1fff'6243     0x1  Data  Gb  image_deal.o [1]
bus_clk_M               0x1fff'0a18     0x4  Data  Gb  PLL.o [1]
camera_init                  0x1631    0xbc  Code  Gb  SEEKFREE_MT9V032.o [1]
common_startup               0x3fdb    0x6e  Code  Gb  start.o [1]
core_clk_M              0x1fff'0a14     0x4  Data  Gb  PLL.o [1]
count_init              0x1fff'0514    0x40  Data  Gb  DMA.o [1]
default_isr                  0x3db5    0x10  Code  Gb  vectors.o [1]
displayimage032               0xfc7    0x84  Code  Gb  TFTDriver.o [1]
dsp_single_colour             0xb83    0x36  Code  Gb  TFTDriver.o [1]
enable_irq                   0x2509     0xa  Code  Gb  common.o [1]
everage_piancha         0x1fff'08a0     0x4  Data  Gb  image_deal.o [1]
exit                         0x4307     0x4  Code  Gb  exit.o [2]
find_light                   0x3573    0x66  Code  Gb  image_deal.o [1]
find_loop                    0x3719    0x26  Code  Gb  image_deal.o [1]
find_loop_flag          0x1fff'6246     0x1  Data  Gb  image_deal.o [1]
flag_remote             0x1fff'04f4     0x4  Data  Gb  DebugFuction.o [1]
found_flag              0x1fff'6244     0x1  Data  Gb  image_deal.o [1]
hard_fault_handler_c         0x3dd9    0x96  Code  Gb  vectors.o [1]
image                   0x1fff'0a1c  0x5820  Data  Gb  SEEKFREE_MT9V032.o [1]
light_delay_flag        0x1fff'6245     0x1  Data  Gb  image_deal.o [1]
light_flag              0x1fff'6247     0x1  Data  Gb  image_deal.o [1]
main                         0x378d    0x6c  Code  Gb  main.o [1]
mid_findlight                0x35dd   0x13c  Code  Gb  image_deal.o [1]
mt9v032_finish_flag     0x1fff'624a     0x1  Data  Gb  SEEKFREE_MT9V032.o [1]
out                          0x275f    0x18  Code  Lc  xprintftiny.o [2]
printf                       0x3ecd    0x28  Code  Gb  printf.o [2]
putchar                      0x4275    0x20  Code  Gb  putchar.o [2]
receive                 0x1fff'623c     0x4  Data  Gb  SEEKFREE_MT9V032.o [1]
receive_num             0x1fff'6248     0x1  Data  Gb  SEEKFREE_MT9V032.o [1]
row_finished                 0x1743     0x8  Code  Gb  SEEKFREE_MT9V032.o [1]
set_irq_priority             0x2513     0xa  Code  Gb  common.o [1]
set_pit                       0x45f          Code  Gb  crt0.o [1]
spi_init                     0x12d1   0x1b6  Code  Gb  SPI.o [1]
spi_mosi                     0x1487   0x11c  Code  Gb  SPI.o [1]
sprintf                      0x2525    0x40  Code  Gb  sprintf.o [2]
start                        0x3fc1    0x1a  Code  Gb  start.o [1]
strlen                       0x289d          Code  Gb  strlen.o [4]
temp_Speed              0x1fff'09c8    0x10  Data  Gb  MecanumWheelControl.o [1]
temp_piancha            0x1fff'089c     0x4  Data  Gb  image_deal.o [1]
tft_ascii                     0x48c   0x5f0  Data  Gb  TFTDriver.o [1]
tft_delay                     0xa7d     0xa  Code  Gb  TFTDriver.o [1]
time                    0x1fff'043c     0x4  Data  Gb  image_deal.o [1]
top_row                 0x1fff'6242     0x1  Data  Gb  image_deal.o [1]
ttio_guard              0x1fff'624d     0x1  Data  Lc  XShttio.o [2]
uart_receive_flag       0x1fff'04d8     0x1  Data  Gb  SEEKFREE_MT9V032.o [1]
wdog_disable                 0x4075    0x14  Code  Gb  wdog.o [1]
wdog_unlock                  0x408d    0x14  Code  Gb  wdog.o [1]
write_vtor                   0x24f1     0x6  Code  Gb  common.o [1]


[1] = D:\智能车\麦轮信标\程序\K66框架\K66Framework\K66程序-整合\Debug\Obj
[2] = dl7M_tln.a
[3] = m7M_tls.a
[4] = rt7M_tl.a
[5] = shb_l.a

  13 750 bytes of readonly  code memory
   3 150 bytes of readonly  data memory
  24 123 bytes of readwrite data memory

Errors: none
Warnings: none
