###############################################################################
#
# IAR ELF Linker V8.30.1.114/W32 for ARM                  02/May/2019  20:54:06
# Copyright 2007-2018 IAR Systems AB.
#
#    Output file  =  
#        D:\智能车\麦轮信标\程序\K66框架\K66Framework\K66程序-主控\Debug\Exe\LQ_K66FX_LPTMR.out
#    Map file     =  
#        D:\智能车\麦轮信标\程序\K66框架\K66Framework\K66程序-主控\Debug\List\LQ_K66FX_LPTMR.map
#    Command line =  
#        -f C:\Users\zhuzh\AppData\Local\Temp\EW72BF.tmp
#        (D:\智能车\麦轮信标\程序\K66框架\K66Framework\K66程序-主控\Debug\Obj\ADC.o
#        D:\智能车\麦轮信标\程序\K66框架\K66Framework\K66程序-主控\Debug\Obj\AttitudeCalculation.o
#        D:\智能车\麦轮信标\程序\K66框架\K66Framework\K66程序-主控\Debug\Obj\common.o
#        D:\智能车\麦轮信标\程序\K66框架\K66Framework\K66程序-主控\Debug\Obj\crt0.o
#        D:\智能车\麦轮信标\程序\K66框架\K66Framework\K66程序-主控\Debug\Obj\DebugFuction.o
#        D:\智能车\麦轮信标\程序\K66框架\K66Framework\K66程序-主控\Debug\Obj\DMA.o
#        D:\智能车\麦轮信标\程序\K66框架\K66Framework\K66程序-主控\Debug\Obj\FTM.o
#        D:\智能车\麦轮信标\程序\K66框架\K66Framework\K66程序-主控\Debug\Obj\GPIO.o
#        D:\智能车\麦轮信标\程序\K66框架\K66Framework\K66程序-主控\Debug\Obj\I2C.o
#        D:\智能车\麦轮信标\程序\K66框架\K66Framework\K66程序-主控\Debug\Obj\image_deal.o
#        D:\智能车\麦轮信标\程序\K66框架\K66Framework\K66程序-主控\Debug\Obj\LPTMR.o
#        D:\智能车\麦轮信标\程序\K66框架\K66Framework\K66程序-主控\Debug\Obj\LQ12864.o
#        D:\智能车\麦轮信标\程序\K66框架\K66Framework\K66程序-主控\Debug\Obj\LQKEY.o
#        D:\智能车\麦轮信标\程序\K66框架\K66Framework\K66程序-主控\Debug\Obj\LQLED.o
#        D:\智能车\麦轮信标\程序\K66框架\K66Framework\K66程序-主控\Debug\Obj\main.o
#        D:\智能车\麦轮信标\程序\K66框架\K66Framework\K66程序-主控\Debug\Obj\MecanumWheelControl.o
#        D:\智能车\麦轮信标\程序\K66框架\K66Framework\K66程序-主控\Debug\Obj\MPU6050Drive.o
#        D:\智能车\麦轮信标\程序\K66框架\K66Framework\K66程序-主控\Debug\Obj\PIT.o
#        D:\智能车\麦轮信标\程序\K66框架\K66Framework\K66程序-主控\Debug\Obj\PLL.o
#        D:\智能车\麦轮信标\程序\K66框架\K66Framework\K66程序-主控\Debug\Obj\RTC.o
#        D:\智能车\麦轮信标\程序\K66框架\K66Framework\K66程序-主控\Debug\Obj\SEEKFREE_MT9V032.o
#        D:\智能车\麦轮信标\程序\K66框架\K66Framework\K66程序-主控\Debug\Obj\SPI.o
#        D:\智能车\麦轮信标\程序\K66框架\K66Framework\K66程序-主控\Debug\Obj\start.o
#        D:\智能车\麦轮信标\程序\K66框架\K66Framework\K66程序-主控\Debug\Obj\Systick.o
#        D:\智能车\麦轮信标\程序\K66框架\K66Framework\K66程序-主控\Debug\Obj\TFTDriver.o
#        D:\智能车\麦轮信标\程序\K66框架\K66Framework\K66程序-主控\Debug\Obj\UART.o
#        D:\智能车\麦轮信标\程序\K66框架\K66Framework\K66程序-主控\Debug\Obj\vectors.o
#        D:\智能车\麦轮信标\程序\K66框架\K66Framework\K66程序-主控\Debug\Obj\wdog.o
#        --no_out_extension -o
#        D:\智能车\麦轮信标\程序\K66框架\K66Framework\K66程序-主控\Debug\Exe\LQ_K66FX_LPTMR.out
#        --map
#        D:\智能车\麦轮信标\程序\K66框架\K66Framework\K66程序-主控\Debug\List\LQ_K66FX_LPTMR.map
#        --config
#        D:\智能车\麦轮信标\程序\K66框架\K66Framework\K66程序-主控\src\Project_Setting\Linker_Files\LQK66FLASH1M.icf
#        --semihosting --entry __iar_program_start --vfe --text_out locale)
#
###############################################################################

*******************************************************************************
*** RUNTIME MODEL ATTRIBUTES
***

CppFlavor       = *
__SystemLibrary = DLib
__dlib_version  = 6


*******************************************************************************
*** HEAP SELECTION
***

The basic heap was selected because no calls to memory allocation
functions were found in the application outside of system library
functions, and there are calls to deallocation functions in the
application.


*******************************************************************************
*** PLACEMENT SUMMARY
***

"A0":  place at 0x0 { ro section .intvec };
"A1":  place at 0x410 { ro section .noinit };
define block CodeRelocate { section .textrw_init };
"P1":  place in [from 0x0 to 0x10'0000] |
                [from 0x1000'0000 to 0x1004'0000] { ro, block CodeRelocate };
define block CodeRelocateRam { section .textrw };
define block CSTACK with size = 8K, alignment = 8 { };
define block HEAP with size = 16K, alignment = 8 { };
"P2":  place in [from 0x1fff'0410 to 0x2003'0000] {
          rw, block CodeRelocateRam, block CSTACK, block HEAP };
initialize manually with packing = copy, complex ranges { section .data };

No sections matched the following patterns:

  section .textrw       in block CodeRelocateRam
  section .textrw_init  in block CodeRelocate


  Section              Kind         Address    Size  Object
  -------              ----         -------    ----  ------
"A0":                                         0x1d0
  .intvec              const            0x0   0x1d0  vectors.o [1]
                                    - 0x1d0   0x1d0

"P1", part 1 of 3:                              0x0
  .rodata              const          0x1d0     0x0  zero_init3.o [4]

"P1", part 2 of 3:                              0x0
  CodeRelocate                        0x1d0     0x0  <Block>

"A1":                                          0x7c
  .noinit              ro code        0x410    0x7c  crt0.o [1]
                                    - 0x48c    0x7c

"P1", part 3 of 3:                           0x4d4c
  .text                ro code        0x48c   0x6c4  TFTDriver.o [1]
  .text                ro code        0xb50   0x24c  GPIO.o [1]
  .text                ro code        0xd9c   0x328  SPI.o [1]
  .text                ro code       0x10c4    0xc4  SEEKFREE_MT9V032.o [1]
  .text                ro code       0x1188   0x504  DebugFuction.o [1]
  .text                ro code       0x168c    0x86  ABImemcpy.o [4]
  .text                ro code       0x1712     0x8  abs.o [2]
  .text                ro code       0x171a    0x3a  zero_init3.o [4]
  .text                ro code       0x1754   0x320  UART.o [1]
  .text                ro code       0x1a74    0x2e  common.o [1]
  .text                ro code       0x1aa2     0xa  xsprout.o [2]
  .text                ro code       0x1aac   0x5d4  MecanumWheelControl.o [1]
  .text                ro code       0x2080   0x1c2  ADC.o [1]
  .text                ro code       0x2244    0x1a  U32ToDbl.o [3]
  .text                ro code       0x2260   0x1a2  DblMul.o [3]
  .text                ro code       0x2404   0x246  DblDiv.o [3]
  .text                ro code       0x264c    0x68  DblToFlt.o [3]
  .text                ro code       0x26b4   0x2ac  LQ12864.o [1]
  .text                ro code       0x2960    0x40  sprintf.o [2]
  .text                ro code       0x29a0   0x38c  FTM.o [1]
  .text                ro code       0x2d2c   0x244  DMA.o [1]
  .text                ro code       0x2f70   0x13e  xprintftiny.o [2]
  .text                ro code       0x30b0    0x36  strlen.o [4]
  .rodata              const         0x30e8   0x5f0  TFTDriver.o [1]
  .text                ro code       0x36d8   0x380  main.o [1]
  .text                ro code       0x3a58   0x1c8  LQLED.o [1]
  .text                ro code       0x3c20   0x2a8  image_deal.o [1]
  .text                ro code       0x3ec8   0x280  MPU6050Drive.o [1]
  .text                ro code       0x4148    0x68  AttitudeCalculation.o [1]
  .text                ro code       0x41b0   0x148  PLL.o [1]
  .text                ro code       0x42f8    0x84  PIT.o [1]
  .text                ro code       0x437c    0x48  FltToDbl.o [3]
  .text                ro code       0x43c4   0x17a  DblAdd.o [3]
  .text                ro code       0x4540   0x2c4  I2C.o [1]
  .text                ro code       0x4804    0xd2  DblSub.o [3]
  .rodata              const         0x48d8   0x228  LQ12864.o [1]
  .text                ro code       0x4b00   0x118  vectors.o [1]
  .text                ro code       0x4c18    0x28  printf.o [2]
  .data_init                         0x4c40    0xe8  <Block>
    Initializer bytes  const         0x4c40    0xe8  <for .data-1>
  .text                ro code       0x4d28    0xb4  start.o [1]
  .text                ro code       0x4ddc    0x34  wdog.o [1]
  .text                ro code       0x4e10    0x80  iarttio.o [5]
  .text                ro code       0x4e90    0x3c  XShttio.o [2]
  .rodata              const         0x4ecc    0x40  SPI.o [1]
  .rodata              const         0x4f0c    0x30  vectors.o [1]
  .text                ro code       0x4f3c    0x28  data_init.o [4]
  .rodata              const         0x4f64    0x24  vectors.o [1]
  .text                ro code       0x4f88    0x22  fpinit_M.o [3]
  .text                ro code       0x4faa    0x22  iarwrite.o [5]
  .iar.init_table      const         0x4fcc    0x10  - Linker created -
  .text                ro code       0x4fdc    0x20  putchar.o [2]
  .text                ro code       0x4ffc    0x10  write.o [5]
  .text                ro code       0x500c    0x1e  dwrite.o [5]
  .text                ro code       0x502a    0x20  iarwstd.o [5]
  .text                ro code       0x504c    0x1e  cmain.o [4]
  .text                ro code       0x506a     0x4  low_level_init.o [2]
  .text                ro code       0x506e     0x4  exit.o [2]
  .text                ro code       0x5074     0xa  cexit.o [4]
  .text                ro code       0x5080    0x14  exit.o [5]
  .text                ro code       0x5094    0x1c  LPTMR.o [1]
  .rodata              const         0x50b0    0x18  vectors.o [1]
  .text                ro code       0x50c8    0x16  xprout.o [2]
  .rodata              const         0x50e0    0x14  UART.o [1]
  .rodata              const         0x50f4    0x10  DebugFuction.o [1]
  .rodata              const         0x5104    0x10  DebugFuction.o [1]
  .rodata              const         0x5114     0xc  main.o [1]
  .rodata              const         0x5120     0xc  main.o [1]
  .rodata              const         0x512c     0xc  vectors.o [1]
  .rodata              const         0x5138     0xc  vectors.o [1]
  .rodata              const         0x5144     0xc  vectors.o [1]
  .rodata              const         0x5150     0xc  vectors.o [1]
  .rodata              const         0x515c     0xc  vectors.o [1]
  .rodata              const         0x5168     0xc  vectors.o [1]
  .rodata              const         0x5174     0xc  vectors.o [1]
  .rodata              const         0x5180     0xc  vectors.o [1]
  .rodata              const         0x518c     0xc  vectors.o [1]
  .rodata              const         0x5198     0xc  vectors.o [1]
  .rodata              const         0x51a4     0xc  vectors.o [1]
  .rodata              const         0x51b0     0xc  vectors.o [1]
  .rodata              const         0x51bc     0xc  vectors.o [1]
  .text                ro code       0x51c8     0xc  cstartup_M.o [4]
  .rodata              const         0x51d4     0x4  SPI.o [1]
                                   - 0x51d8  0x4d4c

"P2", part 1 of 3:                             0xe8
  .data                         0x1fff'0410    0xe8  <Block>
    .data-1                     0x1fff'0410    0xe6  <Init block>
      .data            inited   0x1fff'0410     0x4  AttitudeCalculation.o [1]
      .data            inited   0x1fff'0414     0x4  DebugFuction.o [1]
      .data            inited   0x1fff'0418    0x14  GPIO.o [1]
      .data            inited   0x1fff'042c    0x14  GPIO.o [1]
      .data            inited   0x1fff'0440     0x8  I2C.o [1]
      .data            inited   0x1fff'0448     0x4  image_deal.o [1]
      .data            inited   0x1fff'044c    0x10  main.o [1]
      .data            inited   0x1fff'045c    0x10  main.o [1]
      .data            inited   0x1fff'046c    0x10  main.o [1]
      .data            inited   0x1fff'047c     0x4  main.o [1]
      .data            inited   0x1fff'0480     0x4  main.o [1]
      .data            inited   0x1fff'0484     0x8  MecanumWheelControl.o [1]
      .data            inited   0x1fff'048c    0x10  MecanumWheelControl.o [1]
      .data            inited   0x1fff'049c     0x4  MecanumWheelControl.o [1]
      .data            inited   0x1fff'04a0     0x4  MecanumWheelControl.o [1]
      .data            inited   0x1fff'04a4    0x10  MecanumWheelControl.o [1]
      .data            inited   0x1fff'04b4    0x10  MecanumWheelControl.o [1]
      .data            inited   0x1fff'04c4     0x4  MecanumWheelControl.o [1]
      .data            inited   0x1fff'04c8     0x4  MecanumWheelControl.o [1]
      .data            inited   0x1fff'04cc     0xc  SPI.o [1]
      .data            inited   0x1fff'04d8    0x14  UART.o [1]
      .data            inited   0x1fff'04ec     0x8  XShttio.o [2]
      .data            inited   0x1fff'04f4     0x1  main.o [1]
      .data            inited   0x1fff'04f5     0x1  SEEKFREE_MT9V032.o [1]
                              - 0x1fff'04f8    0xe8

"P2", part 2 of 3:                           0x5f98
  .bss                          0x1fff'04f8  0x5f98  <Block>
    .bss               zero     0x1fff'04f8     0x4  AttitudeCalculation.o [1]
    .bss               zero     0x1fff'04fc     0x4  DebugFuction.o [1]
    .bss               zero     0x1fff'0500     0x4  DebugFuction.o [1]
    .bss               zero     0x1fff'0504     0x4  DebugFuction.o [1]
    .bss               zero     0x1fff'0508     0x4  DebugFuction.o [1]
    .bss               zero     0x1fff'050c     0x4  DebugFuction.o [1]
    .bss               zero     0x1fff'0510     0x4  DebugFuction.o [1]
    .bss               zero     0x1fff'0514     0xc  DebugFuction.o [1]
    .bss               zero     0x1fff'0520     0xc  DebugFuction.o [1]
    .bss               zero     0x1fff'052c     0x4  DebugFuction.o [1]
    .bss               zero     0x1fff'0530     0x4  DebugFuction.o [1]
    .bss               zero     0x1fff'0534    0x40  DMA.o [1]
    .bss               zero     0x1fff'0574    0x78  image_deal.o [1]
    .bss               zero     0x1fff'05ec    0x78  image_deal.o [1]
    .bss               zero     0x1fff'0664   0x1e0  image_deal.o [1]
    .bss               zero     0x1fff'0844    0x78  image_deal.o [1]
    .bss               zero     0x1fff'08bc    0x78  image_deal.o [1]
    .bss               zero     0x1fff'0934    0x78  image_deal.o [1]
    .bss               zero     0x1fff'09ac    0x78  image_deal.o [1]
    .bss               zero     0x1fff'0a24     0x4  image_deal.o [1]
    .bss               zero     0x1fff'0a28     0x4  image_deal.o [1]
    .bss               zero     0x1fff'0a2c     0x4  image_deal.o [1]
    .bss               zero     0x1fff'0a30     0x4  image_deal.o [1]
    .bss               zero     0x1fff'0a34     0x4  main.o [1]
    .bss               zero     0x1fff'0a38    0x10  main.o [1]
    .bss               zero     0x1fff'0a48     0x4  main.o [1]
    .bss               zero     0x1fff'0a4c     0x4  main.o [1]
    .bss               zero     0x1fff'0a50    0x10  main.o [1]
    .bss               zero     0x1fff'0a60     0x4  main.o [1]
    .bss               zero     0x1fff'0a64     0x4  main.o [1]
    .bss               zero     0x1fff'0a68     0x4  main.o [1]
    .bss               zero     0x1fff'0a6c     0x4  main.o [1]
    .bss               zero     0x1fff'0a70   0x120  MecanumWheelControl.o [1]
    .bss               zero     0x1fff'0b90    0x48  MecanumWheelControl.o [1]
    .bss               zero     0x1fff'0bd8    0x10  MecanumWheelControl.o [1]
    .bss               zero     0x1fff'0be8    0x10  MecanumWheelControl.o [1]
    .bss               zero     0x1fff'0bf8    0x10  MecanumWheelControl.o [1]
    .bss               zero     0x1fff'0c08     0xc  MecanumWheelControl.o [1]
    .bss               zero     0x1fff'0c14    0x10  MecanumWheelControl.o [1]
    .bss               zero     0x1fff'0c24    0x18  MPU6050Drive.o [1]
    .bss               zero     0x1fff'0c3c    0x18  MPU6050Drive.o [1]
    .bss               zero     0x1fff'0c54     0x4  PLL.o [1]
    .bss               zero     0x1fff'0c58     0x4  PLL.o [1]
    .bss               zero     0x1fff'0c5c  0x5820  SEEKFREE_MT9V032.o [1]
    .bss               zero     0x1fff'647c     0x4  SEEKFREE_MT9V032.o [1]
    .bss               zero     0x1fff'6480     0x1  DebugFuction.o [1]
    .bss               zero     0x1fff'6481     0x1  DebugFuction.o [1]
    .bss               zero     0x1fff'6482     0x1  DebugFuction.o [1]
    .bss               zero     0x1fff'6483     0x1  image_deal.o [1]
    .bss               zero     0x1fff'6484     0x1  image_deal.o [1]
    .bss               zero     0x1fff'6485     0x1  image_deal.o [1]
    .bss               zero     0x1fff'6486     0x1  image_deal.o [1]
    .bss               zero     0x1fff'6487     0x1  image_deal.o [1]
    .bss               zero     0x1fff'6488     0x1  image_deal.o [1]
    .bss               zero     0x1fff'6489     0x1  SEEKFREE_MT9V032.o [1]
    .bss               zero     0x1fff'648a     0x1  SEEKFREE_MT9V032.o [1]
    .bss               zero     0x1fff'648b     0x1  SEEKFREE_MT9V032.o [1]
    .bss               zero     0x1fff'648c     0x1  TFTDriver.o [1]
    .bss               zero     0x1fff'648d     0x1  TFTDriver.o [1]
    .bss               zero     0x1fff'648e     0x1  XShttio.o [2]
                              - 0x1fff'6490  0x5f98

"P2", part 3 of 3:                              0x0
  CodeRelocateRam               0x1fff'6490     0x0  <Block>

Unused ranges:

         From           To      Size
         ----           --      ----
        0x1d0        0x40f     0x240
       0x51d8    0x10'0000  0xf'ae29
  0x1000'0000  0x1004'0000  0x4'0001
  0x1fff'6490  0x2003'0000  0x3'9b71


*******************************************************************************
*** INIT TABLE
***

          Address      Size
          -------      ----
Zero (__iar_zero_init3)
    1 destination range, total size 0x5f97:
          0x1fff'04f8  0x5f97



*******************************************************************************
*** MODULE SUMMARY
***

    Module                 ro code  ro data  rw data
    ------                 -------  -------  -------
command line/config:
    ------------------------------------------------
    Total:

D:\智能车\麦轮信标\程序\K66框架\K66Framework\K66程序-主控\Debug\Obj: [1]
    ADC.o                      450
    AttitudeCalculation.o      104        4        8
    DMA.o                      580                64
    DebugFuction.o           1 284       36       63
    FTM.o                      908
    GPIO.o                     588       40       40
    I2C.o                      708        8        8
    LPTMR.o                     28
    LQ12864.o                  684      552
    LQLED.o                    456
    MPU6050Drive.o             640                48
    MecanumWheelControl.o    1 492       72      508
    PIT.o                      132
    PLL.o                      328                 8
    SEEKFREE_MT9V032.o         196        1   22 568
    SPI.o                      808       80       12
    TFTDriver.o              1 732    1 520        2
    UART.o                     800       40       20
    common.o                    46
    crt0.o                     124
    image_deal.o               680        4    1 226
    main.o                     896       81      117
    start.o                    180
    vectors.o                  280      728
    wdog.o                      52
    ------------------------------------------------
    Total:                  14 176    3 166   24 692

dl7M_tln.a: [2]
    XShttio.o                   60        8        9
    abs.o                        8
    exit.o                       4
    low_level_init.o             4
    printf.o                    40
    putchar.o                   32
    sprintf.o                   64
    xprintftiny.o              318
    xprout.o                    22
    xsprout.o                   10
    ------------------------------------------------
    Total:                     562        8        9

m7M_tls.a: [3]
    DblAdd.o                   378
    DblDiv.o                   582
    DblMul.o                   418
    DblSub.o                   210
    DblToFlt.o                 104
    FltToDbl.o                  72
    U32ToDbl.o                  26
    fpinit_M.o                  34
    ------------------------------------------------
    Total:                   1 824

rt7M_tl.a: [4]
    ABImemcpy.o                134
    cexit.o                     10
    cmain.o                     30
    cstartup_M.o                12
    data_init.o                 40
    strlen.o                    54
    zero_init3.o                58
    ------------------------------------------------
    Total:                     338

shb_l.a: [5]
    dwrite.o                    30
    exit.o                      20
    iarttio.o                  128
    iarwrite.o                  34
    iarwstd.o                   32
    write.o                     16
    ------------------------------------------------
    Total:                     260

    Gaps                        18        6
    Linker created                       18
----------------------------------------------------
    Grand Total:            17 178    3 198   24 701


*******************************************************************************
*** ENTRY LIST
***

Entry                       Address    Size  Type      Object
-----                       -------    ----  ----      ------
.bss$$Base              0x1fff'04f8           --   Gb  - Linker created -
.bss$$Limit             0x1fff'6490           --   Gb  - Linker created -
.data$$Base             0x1fff'0410           --   Gb  - Linker created -
.data$$Limit            0x1fff'04f8           --   Gb  - Linker created -
.data_init$$Base             0x4c40           --   Gb  - Linker created -
.data_init$$Limit            0x4d28           --   Gb  - Linker created -
.iar.init_table$$Base        0x4fcc           --   Gb  - Linker created -
.iar.init_table$$Limit       0x4fdc           --   Gb  - Linker created -
?main                        0x504d          Code  Gb  cmain.o [4]
ADC_Ave                      0x21fb    0x48  Code  Gb  ADC.o [1]
ADC_Init                     0x2081    0x3a  Code  Gb  ADC.o [1]
ADC_Mid                      0x2181    0x7a  Code  Gb  ADC.o [1]
ADC_Once                     0x210d    0x48  Code  Gb  ADC.o [1]
ADC_Start                    0x20bb    0x52  Code  Gb  ADC.o [1]
Accel_OriginData        0x1fff'0c24    0x18  Data  Gb  MPU6050Drive.o [1]
BatteryVoltageCollect_Init
                             0x14b5    0x20  Code  Gb  DebugFuction.o [1]
Battery_V               0x1fff'0510     0x4  Data  Gb  DebugFuction.o [1]
Button                  0x1fff'0414     0x4  Data  Gb  DebugFuction.o [1]
ButtonInit                   0x12eb    0x26  Code  Gb  DebugFuction.o [1]
ButtonMenu                   0x13e9    0xb8  Code  Gb  DebugFuction.o [1]
ButtonOnceBuffFlag      0x1fff'0514     0xc  Data  Gb  DebugFuction.o [1]
ButtonOnceFlag          0x1fff'0520     0xc  Data  Gb  DebugFuction.o [1]
ButtonScan_interrupt         0x1313    0xd4  Code  Gb  DebugFuction.o [1]
CalTargetSpeed_EachWheel
                             0x1cc3    0x66  Code  Gb  MecanumWheelControl.o [1]
Car_Speed_Rotate        0x1fff'0b90    0x48  Data  Gb  MecanumWheelControl.o [1]
CodeRelocate$$Base            0x1d0           --   Gb  - Linker created -
CodeRelocate$$Limit           0x1d0           --   Gb  - Linker created -
CodeRelocateRam$$Base   0x1fff'6490           --   Gb  - Linker created -
CodeRelocateRam$$Limit  0x1fff'6490           --   Gb  - Linker created -
ControlCar_FromAnalog        0x122b    0x12  Code  Gb  DebugFuction.o [1]
ControlValue_Closeloop  0x1fff'0c14    0x10  Data  Gb  MecanumWheelControl.o [1]
DMA_CH4_Handler              0x2f21    0x1c  Code  Gb  DMA.o [1]
DMA_Count_Get                0x2ef3    0x18  Code  Gb  DMA.o [1]
DMA_Count_Init               0x2d2d   0x1c6  Code  Gb  DMA.o [1]
DMA_Count_Reset              0x2f0b    0x16  Code  Gb  DMA.o [1]
D_Set                   0x1fff'045c    0x10  Data  Gb  main.o [1]
DeadBand_Set            0x1fff'0a38    0x10  Data  Gb  main.o [1]
EXTI_Init                     0xc35    0x5e  Code  Gb  GPIO.o [1]
EncoderDirectionPort    0x1fff'04a4    0x10  Data  Gb  MecanumWheelControl.o [1]
EncoderMeasure_Init          0x1dbd    0x52  Code  Gb  MecanumWheelControl.o [1]
Encoder_DMAChannel      0x1fff'049c     0x4  Data  Gb  MecanumWheelControl.o [1]
Encoder_Direction       0x1fff'04c4     0x4  Data  Gb  MecanumWheelControl.o [1]
Encoder_PORT            0x1fff'04a0     0x4  Data  Gb  MecanumWheelControl.o [1]
Encoder_PORTIndex_Direction
                        0x1fff'04b4    0x10  Data  Gb  MecanumWheelControl.o [1]
F6x8                         0x48d8   0x228  Data  Gb  LQ12864.o [1]
FTM0_interrupt               0x2c85     0xe  Code  Gb  FTM.o [1]
FTM1_interrupt               0x2c93     0xe  Code  Gb  FTM.o [1]
FTM2_interrupt               0x2ca1     0xe  Code  Gb  FTM.o [1]
FTMType_Use             0x1fff'048c    0x10  Data  Gb  MecanumWheelControl.o [1]
FTM_PWM_Duty                 0x2c1b    0x6a  Code  Gb  FTM.o [1]
FTM_PWM_Init                 0x29a1   0x27a  Code  Gb  FTM.o [1]
First_Find              0x1fff'0574    0x78  Data  Gb  image_deal.o [1]
Flag_MeasureDistance    0x1fff'04f4     0x1  Data  Gb  main.o [1]
Flag_Reverse            0x1fff'04c8     0x4  Data  Gb  MecanumWheelControl.o [1]
GPIOX                   0x1fff'0418    0x14  Data  Gb  GPIO.o [1]
GPIO_Ctrl                     0xbe9    0x22  Code  Gb  GPIO.o [1]
GPIO_Get                      0xc19    0x1c  Code  Gb  GPIO.o [1]
GPIO_Init                     0xb65    0x84  Code  Gb  GPIO.o [1]
GPIO_Reverse                  0xc0b     0xe  Code  Gb  GPIO.o [1]
GYRO_OriginData         0x1fff'0c3c    0x18  Data  Gb  MPU6050Drive.o [1]
GetAngle_FromGYRO            0x4149    0x58  Code  Gb  AttitudeCalculation.o [1]
GetBatteryVoltage            0x14d5    0x78  Code  Gb  DebugFuction.o [1]
GetData                      0x3f6b    0x30  Code  Gb  MPU6050Drive.o [1]
GetPIDControlValue           0x1b53   0x140  Code  Gb  MecanumWheelControl.o [1]
GetRemoteCMDData             0x11b1    0x7a  Code  Gb  DebugFuction.o [1]
GetSpeed                     0x1e0f    0x78  Code  Gb  MecanumWheelControl.o [1]
Get_AccData                  0x3f9d    0x9c  Code  Gb  MPU6050Drive.o [1]
Get_Gyro                     0x4039    0x22  Code  Gb  MPU6050Drive.o [1]
Get_Offset                   0x405d    0xd8  Code  Gb  MPU6050Drive.o [1]
I2C_Init                     0x4541    0x70  Code  Gb  I2C.o [1]
I2C_ReadAddr                 0x45f3   0x140  Code  Gb  I2C.o [1]
I2C_StartTransmission        0x45b1    0x2c  Code  Gb  I2C.o [1]
I2C_WriteAddr                0x4733    0xb8  Code  Gb  I2C.o [1]
I2Cx                    0x1fff'0440     0x8  Data  Gb  I2C.o [1]
I_Set                   0x1fff'046c    0x10  Data  Gb  main.o [1]
I_limit                 0x1fff'047c     0x4  Data  Gb  main.o [1]
ImageDealState_Now      0x1fff'648a     0x1  Data  Gb  SEEKFREE_MT9V032.o [1]
InitMPU6050                  0x3ec9    0xa2  Code  Gb  MPU6050Drive.o [1]
Init_All                     0x37e1    0x6e  Code  Gb  main.o [1]
LCD_DLY_ms                   0x27c3    0x16  Code  Gb  LQ12864.o [1]
LCD_Fill                     0x2783    0x40  Code  Gb  LQ12864.o [1]
LCD_Init                     0x27d9   0x10c  Code  Gb  LQ12864.o [1]
LCD_P6x8Str                  0x28e5    0x72  Code  Gb  LQ12864.o [1]
LCD_Set_Pos                  0x2753    0x30  Code  Gb  LQ12864.o [1]
LCD_ShowBatteryVoltage       0x154d    0xe6  Code  Gb  DebugFuction.o [1]
LCD_WrCmd                    0x2705    0x4e  Code  Gb  LQ12864.o [1]
LCD_WrDat                    0x26b5    0x4e  Code  Gb  LQ12864.o [1]
LCD_WriteData_16Bit           0x4eb    0x4a  Code  Gb  TFTDriver.o [1]
LED_Ctrl                     0x3a8d   0x184  Code  Gb  LQLED.o [1]
LED_Init                     0x3a59    0x34  Code  Gb  LQLED.o [1]
LPTMR_Interrupt              0x5095    0x16  Code  Gb  LPTMR.o [1]
Lcd_SetRegion                 0x535    0x5e  Code  Gb  TFTDriver.o [1]
Lcd_WriteData                 0x4c1    0x2a  Code  Gb  TFTDriver.o [1]
Lcd_WriteIndex                0x497    0x2a  Code  Gb  TFTDriver.o [1]
Left                    0x1fff'05ec    0x78  Data  Gb  image_deal.o [1]
LeftWheel_Buff          0x1fff'0a64     0x4  Data  Gb  main.o [1]
Left_Flag               0x1fff'08bc    0x78  Data  Gb  image_deal.o [1]
Max_output              0x1fff'0480     0x4  Data  Gb  main.o [1]
Mid                     0x1fff'0664   0x1e0  Data  Gb  image_deal.o [1]
Mid_Flag                0x1fff'09ac    0x78  Data  Gb  image_deal.o [1]
Mid_temp                0x1fff'0a24     0x4  Data  Gb  image_deal.o [1]
MotorOutput                  0x1d2b    0x92  Code  Gb  MecanumWheelControl.o [1]
Motor_init                   0x1aad    0x74  Code  Gb  MecanumWheelControl.o [1]
NVIC_EnableIRQ               0x1a75    0x14  Code  Lc  common.o [1]
NVIC_EnableIRQ                0xb51    0x14  Code  Lc  GPIO.o [1]
NVIC_EnableIRQ               0x42f9    0x14  Code  Lc  PIT.o [1]
NVIC_EnableIRQ               0x1755    0x16  Code  Lc  UART.o [1]
PIDControl_Constructor       0x1b21    0x32  Code  Gb  MecanumWheelControl.o [1]
PIDControl_FunctionDefine
                             0x1ca1    0x14  Code  Gb  MecanumWheelControl.o [1]
PID_Speedloop_init           0x1ee5    0x78  Code  Gb  MecanumWheelControl.o [1]
PID_locationloop_init        0x1f5d    0x4e  Code  Gb  MecanumWheelControl.o [1]
PIT0_Interrupt               0x3851   0x158  Code  Gb  main.o [1]
PIT1_Interrupt               0x39b1    0x14  Code  Gb  main.o [1]
PIT2_Interrupt               0x39c5     0xc  Code  Gb  main.o [1]
PIT3_Interrupt               0x39d1     0xc  Code  Gb  main.o [1]
PIT_Init                     0x430d    0x60  Code  Gb  PIT.o [1]
PLL_Init                     0x41b1   0x148  Code  Gb  PLL.o [1]
PORTA_Interrupt               0xc93    0x30  Code  Gb  GPIO.o [1]
PORTB_Interrupt               0xcc3    0x30  Code  Gb  GPIO.o [1]
PORTC_Interrupt               0xcf3    0x20  Code  Gb  GPIO.o [1]
PORTD_Interrupt               0xd13    0x30  Code  Gb  GPIO.o [1]
PORTE_Interrupt               0xd43    0x20  Code  Gb  GPIO.o [1]
PORTX                   0x1fff'042c    0x14  Data  Gb  GPIO.o [1]
P_Set                   0x1fff'044c    0x10  Data  Gb  main.o [1]
Para_Refresh                 0x1c93     0xe  Code  Gb  MecanumWheelControl.o [1]
Pause                        0x45dd    0x16  Code  Gb  I2C.o [1]
QuitSetFlag             0x1fff'052c     0x4  Data  Gb  DebugFuction.o [1]
RS_Now                  0x1fff'0c08     0xc  Data  Gb  MecanumWheelControl.o [1]
ReceiveBuff             0x1fff'0504     0x4  Data  Gb  DebugFuction.o [1]
ReceiveCMD_Remote            0x123d    0xae  Code  Gb  DebugFuction.o [1]
ReceiveIndex            0x1fff'0500     0x4  Data  Gb  DebugFuction.o [1]
Region$$Table$$Base          0x4fcc           --   Gb  - Linker created -
Region$$Table$$Limit         0x4fdc           --   Gb  - Linker created -
RemoteData              0x1fff'04fc     0x4  Data  Gb  DebugFuction.o [1]
RemoteInit                   0x1189    0x28  Code  Gb  DebugFuction.o [1]
Remote_CMD_ReceiveStatus
                        0x1fff'6482     0x1  Data  Gb  DebugFuction.o [1]
Reset                        0x3c21    0x2a  Code  Gb  image_deal.o [1]
Right                   0x1fff'0844    0x78  Data  Gb  image_deal.o [1]
RightWheel_Buff         0x1fff'0a68     0x4  Data  Gb  main.o [1]
Right_Flag              0x1fff'0934    0x78  Data  Gb  image_deal.o [1]
RunMode                 0x1fff'6481     0x1  Data  Gb  DebugFuction.o [1]
SPIN                    0x1fff'04cc     0xc  Data  Gb  SPI.o [1]
Series_Control               0x1fad    0x74  Code  Gb  MecanumWheelControl.o [1]
Series_Sendout_init          0x14a1    0x14  Code  Gb  DebugFuction.o [1]
Series_deviation_received
                        0x1fff'0a34     0x4  Data  Gb  main.o [1]
SetSpeed_FromRemote_Analog
                             0x1ea1    0x44  Code  Gb  MecanumWheelControl.o [1]
SetTargetSpeed_Car           0x1cb5     0xe  Code  Gb  MecanumWheelControl.o [1]
SpeedClean                   0x1e87    0x16  Code  Gb  MecanumWheelControl.o [1]
SpeedCount              0x1fff'0be8    0x10  Data  Gb  MecanumWheelControl.o [1]
Speed_get               0x1fff'0bf8    0x10  Data  Gb  MecanumWheelControl.o [1]
Speed_watch             0x1fff'0a50    0x10  Data  Gb  main.o [1]
StartReceive            0x1fff'6480     0x1  Data  Gb  DebugFuction.o [1]
TFTSPI                  0x1fff'648c     0x1  Data  Gb  TFTDriver.o [1]
TFTSPICS                0x1fff'648d     0x1  Data  Gb  TFTDriver.o [1]
TFT_init                      0x5c9   0x280  Code  Gb  TFTDriver.o [1]
TFT_showchar                  0x849    0x8e  Code  Gb  TFTDriver.o [1]
TFT_showint16                 0x9d7    0xf6  Code  Gb  TFTDriver.o [1]
TFT_showint8                  0x93b    0x9c  Code  Gb  TFTDriver.o [1]
TFT_showstr                   0x8f1    0x4a  Code  Gb  TFTDriver.o [1]
TargetAngle             0x1fff'0a60     0x4  Data  Gb  main.o [1]
TimeCount_test          0x1fff'0a6c     0x4  Data  Gb  main.o [1]
UART0_IRQHandler             0x19c7     0x8  Code  Gb  UART.o [1]
UART1_IRQHandler             0x19cf    0x24  Code  Gb  UART.o [1]
UART2_IRQHandler             0x10c5    0x38  Code  Gb  SEEKFREE_MT9V032.o [1]
UART3_IRQHandler             0x19f3     0x8  Code  Gb  UART.o [1]
UART4_IRQHandler             0x19fb    0x18  Code  Gb  UART.o [1]
UARTN                   0x1fff'04d8    0x14  Data  Gb  UART.o [1]
UART_Get_Char                0x1901    0x1a  Code  Gb  UART.o [1]
UART_Init                    0x176b   0x196  Code  Gb  UART.o [1]
UART_Irq_En                  0x1955    0x72  Code  Gb  UART.o [1]
UART_Put_Buff                0x1935    0x20  Code  Gb  UART.o [1]
UART_Put_Char                0x191b    0x1a  Code  Gb  UART.o [1]
UseBeep_Flag            0x1fff'0530     0x4  Data  Gb  DebugFuction.o [1]
VSYNC                        0x10fd    0x56  Code  Gb  SEEKFREE_MT9V032.o [1]
WheelControl            0x1fff'0a70   0x120  Data  Gb  MecanumWheelControl.o [1]
Wheel_Distance          0x1fff'0a48     0x4  Data  Gb  main.o [1]
Wheels_FTMChannel       0x1fff'0484     0x8  Data  Gb  MecanumWheelControl.o [1]
_PrintfTiny                  0x2f89   0x126  Code  Gb  xprintftiny.o [2]
_Prout                       0x50c9    0x16  Code  Gb  xprout.o [2]
_SProut                      0x1aa3     0xa  Code  Gb  xsprout.o [2]
__BOOT_STACK_ADDRESS {Abs}
                        0x2002'fff8          Data  Gb  <internal module>
__VECTOR_RAM {Abs}      0x1fff'0000          Data  Gb  <internal module>
__VECTOR_TABLE {Abs}            0x0          Data  Gb  <internal module>
__aeabi_d2f                  0x264d          Code  Gb  DblToFlt.o [3]
__aeabi_dadd                 0x43c5          Code  Gb  DblAdd.o [3]
__aeabi_ddiv                 0x2405          Code  Gb  DblDiv.o [3]
__aeabi_dmul                 0x2261          Code  Gb  DblMul.o [3]
__aeabi_f2d                  0x437d          Code  Gb  FltToDbl.o [3]
__aeabi_memcpy4              0x168d          Code  Gb  ABImemcpy.o [4]
__aeabi_memcpy8              0x168d          Code  Gb  ABImemcpy.o [4]
__aeabi_ui2d                 0x2245          Code  Gb  U32ToDbl.o [3]
__cmain                      0x504d          Code  Gb  cmain.o [4]
__dwrite                     0x500d    0x1e  Code  Gb  dwrite.o [5]
__exit                       0x5081    0x14  Code  Gb  exit.o [5]
__hard_fault_handler_asm
                              0x44d          Code  Gb  crt0.o [1]
__iar_close_ttio             0x4e11    0x2e  Code  Gb  iarttio.o [5]
__iar_dadd                   0x4805          Code  Gb  DblSub.o [3]
__iar_data_init3             0x4f3d    0x28  Code  Gb  data_init.o [4]
__iar_dsub                   0x43d5          Code  Gb  DblAdd.o [3]
__iar_dsubStart              0x43e7          Code  Gb  DblAdd.o [3]
__iar_get_ttio               0x4e41    0x4c  Code  Gb  iarttio.o [5]
__iar_init_vfp               0x4f89          Code  Gb  fpinit_M.o [3]
__iar_lookup_ttioh           0x4ebf     0x4  Code  Gb  XShttio.o [2]
__iar_program_start          0x51c9          Code  Gb  cstartup_M.o [4]
__iar_sh_stdout              0x502b    0x20  Code  Gb  iarwstd.o [5]
__iar_sh_write               0x4fab    0x22  Code  Gb  iarwrite.o [5]
__iar_ttio_guard_lock        0x4e91    0x1e  Code  Gb  XShttio.o [2]
__iar_ttio_guard_unlock
                             0x4eaf    0x10  Code  Gb  XShttio.o [2]
__iar_ttio_handles      0x1fff'04ec     0x8  Data  Lc  XShttio.o [2]
__iar_zero_init3             0x171b    0x3a  Code  Gb  zero_init3.o [4]
__low_level_init             0x506b     0x4  Code  Gb  low_level_init.o [2]
__startup                     0x411          Code  Gb  crt0.o [1]
__vector_table                  0x0   0x1d0  Data  Gb  vectors.o [1]
__write                      0x4ffd    0x10  Code  Gb  write.o [5]
_call_main                   0x5059          Code  Gb  cmain.o [4]
_exit                        0x5075          Code  Gb  cexit.o [4]
_main                        0x5067          Code  Gb  cmain.o [4]
abort_isr                    0x4b11    0x14  Code  Gb  vectors.o [1]
abs                          0x1713     0x8  Code  Gb  abs.o [2]
angle_GYRO_z            0x1fff'04f8     0x4  Data  Gb  AttitudeCalculation.o [1]
average_piancha         0x1fff'0a2c     0x4  Data  Gb  image_deal.o [1]
bottom_row              0x1fff'6484     0x1  Data  Gb  image_deal.o [1]
bus_clk_M               0x1fff'0c58     0x4  Data  Gb  PLL.o [1]
common_startup               0x4d43    0x6e  Code  Gb  start.o [1]
core_clk_M              0x1fff'0c54     0x4  Data  Gb  PLL.o [1]
count_init              0x1fff'0534    0x40  Data  Gb  DMA.o [1]
default_isr                  0x4b01    0x10  Code  Gb  vectors.o [1]
displayimage032               0xacd    0x84  Code  Gb  TFTDriver.o [1]
dsp_single_colour             0x593    0x36  Code  Gb  TFTDriver.o [1]
dt                      0x1fff'0410     0x4  Data  Gb  AttitudeCalculation.o [1]
enable_irq                   0x1a99     0xa  Code  Gb  common.o [1]
exit                         0x506f     0x4  Code  Gb  exit.o [2]
f                       0x1fff'0a4c     0x4  Data  Gb  main.o [1]
find_light                   0x3c4b    0x78  Code  Gb  image_deal.o [1]
find_loop                    0x3e3d    0x3a  Code  Gb  image_deal.o [1]
find_loop_flag          0x1fff'6487     0x1  Data  Gb  image_deal.o [1]
flag_all                0x1fff'0448     0x4  Data  Gb  image_deal.o [1]
found_flag              0x1fff'6485     0x1  Data  Gb  image_deal.o [1]
hard_fault_handler_c         0x4b25    0x96  Code  Gb  vectors.o [1]
image                   0x1fff'0c5c  0x5820  Data  Gb  SEEKFREE_MT9V032.o [1]
left_count              0x1fff'0508     0x4  Data  Gb  DebugFuction.o [1]
light_delay_flag        0x1fff'6486     0x1  Data  Gb  image_deal.o [1]
light_flag              0x1fff'6488     0x1  Data  Gb  image_deal.o [1]
main                         0x36d9   0x106  Code  Gb  main.o [1]
mid_findlight                0x3cc3   0x17a  Code  Gb  image_deal.o [1]
mt9v032_finish_flag     0x1fff'648b     0x1  Data  Gb  SEEKFREE_MT9V032.o [1]
out                          0x2f71    0x18  Code  Lc  xprintftiny.o [2]
printf                       0x4c19    0x28  Code  Gb  printf.o [2]
putchar                      0x4fdd    0x20  Code  Gb  putchar.o [2]
receive                 0x1fff'647c     0x4  Data  Gb  SEEKFREE_MT9V032.o [1]
receive_num             0x1fff'6489     0x1  Data  Gb  SEEKFREE_MT9V032.o [1]
right_count             0x1fff'050c     0x4  Data  Gb  DebugFuction.o [1]
row_finished                 0x1153     0x8  Code  Gb  SEEKFREE_MT9V032.o [1]
set_pit                       0x45f          Code  Gb  crt0.o [1]
spi_init                      0xd9d   0x1b6  Code  Gb  SPI.o [1]
spi_mosi                      0xf53   0x11c  Code  Gb  SPI.o [1]
sprintf                      0x2961    0x40  Code  Gb  sprintf.o [2]
start                        0x4d29    0x1a  Code  Gb  start.o [1]
strlen                       0x30b1          Code  Gb  strlen.o [4]
temp_Speed              0x1fff'0bd8    0x10  Data  Gb  MecanumWheelControl.o [1]
temp_piancha            0x1fff'0a28     0x4  Data  Gb  image_deal.o [1]
tft_ascii                    0x30e8   0x5f0  Data  Gb  TFTDriver.o [1]
tft_delay                     0x48d     0xa  Code  Gb  TFTDriver.o [1]
top_row                 0x1fff'6483     0x1  Data  Gb  image_deal.o [1]
true_row                0x1fff'0a30     0x4  Data  Gb  image_deal.o [1]
ttio_guard              0x1fff'648e     0x1  Data  Lc  XShttio.o [2]
uart_receive_flag       0x1fff'04f5     0x1  Data  Gb  SEEKFREE_MT9V032.o [1]
wdog_disable                 0x4ddd    0x14  Code  Gb  wdog.o [1]
wdog_unlock                  0x4df5    0x14  Code  Gb  wdog.o [1]
write_vtor                   0x1a89     0x6  Code  Gb  common.o [1]


[1] = D:\智能车\麦轮信标\程序\K66框架\K66Framework\K66程序-主控\Debug\Obj
[2] = dl7M_tln.a
[3] = m7M_tls.a
[4] = rt7M_tl.a
[5] = shb_l.a

  17 178 bytes of readonly  code memory
   3 198 bytes of readonly  data memory
  24 701 bytes of readwrite data memory

Errors: none
Warnings: none
