###############################################################################
#
# IAR ELF Linker V8.30.1.114/W32 for ARM                  20/Apr/2019  22:49:16
# Copyright 2007-2018 IAR Systems AB.
#
#    Output file  =  
#        D:\智能车\麦轮信标\程序\K66框架\K66Framework\K66程序-主控\Debug\Exe\LQ_K66FX_LPTMR.out
#    Map file     =  
#        D:\智能车\麦轮信标\程序\K66框架\K66Framework\K66程序-主控\Debug\List\LQ_K66FX_LPTMR.map
#    Command line =  
#        -f C:\Users\zhuzh\AppData\Local\Temp\EWDAC0.tmp
#        (D:\智能车\麦轮信标\程序\K66框架\K66Framework\K66程序-主控\Debug\Obj\ADC.o
#        D:\智能车\麦轮信标\程序\K66框架\K66Framework\K66程序-主控\Debug\Obj\AttitudeCalculation.o
#        D:\智能车\麦轮信标\程序\K66框架\K66Framework\K66程序-主控\Debug\Obj\common.o
#        D:\智能车\麦轮信标\程序\K66框架\K66Framework\K66程序-主控\Debug\Obj\crt0.o
#        D:\智能车\麦轮信标\程序\K66框架\K66Framework\K66程序-主控\Debug\Obj\DebugFuction.o
#        D:\智能车\麦轮信标\程序\K66框架\K66Framework\K66程序-主控\Debug\Obj\DMA.o
#        D:\智能车\麦轮信标\程序\K66框架\K66Framework\K66程序-主控\Debug\Obj\FTM.o
#        D:\智能车\麦轮信标\程序\K66框架\K66Framework\K66程序-主控\Debug\Obj\GPIO.o
#        D:\智能车\麦轮信标\程序\K66框架\K66Framework\K66程序-主控\Debug\Obj\I2C.o
#        D:\智能车\麦轮信标\程序\K66框架\K66Framework\K66程序-主控\Debug\Obj\image_deal.o
#        D:\智能车\麦轮信标\程序\K66框架\K66Framework\K66程序-主控\Debug\Obj\LPTMR.o
#        D:\智能车\麦轮信标\程序\K66框架\K66Framework\K66程序-主控\Debug\Obj\LQ12864.o
#        D:\智能车\麦轮信标\程序\K66框架\K66Framework\K66程序-主控\Debug\Obj\LQKEY.o
#        D:\智能车\麦轮信标\程序\K66框架\K66Framework\K66程序-主控\Debug\Obj\LQLED.o
#        D:\智能车\麦轮信标\程序\K66框架\K66Framework\K66程序-主控\Debug\Obj\main.o
#        D:\智能车\麦轮信标\程序\K66框架\K66Framework\K66程序-主控\Debug\Obj\MecanumWheelControl.o
#        D:\智能车\麦轮信标\程序\K66框架\K66Framework\K66程序-主控\Debug\Obj\MPU6050Drive.o
#        D:\智能车\麦轮信标\程序\K66框架\K66Framework\K66程序-主控\Debug\Obj\PIT.o
#        D:\智能车\麦轮信标\程序\K66框架\K66Framework\K66程序-主控\Debug\Obj\PLL.o
#        D:\智能车\麦轮信标\程序\K66框架\K66Framework\K66程序-主控\Debug\Obj\RTC.o
#        D:\智能车\麦轮信标\程序\K66框架\K66Framework\K66程序-主控\Debug\Obj\SEEKFREE_MT9V032.o
#        D:\智能车\麦轮信标\程序\K66框架\K66Framework\K66程序-主控\Debug\Obj\SPI.o
#        D:\智能车\麦轮信标\程序\K66框架\K66Framework\K66程序-主控\Debug\Obj\start.o
#        D:\智能车\麦轮信标\程序\K66框架\K66Framework\K66程序-主控\Debug\Obj\Systick.o
#        D:\智能车\麦轮信标\程序\K66框架\K66Framework\K66程序-主控\Debug\Obj\TFTDriver.o
#        D:\智能车\麦轮信标\程序\K66框架\K66Framework\K66程序-主控\Debug\Obj\UART.o
#        D:\智能车\麦轮信标\程序\K66框架\K66Framework\K66程序-主控\Debug\Obj\vectors.o
#        D:\智能车\麦轮信标\程序\K66框架\K66Framework\K66程序-主控\Debug\Obj\wdog.o
#        --no_out_extension -o
#        D:\智能车\麦轮信标\程序\K66框架\K66Framework\K66程序-主控\Debug\Exe\LQ_K66FX_LPTMR.out
#        --map
#        D:\智能车\麦轮信标\程序\K66框架\K66Framework\K66程序-主控\Debug\List\LQ_K66FX_LPTMR.map
#        --config
#        D:\智能车\麦轮信标\程序\K66框架\K66Framework\K66程序-主控\src\Project_Setting\Linker_Files\LQK66FLASH1M.icf
#        --semihosting --entry __iar_program_start --vfe --text_out locale)
#
###############################################################################

*******************************************************************************
*** RUNTIME MODEL ATTRIBUTES
***

CppFlavor       = *
__SystemLibrary = DLib
__dlib_version  = 6


*******************************************************************************
*** HEAP SELECTION
***

The basic heap was selected because no calls to memory allocation
functions were found in the application outside of system library
functions, and there are calls to deallocation functions in the
application.


*******************************************************************************
*** PLACEMENT SUMMARY
***

"A0":  place at 0x0 { ro section .intvec };
"A1":  place at 0x410 { ro section .noinit };
define block CodeRelocate { section .textrw_init };
"P1":  place in [from 0x0 to 0x10'0000] |
                [from 0x1000'0000 to 0x1004'0000] { ro, block CodeRelocate };
define block CodeRelocateRam { section .textrw };
define block CSTACK with size = 8K, alignment = 8 { };
define block HEAP with size = 16K, alignment = 8 { };
"P2":  place in [from 0x1fff'0410 to 0x2003'0000] {
          rw, block CodeRelocateRam, block CSTACK, block HEAP };
initialize manually with packing = copy, complex ranges { section .data };

No sections matched the following patterns:

  section .textrw       in block CodeRelocateRam
  section .textrw_init  in block CodeRelocate


  Section              Kind         Address    Size  Object
  -------              ----         -------    ----  ------
"A0":                                         0x1d0
  .intvec              const            0x0   0x1d0  vectors.o [1]
                                    - 0x1d0   0x1d0

"P1", part 1 of 3:                              0x0
  .rodata              const          0x1d0     0x0  zero_init3.o [4]

"P1", part 2 of 3:                              0x0
  CodeRelocate                        0x1d0     0x0  <Block>

"A1":                                          0x7c
  .noinit              ro code        0x410    0x7c  crt0.o [1]
                                    - 0x48c    0x7c

"P1", part 3 of 3:                           0x4760
  .rodata              const          0x48c   0x5f0  TFTDriver.o [1]
  .text                ro code        0xa7c   0x5ce  TFTDriver.o [1]
  .text                ro code       0x104a    0x3a  zero_init3.o [4]
  .text                ro code       0x1084   0x24c  GPIO.o [1]
  .text                ro code       0x12d0   0x328  SPI.o [1]
  .text                ro code       0x15f8   0x18c  SEEKFREE_MT9V032.o [1]
  .text                ro code       0x1784   0x484  DebugFuction.o [1]
  .text                ro code       0x1c08    0x86  ABImemcpy.o [4]
  .text                ro code       0x1c8e     0x8  abs.o [2]
  .text                ro code       0x1c96     0xa  xsprout.o [2]
  .text                ro code       0x1ca0   0x33c  UART.o [1]
  .text                ro code       0x1fdc    0x60  LPTMR.o [1]
  .text                ro code       0x203c   0x4c0  DMA.o [1]
  .text                ro code       0x24fc    0x64  common.o [1]
  .text                ro code       0x2560   0x1c2  ADC.o [1]
  .text                ro code       0x2724    0x1a  U32ToDbl.o [3]
  .text                ro code       0x2740   0x1a2  DblMul.o [3]
  .text                ro code       0x28e4   0x246  DblDiv.o [3]
  .text                ro code       0x2b2c    0x68  DblToFlt.o [3]
  .text                ro code       0x2b94   0x3e8  LQ12864.o [1]
  .text                ro code       0x2f7c    0x40  sprintf.o [2]
  .text                ro code       0x2fbc   0x1c8  LQLED.o [1]
  .text                ro code       0x3184   0x13e  xprintftiny.o [2]
  .text                ro code       0x32c4    0x36  strlen.o [4]
  .text                ro code       0x32fc   0x5a0  MecanumWheelControl.o [1]
  .text                ro code       0x389c   0x38c  FTM.o [1]
  .text                ro code       0x3c28   0x28c  image_deal.o [1]
  .text                ro code       0x3eb4   0x274  main.o [1]
  .text                ro code       0x4128   0x148  PLL.o [1]
  .text                ro code       0x4270    0x84  PIT.o [1]
  .rodata              const         0x42f4   0x228  LQ12864.o [1]
  .text                ro code       0x451c   0x118  vectors.o [1]
  .text                ro code       0x4634    0x28  printf.o [2]
  .data_init                         0x465c   0x10c  <Block>
    Initializer bytes  const         0x465c   0x10c  <for .data-1>
  .text                ro code       0x4768    0xb4  start.o [1]
  .text                ro code       0x481c    0x34  wdog.o [1]
  .text                ro code       0x4850    0x80  iarttio.o [5]
  .text                ro code       0x48d0    0x3c  XShttio.o [2]
  .rodata              const         0x490c    0x40  SPI.o [1]
  .rodata              const         0x494c    0x30  vectors.o [1]
  .text                ro code       0x497c    0x28  data_init.o [4]
  .rodata              const         0x49a4    0x24  vectors.o [1]
  .text                ro code       0x49c8    0x22  fpinit_M.o [3]
  .text                ro code       0x49ea    0x22  iarwrite.o [5]
  .iar.init_table      const         0x4a0c    0x10  - Linker created -
  .text                ro code       0x4a1c    0x20  putchar.o [2]
  .text                ro code       0x4a3c    0x10  write.o [5]
  .text                ro code       0x4a4c    0x1e  dwrite.o [5]
  .text                ro code       0x4a6a    0x20  iarwstd.o [5]
  .text                ro code       0x4a8c    0x1e  cmain.o [4]
  .text                ro code       0x4aaa     0x4  low_level_init.o [2]
  .text                ro code       0x4aae     0x4  exit.o [2]
  .text                ro code       0x4ab4     0xa  cexit.o [4]
  .text                ro code       0x4ac0    0x14  exit.o [5]
  .rodata              const         0x4ad4    0x18  vectors.o [1]
  .text                ro code       0x4aec    0x16  xprout.o [2]
  .rodata              const         0x4b04    0x14  UART.o [1]
  .rodata              const         0x4b18    0x10  DebugFuction.o [1]
  .rodata              const         0x4b28     0xc  main.o [1]
  .rodata              const         0x4b34     0xc  main.o [1]
  .rodata              const         0x4b40     0xc  vectors.o [1]
  .rodata              const         0x4b4c     0xc  vectors.o [1]
  .rodata              const         0x4b58     0xc  vectors.o [1]
  .rodata              const         0x4b64     0xc  vectors.o [1]
  .rodata              const         0x4b70     0xc  vectors.o [1]
  .rodata              const         0x4b7c     0xc  vectors.o [1]
  .rodata              const         0x4b88     0xc  vectors.o [1]
  .rodata              const         0x4b94     0xc  vectors.o [1]
  .rodata              const         0x4ba0     0xc  vectors.o [1]
  .rodata              const         0x4bac     0xc  vectors.o [1]
  .rodata              const         0x4bb8     0xc  vectors.o [1]
  .rodata              const         0x4bc4     0xc  vectors.o [1]
  .rodata              const         0x4bd0     0xc  vectors.o [1]
  .text                ro code       0x4bdc     0xc  cstartup_M.o [4]
  .rodata              const         0x4be8     0x4  SPI.o [1]
                                   - 0x4bec  0x4760

"P2", part 1 of 3:                            0x10c
  .data                         0x1fff'0410   0x10c  <Block>
    .data-1                     0x1fff'0410   0x109  <Init block>
      .data            inited   0x1fff'0410     0x4  DebugFuction.o [1]
      .data            inited   0x1fff'0414    0x14  GPIO.o [1]
      .data            inited   0x1fff'0428    0x14  GPIO.o [1]
      .data            inited   0x1fff'043c    0x10  main.o [1]
      .data            inited   0x1fff'044c    0x10  main.o [1]
      .data            inited   0x1fff'045c    0x10  main.o [1]
      .data            inited   0x1fff'046c    0x10  main.o [1]
      .data            inited   0x1fff'047c     0x4  main.o [1]
      .data            inited   0x1fff'0480     0x4  main.o [1]
      .data            inited   0x1fff'0484     0x8  MecanumWheelControl.o [1]
      .data            inited   0x1fff'048c    0x10  MecanumWheelControl.o [1]
      .data            inited   0x1fff'049c     0x4  MecanumWheelControl.o [1]
      .data            inited   0x1fff'04a0     0x4  MecanumWheelControl.o [1]
      .data            inited   0x1fff'04a4    0x10  MecanumWheelControl.o [1]
      .data            inited   0x1fff'04b4    0x10  MecanumWheelControl.o [1]
      .data            inited   0x1fff'04c4     0x4  MecanumWheelControl.o [1]
      .data            inited   0x1fff'04c8     0x4  MecanumWheelControl.o [1]
      .data            inited   0x1fff'04cc    0x24  SEEKFREE_MT9V032.o [1]
      .data            inited   0x1fff'04f0     0xc  SPI.o [1]
      .data            inited   0x1fff'04fc    0x14  UART.o [1]
      .data            inited   0x1fff'0510     0x8  XShttio.o [2]
      .data            inited   0x1fff'0518     0x1  SEEKFREE_MT9V032.o [1]
                              - 0x1fff'051c   0x10c

"P2", part 2 of 3:                           0x5f34
  .bss                          0x1fff'051c  0x5f34  <Block>
    .bss               zero     0x1fff'051c     0x4  DebugFuction.o [1]
    .bss               zero     0x1fff'0520     0x4  DebugFuction.o [1]
    .bss               zero     0x1fff'0524     0xc  DebugFuction.o [1]
    .bss               zero     0x1fff'0530     0xc  DebugFuction.o [1]
    .bss               zero     0x1fff'053c     0x4  DebugFuction.o [1]
    .bss               zero     0x1fff'0540     0x4  DebugFuction.o [1]
    .bss               zero     0x1fff'0544    0x40  DMA.o [1]
    .bss               zero     0x1fff'0584    0x78  image_deal.o [1]
    .bss               zero     0x1fff'05fc    0x78  image_deal.o [1]
    .bss               zero     0x1fff'0674   0x1e0  image_deal.o [1]
    .bss               zero     0x1fff'0854    0x78  image_deal.o [1]
    .bss               zero     0x1fff'08cc    0x78  image_deal.o [1]
    .bss               zero     0x1fff'0944    0x78  image_deal.o [1]
    .bss               zero     0x1fff'09bc    0x78  image_deal.o [1]
    .bss               zero     0x1fff'0a34     0x4  image_deal.o [1]
    .bss               zero     0x1fff'0a38     0x4  image_deal.o [1]
    .bss               zero     0x1fff'0a3c     0x4  image_deal.o [1]
    .bss               zero     0x1fff'0a40     0x4  main.o [1]
    .bss               zero     0x1fff'0a44     0x4  main.o [1]
    .bss               zero     0x1fff'0a48     0x4  main.o [1]
    .bss               zero     0x1fff'0a4c    0x10  main.o [1]
    .bss               zero     0x1fff'0a5c     0x4  main.o [1]
    .bss               zero     0x1fff'0a60   0x120  MecanumWheelControl.o [1]
    .bss               zero     0x1fff'0b80    0x48  MecanumWheelControl.o [1]
    .bss               zero     0x1fff'0bc8    0x10  MecanumWheelControl.o [1]
    .bss               zero     0x1fff'0bd8    0x10  MecanumWheelControl.o [1]
    .bss               zero     0x1fff'0be8    0x10  MecanumWheelControl.o [1]
    .bss               zero     0x1fff'0bf8     0xc  MecanumWheelControl.o [1]
    .bss               zero     0x1fff'0c04    0x10  MecanumWheelControl.o [1]
    .bss               zero     0x1fff'0c14     0x4  PLL.o [1]
    .bss               zero     0x1fff'0c18     0x4  PLL.o [1]
    .bss               zero     0x1fff'0c1c  0x5820  SEEKFREE_MT9V032.o [1]
    .bss               zero     0x1fff'643c     0x4  SEEKFREE_MT9V032.o [1]
    .bss               zero     0x1fff'6440     0x1  DebugFuction.o [1]
    .bss               zero     0x1fff'6441     0x1  DebugFuction.o [1]
    .bss               zero     0x1fff'6442     0x1  image_deal.o [1]
    .bss               zero     0x1fff'6443     0x1  image_deal.o [1]
    .bss               zero     0x1fff'6444     0x1  image_deal.o [1]
    .bss               zero     0x1fff'6445     0x1  image_deal.o [1]
    .bss               zero     0x1fff'6446     0x1  image_deal.o [1]
    .bss               zero     0x1fff'6447     0x1  image_deal.o [1]
    .bss               zero     0x1fff'6448     0x1  SEEKFREE_MT9V032.o [1]
    .bss               zero     0x1fff'6449     0x1  SEEKFREE_MT9V032.o [1]
    .bss               zero     0x1fff'644a     0x1  SEEKFREE_MT9V032.o [1]
    .bss               zero     0x1fff'644b     0x1  TFTDriver.o [1]
    .bss               zero     0x1fff'644c     0x1  TFTDriver.o [1]
    .bss               zero     0x1fff'644d     0x1  XShttio.o [2]
                              - 0x1fff'6450  0x5f34

"P2", part 3 of 3:                              0x0
  CodeRelocateRam               0x1fff'6450     0x0  <Block>

Unused ranges:

         From           To      Size
         ----           --      ----
        0x1d0        0x40f     0x240
       0x4bec    0x10'0000  0xf'b415
  0x1000'0000  0x1004'0000  0x4'0001
  0x1fff'6450  0x2003'0000  0x3'9bb1


*******************************************************************************
*** INIT TABLE
***

          Address      Size
          -------      ----
Zero (__iar_zero_init3)
    1 destination range, total size 0x5f32:
          0x1fff'051c  0x5f32



*******************************************************************************
*** MODULE SUMMARY
***

    Module                 ro code  ro data  rw data
    ------                 -------  -------  -------
command line/config:
    ------------------------------------------------
    Total:

D:\智能车\麦轮信标\程序\K66框架\K66Framework\K66程序-主控\Debug\Obj: [1]
    ADC.o                      450
    DMA.o                    1 216                64
    DebugFuction.o           1 156       20       46
    FTM.o                      908
    GPIO.o                     588       40       40
    LPTMR.o                     96
    LQ12864.o                1 000      552
    LQLED.o                    456
    MecanumWheelControl.o    1 440       72      508
    PIT.o                      132
    PLL.o                      328                 8
    SEEKFREE_MT9V032.o         396       37   22 604
    SPI.o                      808       80       12
    TFTDriver.o              1 486    1 520        2
    UART.o                     828       40       20
    common.o                   100
    crt0.o                     124
    image_deal.o               652             1 218
    main.o                     628       96      104
    start.o                    180
    vectors.o                  280      728
    wdog.o                      52
    ------------------------------------------------
    Total:                  13 304    3 185   24 626

dl7M_tln.a: [2]
    XShttio.o                   60        8        9
    abs.o                        8
    exit.o                       4
    low_level_init.o             4
    printf.o                    40
    putchar.o                   32
    sprintf.o                   64
    xprintftiny.o              318
    xprout.o                    22
    xsprout.o                   10
    ------------------------------------------------
    Total:                     562        8        9

m7M_tls.a: [3]
    DblDiv.o                   582
    DblMul.o                   418
    DblToFlt.o                 104
    U32ToDbl.o                  26
    fpinit_M.o                  34
    ------------------------------------------------
    Total:                   1 164

rt7M_tl.a: [4]
    ABImemcpy.o                134
    cexit.o                     10
    cmain.o                     30
    cstartup_M.o                12
    data_init.o                 40
    strlen.o                    54
    zero_init3.o                58
    ------------------------------------------------
    Total:                     338

shb_l.a: [5]
    dwrite.o                    30
    exit.o                      20
    iarttio.o                  128
    iarwrite.o                  34
    iarwstd.o                   32
    write.o                     16
    ------------------------------------------------
    Total:                     260

    Gaps                        18        2
    Linker created                       19
----------------------------------------------------
    Grand Total:            15 646    3 214   24 635


*******************************************************************************
*** ENTRY LIST
***

Entry                       Address    Size  Type      Object
-----                       -------    ----  ----      ------
.bss$$Base              0x1fff'051c           --   Gb  - Linker created -
.bss$$Limit             0x1fff'6450           --   Gb  - Linker created -
.data$$Base             0x1fff'0410           --   Gb  - Linker created -
.data$$Limit            0x1fff'051c           --   Gb  - Linker created -
.data_init$$Base             0x465c           --   Gb  - Linker created -
.data_init$$Limit            0x4768           --   Gb  - Linker created -
.iar.init_table$$Base        0x4a0c           --   Gb  - Linker created -
.iar.init_table$$Limit       0x4a1c           --   Gb  - Linker created -
?main                        0x4a8d          Code  Gb  cmain.o [4]
ADC_Ave                      0x26db    0x48  Code  Gb  ADC.o [1]
ADC_Init                     0x2561    0x3a  Code  Gb  ADC.o [1]
ADC_Mid                      0x2661    0x7a  Code  Gb  ADC.o [1]
ADC_Once                     0x25ed    0x48  Code  Gb  ADC.o [1]
ADC_Start                    0x259b    0x52  Code  Gb  ADC.o [1]
BatteryVoltageCollect_Init
                             0x1a45    0x20  Code  Gb  DebugFuction.o [1]
Battery_V               0x1fff'0a44     0x4  Data  Gb  main.o [1]
Button                  0x1fff'0410     0x4  Data  Gb  DebugFuction.o [1]
ButtonInit                   0x18a9    0x24  Code  Gb  DebugFuction.o [1]
ButtonMenu                   0x19a5    0x8c  Code  Gb  DebugFuction.o [1]
ButtonOnceBuffFlag      0x1fff'0524     0xc  Data  Gb  DebugFuction.o [1]
ButtonOnceFlag          0x1fff'0530     0xc  Data  Gb  DebugFuction.o [1]
ButtonScan_interrupt         0x18cf    0xd4  Code  Gb  DebugFuction.o [1]
CalTargetSpeed_EachWheel
                             0x3519    0x66  Code  Gb  MecanumWheelControl.o [1]
Car_Speed_Rotate        0x1fff'0b80    0x48  Data  Gb  MecanumWheelControl.o [1]
CodeRelocate$$Base            0x1d0           --   Gb  - Linker created -
CodeRelocate$$Limit           0x1d0           --   Gb  - Linker created -
CodeRelocateRam$$Base   0x1fff'6450           --   Gb  - Linker created -
CodeRelocateRam$$Limit  0x1fff'6450           --   Gb  - Linker created -
ControlValue_Closeloop  0x1fff'0c04    0x10  Data  Gb  MecanumWheelControl.o [1]
DMA_CH4_Handler              0x24af    0x1c  Code  Gb  DMA.o [1]
DMA_Count_Get                0x2481    0x18  Code  Gb  DMA.o [1]
DMA_Count_Init               0x22bb   0x1c6  Code  Gb  DMA.o [1]
DMA_Count_Reset              0x2499    0x16  Code  Gb  DMA.o [1]
DMA_PORTx2BUFF_Init          0x203d   0x27e  Code  Gb  DMA.o [1]
D_Set                   0x1fff'044c    0x10  Data  Gb  main.o [1]
DeadBand_Set            0x1fff'046c    0x10  Data  Gb  main.o [1]
EXTI_Init                    0x1169    0x5e  Code  Gb  GPIO.o [1]
EncoderDirectionPort    0x1fff'04a4    0x10  Data  Gb  MecanumWheelControl.o [1]
EncoderMeasure_Init          0x3611    0x52  Code  Gb  MecanumWheelControl.o [1]
Encoder_DMAChannel      0x1fff'049c     0x4  Data  Gb  MecanumWheelControl.o [1]
Encoder_Direction       0x1fff'04c4     0x4  Data  Gb  MecanumWheelControl.o [1]
Encoder_PORT            0x1fff'04a0     0x4  Data  Gb  MecanumWheelControl.o [1]
Encoder_PORTIndex_Direction
                        0x1fff'04b4    0x10  Data  Gb  MecanumWheelControl.o [1]
F6x8                         0x42f4   0x228  Data  Gb  LQ12864.o [1]
FTM0_interrupt               0x3b81     0xe  Code  Gb  FTM.o [1]
FTM1_interrupt               0x3b8f     0xe  Code  Gb  FTM.o [1]
FTM2_interrupt               0x3b9d     0xe  Code  Gb  FTM.o [1]
FTMType_Use             0x1fff'048c    0x10  Data  Gb  MecanumWheelControl.o [1]
FTM_PWM_Duty                 0x3b17    0x6a  Code  Gb  FTM.o [1]
FTM_PWM_Init                 0x389d   0x27a  Code  Gb  FTM.o [1]
First_Find              0x1fff'0584    0x78  Data  Gb  image_deal.o [1]
Flag_Reverse            0x1fff'04c8     0x4  Data  Gb  MecanumWheelControl.o [1]
GPIOX                   0x1fff'0414    0x14  Data  Gb  GPIO.o [1]
GPIO_Ctrl                    0x111d    0x22  Code  Gb  GPIO.o [1]
GPIO_Get                     0x114d    0x1c  Code  Gb  GPIO.o [1]
GPIO_Init                    0x1099    0x84  Code  Gb  GPIO.o [1]
GPIO_Reverse                 0x113f     0xe  Code  Gb  GPIO.o [1]
GetBatteryVoltage            0x1a65    0x78  Code  Gb  DebugFuction.o [1]
GetPIDControlValue           0x33a9   0x140  Code  Gb  MecanumWheelControl.o [1]
GetSpeed                     0x3663    0x52  Code  Gb  MecanumWheelControl.o [1]
I_Set                   0x1fff'045c    0x10  Data  Gb  main.o [1]
I_limit                 0x1fff'047c     0x4  Data  Gb  main.o [1]
ImageDealState_Now      0x1fff'6449     0x1  Data  Gb  SEEKFREE_MT9V032.o [1]
Init_All                     0x3f71    0x6e  Code  Gb  main.o [1]
LCD_DLY_ms                   0x2ca3    0x16  Code  Gb  LQ12864.o [1]
LCD_Fill                     0x2c63    0x40  Code  Gb  LQ12864.o [1]
LCD_Init                     0x2cb9   0x10c  Code  Gb  LQ12864.o [1]
LCD_P6x8Str                  0x2dc5    0x72  Code  Gb  LQ12864.o [1]
LCD_PrintFloat_31            0x2e37   0x13e  Code  Gb  LQ12864.o [1]
LCD_Set_Pos                  0x2c33    0x30  Code  Gb  LQ12864.o [1]
LCD_ShowBatteryVoltage       0x1add    0xe6  Code  Gb  DebugFuction.o [1]
LCD_WrCmd                    0x2be5    0x4e  Code  Gb  LQ12864.o [1]
LCD_WrDat                    0x2b95    0x4e  Code  Gb  LQ12864.o [1]
LCD_WriteData_16Bit           0xadb    0x4a  Code  Gb  TFTDriver.o [1]
LED_Ctrl                     0x2ff1   0x184  Code  Gb  LQLED.o [1]
LED_Init                     0x2fbd    0x34  Code  Gb  LQLED.o [1]
LPTMR_Interrupt              0x2015    0x16  Code  Gb  LPTMR.o [1]
LPTMR_delay_ms               0x1fdd    0x38  Code  Gb  LPTMR.o [1]
Lcd_SetRegion                 0xb25    0x5e  Code  Gb  TFTDriver.o [1]
Lcd_WriteData                 0xab1    0x2a  Code  Gb  TFTDriver.o [1]
Lcd_WriteIndex                0xa87    0x2a  Code  Gb  TFTDriver.o [1]
Left                    0x1fff'05fc    0x78  Data  Gb  image_deal.o [1]
Left_Flag               0x1fff'08cc    0x78  Data  Gb  image_deal.o [1]
MT9V032_CFG             0x1fff'04cc    0x24  Data  Gb  SEEKFREE_MT9V032.o [1]
Max_output              0x1fff'0480     0x4  Data  Gb  main.o [1]
Mid                     0x1fff'0674   0x1e0  Data  Gb  image_deal.o [1]
Mid_Flag                0x1fff'09bc    0x78  Data  Gb  image_deal.o [1]
MotorOutput                  0x357f    0x92  Code  Gb  MecanumWheelControl.o [1]
Motor_init                   0x32fd    0x74  Code  Gb  MecanumWheelControl.o [1]
NVIC_EnableIRQ               0x24fd    0x14  Code  Lc  common.o [1]
NVIC_EnableIRQ               0x1085    0x14  Code  Lc  GPIO.o [1]
NVIC_EnableIRQ               0x4271    0x14  Code  Lc  PIT.o [1]
NVIC_EnableIRQ               0x1ca1    0x16  Code  Lc  UART.o [1]
NVIC_SetPriority             0x2511    0x24  Code  Lc  common.o [1]
PIDControl_Constructor       0x3371    0x32  Code  Gb  MecanumWheelControl.o [1]
PIDControl_FunctionDefine
                             0x34f7    0x14  Code  Gb  MecanumWheelControl.o [1]
PID_SetTarget                0x33a3     0x6  Code  Gb  MecanumWheelControl.o [1]
PID_Speedloop_init           0x36cd    0x78  Code  Gb  MecanumWheelControl.o [1]
PID_locationloop_init        0x3745    0x4e  Code  Gb  MecanumWheelControl.o [1]
PIT0_Interrupt               0x3fe1    0xaa  Code  Gb  main.o [1]
PIT1_Interrupt               0x408b    0x14  Code  Gb  main.o [1]
PIT2_Interrupt               0x409f     0xc  Code  Gb  main.o [1]
PIT3_Interrupt               0x40ab     0xc  Code  Gb  main.o [1]
PIT_Init                     0x4285    0x60  Code  Gb  PIT.o [1]
PLL_Init                     0x4129   0x148  Code  Gb  PLL.o [1]
PORTA_Interrupt              0x11c7    0x30  Code  Gb  GPIO.o [1]
PORTB_Interrupt              0x11f7    0x30  Code  Gb  GPIO.o [1]
PORTC_Interrupt              0x1227    0x20  Code  Gb  GPIO.o [1]
PORTD_Interrupt              0x1247    0x30  Code  Gb  GPIO.o [1]
PORTE_Interrupt              0x1277    0x20  Code  Gb  GPIO.o [1]
PORTX                   0x1fff'0428    0x14  Data  Gb  GPIO.o [1]
P_Set                   0x1fff'043c    0x10  Data  Gb  main.o [1]
Para_Refresh                 0x34e9     0xe  Code  Gb  MecanumWheelControl.o [1]
QuitSetFlag             0x1fff'053c     0x4  Data  Gb  DebugFuction.o [1]
RS_Now                  0x1fff'0bf8     0xc  Data  Gb  MecanumWheelControl.o [1]
ReceiveBuff             0x1fff'0520     0x4  Data  Gb  DebugFuction.o [1]
ReceiveCMD_Remote            0x1799   0x110  Code  Gb  DebugFuction.o [1]
ReceiveIndex            0x1fff'051c     0x4  Data  Gb  DebugFuction.o [1]
Region$$Table$$Base          0x4a0c           --   Gb  - Linker created -
Region$$Table$$Limit         0x4a1c           --   Gb  - Linker created -
RemoteInit                   0x1785    0x14  Code  Gb  DebugFuction.o [1]
Reset                        0x3c29    0x30  Code  Gb  image_deal.o [1]
Right                   0x1fff'0854    0x78  Data  Gb  image_deal.o [1]
Right_Flag              0x1fff'0944    0x78  Data  Gb  image_deal.o [1]
RunMode                 0x1fff'6441     0x1  Data  Gb  DebugFuction.o [1]
SPIN                    0x1fff'04f0     0xc  Data  Gb  SPI.o [1]
Series_Control               0x3795    0x9a  Code  Gb  MecanumWheelControl.o [1]
Series_Sendout_init          0x1a31    0x14  Code  Gb  DebugFuction.o [1]
Series_deviation_received
                        0x1fff'0a40     0x4  Data  Gb  main.o [1]
SetTargetSpeed_Car           0x350b     0xe  Code  Gb  MecanumWheelControl.o [1]
SpeedClean                   0x36b5    0x16  Code  Gb  MecanumWheelControl.o [1]
SpeedCount              0x1fff'0bd8    0x10  Data  Gb  MecanumWheelControl.o [1]
Speed_get               0x1fff'0be8    0x10  Data  Gb  MecanumWheelControl.o [1]
Speed_watch             0x1fff'0a4c    0x10  Data  Gb  main.o [1]
StartReceive            0x1fff'6440     0x1  Data  Gb  DebugFuction.o [1]
TFTSPI                  0x1fff'644b     0x1  Data  Gb  TFTDriver.o [1]
TFTSPICS                0x1fff'644c     0x1  Data  Gb  TFTDriver.o [1]
TFT_init                      0xbb9   0x280  Code  Gb  TFTDriver.o [1]
TFT_showchar                  0xe39    0x8e  Code  Gb  TFTDriver.o [1]
TFT_showint8                  0xf2b    0x9c  Code  Gb  TFTDriver.o [1]
TFT_showstr                   0xee1    0x4a  Code  Gb  TFTDriver.o [1]
TimeCount_test          0x1fff'0a5c     0x4  Data  Gb  main.o [1]
UART0_IRQHandler             0x1f15     0x8  Code  Gb  UART.o [1]
UART1_IRQHandler             0x1f1d    0x24  Code  Gb  UART.o [1]
UART2_IRQHandler             0x15f9    0x38  Code  Gb  SEEKFREE_MT9V032.o [1]
UART3_IRQHandler             0x1f41    0x24  Code  Gb  UART.o [1]
UART4_IRQHandler             0x1f65    0x18  Code  Gb  UART.o [1]
UARTN                   0x1fff'04fc    0x14  Data  Gb  UART.o [1]
UART_Get_Char                0x1e4f    0x1a  Code  Gb  UART.o [1]
UART_Init                    0x1cb7   0x198  Code  Gb  UART.o [1]
UART_Irq_En                  0x1ea3    0x72  Code  Gb  UART.o [1]
UART_Put_Buff                0x1e83    0x20  Code  Gb  UART.o [1]
UART_Put_Char                0x1e69    0x1a  Code  Gb  UART.o [1]
UseBeep_Flag            0x1fff'0540     0x4  Data  Gb  DebugFuction.o [1]
VSYNC                        0x16ed    0x56  Code  Gb  SEEKFREE_MT9V032.o [1]
WheelControl            0x1fff'0a60   0x120  Data  Gb  MecanumWheelControl.o [1]
Wheels_FTMChannel       0x1fff'0484     0x8  Data  Gb  MecanumWheelControl.o [1]
_PrintfTiny                  0x319d   0x126  Code  Gb  xprintftiny.o [2]
_Prout                       0x4aed    0x16  Code  Gb  xprout.o [2]
_SProut                      0x1c97     0xa  Code  Gb  xsprout.o [2]
__BOOT_STACK_ADDRESS {Abs}
                        0x2002'fff8          Data  Gb  <internal module>
__VECTOR_RAM {Abs}      0x1fff'0000          Data  Gb  <internal module>
__VECTOR_TABLE {Abs}            0x0          Data  Gb  <internal module>
__aeabi_d2f                  0x2b2d          Code  Gb  DblToFlt.o [3]
__aeabi_ddiv                 0x28e5          Code  Gb  DblDiv.o [3]
__aeabi_dmul                 0x2741          Code  Gb  DblMul.o [3]
__aeabi_memcpy4              0x1c09          Code  Gb  ABImemcpy.o [4]
__aeabi_memcpy8              0x1c09          Code  Gb  ABImemcpy.o [4]
__aeabi_ui2d                 0x2725          Code  Gb  U32ToDbl.o [3]
__cmain                      0x4a8d          Code  Gb  cmain.o [4]
__dwrite                     0x4a4d    0x1e  Code  Gb  dwrite.o [5]
__exit                       0x4ac1    0x14  Code  Gb  exit.o [5]
__hard_fault_handler_asm
                              0x44d          Code  Gb  crt0.o [1]
__iar_close_ttio             0x4851    0x2e  Code  Gb  iarttio.o [5]
__iar_data_init3             0x497d    0x28  Code  Gb  data_init.o [4]
__iar_get_ttio               0x4881    0x4c  Code  Gb  iarttio.o [5]
__iar_init_vfp               0x49c9          Code  Gb  fpinit_M.o [3]
__iar_lookup_ttioh           0x48ff     0x4  Code  Gb  XShttio.o [2]
__iar_program_start          0x4bdd          Code  Gb  cstartup_M.o [4]
__iar_sh_stdout              0x4a6b    0x20  Code  Gb  iarwstd.o [5]
__iar_sh_write               0x49eb    0x22  Code  Gb  iarwrite.o [5]
__iar_ttio_guard_lock        0x48d1    0x1e  Code  Gb  XShttio.o [2]
__iar_ttio_guard_unlock
                             0x48ef    0x10  Code  Gb  XShttio.o [2]
__iar_ttio_handles      0x1fff'0510     0x8  Data  Lc  XShttio.o [2]
__iar_zero_init3             0x104b    0x3a  Code  Gb  zero_init3.o [4]
__low_level_init             0x4aab     0x4  Code  Gb  low_level_init.o [2]
__startup                     0x411          Code  Gb  crt0.o [1]
__vector_table                  0x0   0x1d0  Data  Gb  vectors.o [1]
__write                      0x4a3d    0x10  Code  Gb  write.o [5]
_call_main                   0x4a99          Code  Gb  cmain.o [4]
_exit                        0x4ab5          Code  Gb  cexit.o [4]
_main                        0x4aa7          Code  Gb  cmain.o [4]
abort_isr                    0x452d    0x14  Code  Gb  vectors.o [1]
abs                          0x1c8f     0x8  Code  Gb  abs.o [2]
average_piancha         0x1fff'0a3c     0x4  Data  Gb  image_deal.o [1]
bottom_row              0x1fff'6443     0x1  Data  Gb  image_deal.o [1]
bus_clk_M               0x1fff'0c18     0x4  Data  Gb  PLL.o [1]
camera_init                  0x1631    0xbc  Code  Gb  SEEKFREE_MT9V032.o [1]
common_startup               0x4783    0x6e  Code  Gb  start.o [1]
core_clk_M              0x1fff'0c14     0x4  Data  Gb  PLL.o [1]
count_init              0x1fff'0544    0x40  Data  Gb  DMA.o [1]
default_isr                  0x451d    0x10  Code  Gb  vectors.o [1]
displayimage032               0xfc7    0x84  Code  Gb  TFTDriver.o [1]
dsp_single_colour             0xb83    0x36  Code  Gb  TFTDriver.o [1]
enable_irq                   0x254d     0xa  Code  Gb  common.o [1]
exit                         0x4aaf     0x4  Code  Gb  exit.o [2]
f                       0x1fff'0a48     0x4  Data  Gb  main.o [1]
find_light                   0x3c59    0x72  Code  Gb  image_deal.o [1]
find_loop                    0x3e3f    0x28  Code  Gb  image_deal.o [1]
find_loop_flag          0x1fff'6446     0x1  Data  Gb  image_deal.o [1]
found_flag              0x1fff'6444     0x1  Data  Gb  image_deal.o [1]
hard_fault_handler_c         0x4541    0x96  Code  Gb  vectors.o [1]
image                   0x1fff'0c1c  0x5820  Data  Gb  SEEKFREE_MT9V032.o [1]
light_delay_flag        0x1fff'6445     0x1  Data  Gb  image_deal.o [1]
light_flag              0x1fff'6447     0x1  Data  Gb  image_deal.o [1]
main                         0x3eb5    0xbc  Code  Gb  main.o [1]
mid_findlight                0x3ccd   0x172  Code  Gb  image_deal.o [1]
mt9v032_finish_flag     0x1fff'644a     0x1  Data  Gb  SEEKFREE_MT9V032.o [1]
out                          0x3185    0x18  Code  Lc  xprintftiny.o [2]
printf                       0x4635    0x28  Code  Gb  printf.o [2]
putchar                      0x4a1d    0x20  Code  Gb  putchar.o [2]
receive                 0x1fff'643c     0x4  Data  Gb  SEEKFREE_MT9V032.o [1]
receive_num             0x1fff'6448     0x1  Data  Gb  SEEKFREE_MT9V032.o [1]
row_finished                 0x1743     0x8  Code  Gb  SEEKFREE_MT9V032.o [1]
set_irq_priority             0x2557     0xa  Code  Gb  common.o [1]
set_pit                       0x45f          Code  Gb  crt0.o [1]
spi_init                     0x12d1   0x1b6  Code  Gb  SPI.o [1]
spi_mosi                     0x1487   0x11c  Code  Gb  SPI.o [1]
sprintf                      0x2f7d    0x40  Code  Gb  sprintf.o [2]
start                        0x4769    0x1a  Code  Gb  start.o [1]
strlen                       0x32c5          Code  Gb  strlen.o [4]
temp                    0x1fff'0a34     0x4  Data  Gb  image_deal.o [1]
temp_Speed              0x1fff'0bc8    0x10  Data  Gb  MecanumWheelControl.o [1]
temp_piancha            0x1fff'0a38     0x4  Data  Gb  image_deal.o [1]
tft_ascii                     0x48c   0x5f0  Data  Gb  TFTDriver.o [1]
tft_delay                     0xa7d     0xa  Code  Gb  TFTDriver.o [1]
top_row                 0x1fff'6442     0x1  Data  Gb  image_deal.o [1]
ttio_guard              0x1fff'644d     0x1  Data  Lc  XShttio.o [2]
uart_receive_flag       0x1fff'0518     0x1  Data  Gb  SEEKFREE_MT9V032.o [1]
wdog_disable                 0x481d    0x14  Code  Gb  wdog.o [1]
wdog_unlock                  0x4835    0x14  Code  Gb  wdog.o [1]
write_vtor                   0x2535     0x6  Code  Gb  common.o [1]


[1] = D:\智能车\麦轮信标\程序\K66框架\K66Framework\K66程序-主控\Debug\Obj
[2] = dl7M_tln.a
[3] = m7M_tls.a
[4] = rt7M_tl.a
[5] = shb_l.a

  15 646 bytes of readonly  code memory
   3 214 bytes of readonly  data memory
  24 635 bytes of readwrite data memory

Errors: none
Warnings: none
