###############################################################################
#
# IAR ELF Linker V8.30.1.114/W32 for ARM                  10/May/2019  01:07:46
# Copyright 2007-2018 IAR Systems AB.
#
#    Output file  =  
#        D:\智能车\麦轮信标\程序\K66框架\K66Framework\K66程序-主控\Debug\Exe\LQ_K66FX_LPTMR.out
#    Map file     =  
#        D:\智能车\麦轮信标\程序\K66框架\K66Framework\K66程序-主控\Debug\List\LQ_K66FX_LPTMR.map
#    Command line =  
#        -f C:\Users\zhuzh\AppData\Local\Temp\EW29E5.tmp
#        (D:\智能车\麦轮信标\程序\K66框架\K66Framework\K66程序-主控\Debug\Obj\ADC.o
#        D:\智能车\麦轮信标\程序\K66框架\K66Framework\K66程序-主控\Debug\Obj\AttitudeCalculation.o
#        D:\智能车\麦轮信标\程序\K66框架\K66Framework\K66程序-主控\Debug\Obj\common.o
#        D:\智能车\麦轮信标\程序\K66框架\K66Framework\K66程序-主控\Debug\Obj\crt0.o
#        D:\智能车\麦轮信标\程序\K66框架\K66Framework\K66程序-主控\Debug\Obj\DebugFuction.o
#        D:\智能车\麦轮信标\程序\K66框架\K66Framework\K66程序-主控\Debug\Obj\DMA.o
#        D:\智能车\麦轮信标\程序\K66框架\K66Framework\K66程序-主控\Debug\Obj\FTM.o
#        D:\智能车\麦轮信标\程序\K66框架\K66Framework\K66程序-主控\Debug\Obj\GPIO.o
#        D:\智能车\麦轮信标\程序\K66框架\K66Framework\K66程序-主控\Debug\Obj\I2C.o
#        D:\智能车\麦轮信标\程序\K66框架\K66Framework\K66程序-主控\Debug\Obj\image_deal.o
#        D:\智能车\麦轮信标\程序\K66框架\K66Framework\K66程序-主控\Debug\Obj\LPTMR.o
#        D:\智能车\麦轮信标\程序\K66框架\K66Framework\K66程序-主控\Debug\Obj\LQ12864.o
#        D:\智能车\麦轮信标\程序\K66框架\K66Framework\K66程序-主控\Debug\Obj\LQKEY.o
#        D:\智能车\麦轮信标\程序\K66框架\K66Framework\K66程序-主控\Debug\Obj\LQLED.o
#        D:\智能车\麦轮信标\程序\K66框架\K66Framework\K66程序-主控\Debug\Obj\main.o
#        D:\智能车\麦轮信标\程序\K66框架\K66Framework\K66程序-主控\Debug\Obj\MecanumWheelControl.o
#        D:\智能车\麦轮信标\程序\K66框架\K66Framework\K66程序-主控\Debug\Obj\MPU6050Drive.o
#        D:\智能车\麦轮信标\程序\K66框架\K66Framework\K66程序-主控\Debug\Obj\MPU9250.o
#        D:\智能车\麦轮信标\程序\K66框架\K66Framework\K66程序-主控\Debug\Obj\PIT.o
#        D:\智能车\麦轮信标\程序\K66框架\K66Framework\K66程序-主控\Debug\Obj\PLL.o
#        D:\智能车\麦轮信标\程序\K66框架\K66Framework\K66程序-主控\Debug\Obj\RTC.o
#        D:\智能车\麦轮信标\程序\K66框架\K66Framework\K66程序-主控\Debug\Obj\SEEKFREE_MT9V032.o
#        D:\智能车\麦轮信标\程序\K66框架\K66Framework\K66程序-主控\Debug\Obj\SPI.o
#        D:\智能车\麦轮信标\程序\K66框架\K66Framework\K66程序-主控\Debug\Obj\start.o
#        D:\智能车\麦轮信标\程序\K66框架\K66Framework\K66程序-主控\Debug\Obj\Systick.o
#        D:\智能车\麦轮信标\程序\K66框架\K66Framework\K66程序-主控\Debug\Obj\TFTDriver.o
#        D:\智能车\麦轮信标\程序\K66框架\K66Framework\K66程序-主控\Debug\Obj\TSL1402.o
#        D:\智能车\麦轮信标\程序\K66框架\K66Framework\K66程序-主控\Debug\Obj\UART.o
#        D:\智能车\麦轮信标\程序\K66框架\K66Framework\K66程序-主控\Debug\Obj\vectors.o
#        D:\智能车\麦轮信标\程序\K66框架\K66Framework\K66程序-主控\Debug\Obj\wdog.o
#        --no_out_extension -o
#        D:\智能车\麦轮信标\程序\K66框架\K66Framework\K66程序-主控\Debug\Exe\LQ_K66FX_LPTMR.out
#        --map
#        D:\智能车\麦轮信标\程序\K66框架\K66Framework\K66程序-主控\Debug\List\LQ_K66FX_LPTMR.map
#        --config
#        D:\智能车\麦轮信标\程序\K66框架\K66Framework\K66程序-主控\src\Project_Setting\Linker_Files\LQK66FLASH1M.icf
#        --semihosting --entry __iar_program_start --vfe --text_out locale)
#
###############################################################################

*******************************************************************************
*** RUNTIME MODEL ATTRIBUTES
***

CppFlavor       = *
__SystemLibrary = DLib
__dlib_version  = 6


*******************************************************************************
*** HEAP SELECTION
***

The basic heap was selected because no calls to memory allocation
functions were found in the application outside of system library
functions, and there are calls to deallocation functions in the
application.


*******************************************************************************
*** PLACEMENT SUMMARY
***

"A0":  place at 0x0 { ro section .intvec };
"A1":  place at 0x410 { ro section .noinit };
define block CodeRelocate { section .textrw_init };
"P1":  place in [from 0x0 to 0x10'0000] |
                [from 0x1000'0000 to 0x1004'0000] { ro, block CodeRelocate };
define block CodeRelocateRam { section .textrw };
define block CSTACK with size = 8K, alignment = 8 { };
define block HEAP with size = 16K, alignment = 8 { };
"P2":  place in [from 0x1fff'0410 to 0x2003'0000] {
          rw, block CodeRelocateRam, block CSTACK, block HEAP };
initialize manually with packing = copy, complex ranges { section .data };

No sections matched the following patterns:

  section .textrw       in block CodeRelocateRam
  section .textrw_init  in block CodeRelocate


  Section              Kind         Address    Size  Object
  -------              ----         -------    ----  ------
"A0":                                         0x1d0
  .intvec              const            0x0   0x1d0  vectors.o [1]
                                    - 0x1d0   0x1d0

"P1", part 1 of 3:                              0x0
  .rodata              const          0x1d0     0x0  zero_init3.o [4]

"P1", part 2 of 3:                              0x0
  CodeRelocate                        0x1d0     0x0  <Block>

"A1":                                          0x7c
  .noinit              ro code        0x410    0x7c  crt0.o [1]
                                    - 0x48c    0x7c

"P1", part 3 of 3:                           0x479c
  .text                ro code        0x48c   0x724  main.o [1]
  .text                ro code        0xbb0   0x5d4  MecanumWheelControl.o [1]
  .text                ro code       0x1184   0x640  TFTDriver.o [1]
  .text                ro code       0x17c4   0x3a8  LQ12864.o [1]
  .text                ro code       0x1b6c    0x2c  TSL1402.o [1]
  .text                ro code       0x1b98   0x280  MPU6050Drive.o [1]
  .text                ro code       0x1e18    0x68  AttitudeCalculation.o [1]
  .text                ro code       0x1e80   0x270  DebugFuction.o [1]
  .text                ro code       0x20f0   0x148  PLL.o [1]
  .text                ro code       0x2238   0x1c8  LQLED.o [1]
  .text                ro code       0x2400   0x320  UART.o [1]
  .text                ro code       0x2720    0x84  PIT.o [1]
  .text                ro code       0x27a4   0x1d8  GPIO.o [1]
  .text                ro code       0x297c    0x48  FltToDbl.o [3]
  .text                ro code       0x29c4   0x1a2  DblMul.o [3]
  .text                ro code       0x2b66    0x3a  zero_init3.o [4]
  .text                ro code       0x2ba0    0x68  DblToFlt.o [3]
  .text                ro code       0x2c08   0x17a  DblAdd.o [3]
  .text                ro code       0x2d82     0xa  xsprout.o [2]
  .text                ro code       0x2d8c   0x38c  FTM.o [1]
  .text                ro code       0x3118   0x244  DMA.o [1]
  .text                ro code       0x335c   0x328  SPI.o [1]
  .text                ro code       0x3684   0x2c4  I2C.o [1]
  .text                ro code       0x3948    0x40  sprintf.o [2]
  .text                ro code       0x3988    0xc4  SEEKFREE_MT9V032.o [1]
  .text                ro code       0x3a4c    0xd2  DblSub.o [3]
  .text                ro code       0x3b20    0x86  ABImemcpy.o [4]
  .text                ro code       0x3ba6     0x8  abs.o [2]
  .text                ro code       0x3bae   0x13e  xprintftiny.o [2]
  .text                ro code       0x3cec    0x2e  common.o [1]
  .text                ro code       0x3d1c    0x36  strlen.o [4]
  .rodata              const         0x3d54   0x5f0  TFTDriver.o [1]
  .rodata              const         0x4344   0x228  LQ12864.o [1]
  .text                ro code       0x456c   0x118  vectors.o [1]
  .text                ro code       0x4684    0x28  printf.o [2]
  .data_init                         0x46ac    0xec  <Block>
    Initializer bytes  const         0x46ac    0xec  <for .data-1>
  .text                ro code       0x4798    0xb4  start.o [1]
  .text                ro code       0x484c    0x34  wdog.o [1]
  .text                ro code       0x4880    0x80  iarttio.o [5]
  .text                ro code       0x4900    0x3c  XShttio.o [2]
  .rodata              const         0x493c    0x40  SPI.o [1]
  .rodata              const         0x497c    0x30  vectors.o [1]
  .text                ro code       0x49ac    0x28  data_init.o [4]
  .rodata              const         0x49d4    0x24  vectors.o [1]
  .text                ro code       0x49f8    0x22  fpinit_M.o [3]
  .text                ro code       0x4a1a    0x22  iarwrite.o [5]
  .iar.init_table      const         0x4a3c    0x10  - Linker created -
  .text                ro code       0x4a4c    0x20  putchar.o [2]
  .text                ro code       0x4a6c    0x10  write.o [5]
  .text                ro code       0x4a7c    0x1e  dwrite.o [5]
  .text                ro code       0x4a9a    0x20  iarwstd.o [5]
  .text                ro code       0x4abc    0x1e  cmain.o [4]
  .text                ro code       0x4ada     0x4  low_level_init.o [2]
  .text                ro code       0x4ade     0x4  exit.o [2]
  .text                ro code       0x4ae4     0xa  cexit.o [4]
  .text                ro code       0x4af0    0x14  exit.o [5]
  .text                ro code       0x4b04    0x1c  LPTMR.o [1]
  .rodata              const         0x4b20    0x18  vectors.o [1]
  .text                ro code       0x4b38    0x16  xprout.o [2]
  .rodata              const         0x4b50    0x14  UART.o [1]
  .rodata              const         0x4b64     0xc  main.o [1]
  .rodata              const         0x4b70     0xc  main.o [1]
  .rodata              const         0x4b7c     0xc  vectors.o [1]
  .rodata              const         0x4b88     0xc  vectors.o [1]
  .rodata              const         0x4b94     0xc  vectors.o [1]
  .rodata              const         0x4ba0     0xc  vectors.o [1]
  .rodata              const         0x4bac     0xc  vectors.o [1]
  .rodata              const         0x4bb8     0xc  vectors.o [1]
  .rodata              const         0x4bc4     0xc  vectors.o [1]
  .rodata              const         0x4bd0     0xc  vectors.o [1]
  .rodata              const         0x4bdc     0xc  vectors.o [1]
  .rodata              const         0x4be8     0xc  vectors.o [1]
  .rodata              const         0x4bf4     0xc  vectors.o [1]
  .rodata              const         0x4c00     0xc  vectors.o [1]
  .rodata              const         0x4c0c     0xc  vectors.o [1]
  .text                ro code       0x4c18     0xc  cstartup_M.o [4]
  .rodata              const         0x4c24     0x4  SPI.o [1]
                                   - 0x4c28  0x479c

"P2", part 1 of 3:                             0xec
  .data                         0x1fff'0410    0xec  <Block>
    .data-1                     0x1fff'0410    0xea  <Init block>
      .data            inited   0x1fff'0410     0x4  AttitudeCalculation.o [1]
      .data            inited   0x1fff'0414     0x4  DebugFuction.o [1]
      .data            inited   0x1fff'0418    0x14  GPIO.o [1]
      .data            inited   0x1fff'042c    0x14  GPIO.o [1]
      .data            inited   0x1fff'0440     0x8  I2C.o [1]
      .data            inited   0x1fff'0448    0x10  main.o [1]
      .data            inited   0x1fff'0458    0x10  main.o [1]
      .data            inited   0x1fff'0468    0x10  main.o [1]
      .data            inited   0x1fff'0478     0x4  main.o [1]
      .data            inited   0x1fff'047c     0x4  main.o [1]
      .data            inited   0x1fff'0480     0x4  main.o [1]
      .data            inited   0x1fff'0484     0x4  main.o [1]
      .data            inited   0x1fff'0488     0x8  MecanumWheelControl.o [1]
      .data            inited   0x1fff'0490    0x10  MecanumWheelControl.o [1]
      .data            inited   0x1fff'04a0     0x4  MecanumWheelControl.o [1]
      .data            inited   0x1fff'04a4     0x4  MecanumWheelControl.o [1]
      .data            inited   0x1fff'04a8    0x10  MecanumWheelControl.o [1]
      .data            inited   0x1fff'04b8    0x10  MecanumWheelControl.o [1]
      .data            inited   0x1fff'04c8     0x4  MecanumWheelControl.o [1]
      .data            inited   0x1fff'04cc     0x4  MecanumWheelControl.o [1]
      .data            inited   0x1fff'04d0     0xc  SPI.o [1]
      .data            inited   0x1fff'04dc    0x14  UART.o [1]
      .data            inited   0x1fff'04f0     0x8  XShttio.o [2]
      .data            inited   0x1fff'04f8     0x1  main.o [1]
      .data            inited   0x1fff'04f9     0x1  SEEKFREE_MT9V032.o [1]
                              - 0x1fff'04fc    0xec

"P2", part 2 of 3:                           0x5b34
  .bss                          0x1fff'04fc  0x5b34  <Block>
    .bss               zero     0x1fff'04fc     0x4  AttitudeCalculation.o [1]
    .bss               zero     0x1fff'0500     0x4  DebugFuction.o [1]
    .bss               zero     0x1fff'0504     0x4  DebugFuction.o [1]
    .bss               zero     0x1fff'0508     0x4  DebugFuction.o [1]
    .bss               zero     0x1fff'050c     0x4  DebugFuction.o [1]
    .bss               zero     0x1fff'0510     0x4  DebugFuction.o [1]
    .bss               zero     0x1fff'0514    0x40  DMA.o [1]
    .bss               zero     0x1fff'0554     0x4  main.o [1]
    .bss               zero     0x1fff'0558    0x10  main.o [1]
    .bss               zero     0x1fff'0568     0x4  main.o [1]
    .bss               zero     0x1fff'056c     0x4  main.o [1]
    .bss               zero     0x1fff'0570    0x80  main.o [1]
    .bss               zero     0x1fff'05f0     0x4  main.o [1]
    .bss               zero     0x1fff'05f4    0x10  main.o [1]
    .bss               zero     0x1fff'0604     0x4  main.o [1]
    .bss               zero     0x1fff'0608     0x4  main.o [1]
    .bss               zero     0x1fff'060c     0x4  main.o [1]
    .bss               zero     0x1fff'0610     0x4  main.o [1]
    .bss               zero     0x1fff'0614   0x120  MecanumWheelControl.o [1]
    .bss               zero     0x1fff'0734    0x48  MecanumWheelControl.o [1]
    .bss               zero     0x1fff'077c    0x10  MecanumWheelControl.o [1]
    .bss               zero     0x1fff'078c    0x10  MecanumWheelControl.o [1]
    .bss               zero     0x1fff'079c    0x10  MecanumWheelControl.o [1]
    .bss               zero     0x1fff'07ac     0xc  MecanumWheelControl.o [1]
    .bss               zero     0x1fff'07b8    0x10  MecanumWheelControl.o [1]
    .bss               zero     0x1fff'07c8    0x18  MPU6050Drive.o [1]
    .bss               zero     0x1fff'07e0    0x18  MPU6050Drive.o [1]
    .bss               zero     0x1fff'07f8     0x4  PLL.o [1]
    .bss               zero     0x1fff'07fc     0x4  PLL.o [1]
    .bss               zero     0x1fff'0800  0x5820  SEEKFREE_MT9V032.o [1]
    .bss               zero     0x1fff'6020     0x4  SEEKFREE_MT9V032.o [1]
    .bss               zero     0x1fff'6024     0x1  DebugFuction.o [1]
    .bss               zero     0x1fff'6025     0x1  DebugFuction.o [1]
    .bss               zero     0x1fff'6026     0x1  DebugFuction.o [1]
    .bss               zero     0x1fff'6027     0x1  main.o [1]
    .bss               zero     0x1fff'6028     0x1  SEEKFREE_MT9V032.o [1]
    .bss               zero     0x1fff'6029     0x1  SEEKFREE_MT9V032.o [1]
    .bss               zero     0x1fff'602a     0x1  SEEKFREE_MT9V032.o [1]
    .bss               zero     0x1fff'602b     0x1  TFTDriver.o [1]
    .bss               zero     0x1fff'602c     0x1  TFTDriver.o [1]
    .bss               zero     0x1fff'602d     0x1  XShttio.o [2]
                              - 0x1fff'6030  0x5b34

"P2", part 3 of 3:                              0x0
  CodeRelocateRam               0x1fff'6030     0x0  <Block>

Unused ranges:

         From           To      Size
         ----           --      ----
        0x1d0        0x40f     0x240
       0x4c28    0x10'0000  0xf'b3d9
  0x1000'0000  0x1004'0000  0x4'0001
  0x1fff'6030  0x2003'0000  0x3'9fd1


*******************************************************************************
*** INIT TABLE
***

          Address      Size
          -------      ----
Zero (__iar_zero_init3)
    1 destination range, total size 0x5b32:
          0x1fff'04fc  0x5b32



*******************************************************************************
*** MODULE SUMMARY
***

    Module                 ro code  ro data  rw data
    ------                 -------  -------  -------
command line/config:
    ------------------------------------------------
    Total:

D:\智能车\麦轮信标\程序\K66框架\K66Framework\K66程序-主控\Debug\Obj: [1]
    AttitudeCalculation.o      104        4        8
    DMA.o                      580                64
    DebugFuction.o             624        4       27
    FTM.o                      908
    GPIO.o                     472       40       40
    I2C.o                      708        8        8
    LPTMR.o                     28
    LQ12864.o                  936      552
    LQLED.o                    456
    MPU6050Drive.o             640                48
    MecanumWheelControl.o    1 492       72      508
    PIT.o                      132
    PLL.o                      328                 8
    SEEKFREE_MT9V032.o         196        1   22 568
    SPI.o                      808       80       12
    TFTDriver.o              1 600    1 520        2
    TSL1402.o                   44
    UART.o                     800       40       20
    common.o                    46
    crt0.o                     124
    main.o                   1 828       89      258
    start.o                    180
    vectors.o                  280      728
    wdog.o                      52
    ------------------------------------------------
    Total:                  13 366    3 138   23 571

dl7M_tln.a: [2]
    XShttio.o                   60        8        9
    abs.o                        8
    exit.o                       4
    low_level_init.o             4
    printf.o                    40
    putchar.o                   32
    sprintf.o                   64
    xprintftiny.o              318
    xprout.o                    22
    xsprout.o                   10
    ------------------------------------------------
    Total:                     562        8        9

m7M_tls.a: [3]
    DblAdd.o                   378
    DblMul.o                   418
    DblSub.o                   210
    DblToFlt.o                 104
    FltToDbl.o                  72
    fpinit_M.o                  34
    ------------------------------------------------
    Total:                   1 216

rt7M_tl.a: [4]
    ABImemcpy.o                134
    cexit.o                     10
    cmain.o                     30
    cstartup_M.o                12
    data_init.o                 40
    strlen.o                    54
    zero_init3.o                58
    ------------------------------------------------
    Total:                     338

shb_l.a: [5]
    dwrite.o                    30
    exit.o                      20
    iarttio.o                  128
    iarwrite.o                  34
    iarwstd.o                   32
    write.o                     16
    ------------------------------------------------
    Total:                     260

    Gaps                        10        4
    Linker created                       18
----------------------------------------------------
    Grand Total:            15 752    3 168   23 580


*******************************************************************************
*** ENTRY LIST
***

Entry                       Address    Size  Type      Object
-----                       -------    ----  ----      ------
.bss$$Base              0x1fff'04fc           --   Gb  - Linker created -
.bss$$Limit             0x1fff'6030           --   Gb  - Linker created -
.data$$Base             0x1fff'0410           --   Gb  - Linker created -
.data$$Limit            0x1fff'04fc           --   Gb  - Linker created -
.data_init$$Base             0x46ac           --   Gb  - Linker created -
.data_init$$Limit            0x4798           --   Gb  - Linker created -
.iar.init_table$$Base        0x4a3c           --   Gb  - Linker created -
.iar.init_table$$Limit       0x4a4c           --   Gb  - Linker created -
?main                        0x4abd          Code  Gb  cmain.o [4]
Accel_OriginData        0x1fff'07c8    0x18  Data  Gb  MPU6050Drive.o [1]
Button                  0x1fff'0414     0x4  Data  Gb  DebugFuction.o [1]
ButtonScan_interrupt         0x1fe3    0xd4  Code  Gb  DebugFuction.o [1]
CA1                     0x1fff'6027     0x1  Data  Gb  main.o [1]
CalTargetSpeed_EachWheel
                              0xdc7    0x66  Code  Gb  MecanumWheelControl.o [1]
Car_Speed_Rotate        0x1fff'0734    0x48  Data  Gb  MecanumWheelControl.o [1]
CodeRelocate$$Base            0x1d0           --   Gb  - Linker created -
CodeRelocate$$Limit           0x1d0           --   Gb  - Linker created -
CodeRelocateRam$$Base   0x1fff'6030           --   Gb  - Linker created -
CodeRelocateRam$$Limit  0x1fff'6030           --   Gb  - Linker created -
ControlCar_FromAnalog        0x1f23    0x12  Code  Gb  DebugFuction.o [1]
ControlValue_Closeloop  0x1fff'07b8    0x10  Data  Gb  MecanumWheelControl.o [1]
DMA_CH4_Handler              0x330d    0x1c  Code  Gb  DMA.o [1]
DMA_Count_Get                0x32df    0x18  Code  Gb  DMA.o [1]
DMA_Count_Init               0x3119   0x1c6  Code  Gb  DMA.o [1]
DMA_Count_Reset              0x32f7    0x16  Code  Gb  DMA.o [1]
D_Set                   0x1fff'0458    0x10  Data  Gb  main.o [1]
DeadBand_Set            0x1fff'0558    0x10  Data  Gb  main.o [1]
EncoderDirectionPort    0x1fff'04a8    0x10  Data  Gb  MecanumWheelControl.o [1]
EncoderMeasure_Init           0xec1    0x52  Code  Gb  MecanumWheelControl.o [1]
Encoder_DMAChannel      0x1fff'04a0     0x4  Data  Gb  MecanumWheelControl.o [1]
Encoder_Direction       0x1fff'04c8     0x4  Data  Gb  MecanumWheelControl.o [1]
Encoder_PORT            0x1fff'04a4     0x4  Data  Gb  MecanumWheelControl.o [1]
Encoder_PORTIndex_Direction
                        0x1fff'04b8    0x10  Data  Gb  MecanumWheelControl.o [1]
F6x8                         0x4344   0x228  Data  Gb  LQ12864.o [1]
FTM0_interrupt               0x3071     0xe  Code  Gb  FTM.o [1]
FTM1_interrupt               0x307f     0xe  Code  Gb  FTM.o [1]
FTM2_interrupt               0x308d     0xe  Code  Gb  FTM.o [1]
FTMType_Use             0x1fff'0490    0x10  Data  Gb  MecanumWheelControl.o [1]
FTM_PWM_Duty                 0x3007    0x6a  Code  Gb  FTM.o [1]
FTM_PWM_Init                 0x2d8d   0x27a  Code  Gb  FTM.o [1]
Flag_MeasureDistance    0x1fff'04f8     0x1  Data  Gb  main.o [1]
Flag_Reverse            0x1fff'04cc     0x4  Data  Gb  MecanumWheelControl.o [1]
GPIOX                   0x1fff'0418    0x14  Data  Gb  GPIO.o [1]
GPIO_Ctrl                    0x2829    0x22  Code  Gb  GPIO.o [1]
GPIO_Get                     0x2859    0x1c  Code  Gb  GPIO.o [1]
GPIO_Init                    0x27a5    0x84  Code  Gb  GPIO.o [1]
GPIO_Reverse                 0x284b     0xe  Code  Gb  GPIO.o [1]
GYRO_OriginData         0x1fff'07e0    0x18  Data  Gb  MPU6050Drive.o [1]
GetAngle_FromGYRO            0x1e19    0x58  Code  Gb  AttitudeCalculation.o [1]
GetData                      0x1c3b    0x30  Code  Gb  MPU6050Drive.o [1]
GetPIDControlValue            0xc57   0x140  Code  Gb  MecanumWheelControl.o [1]
GetRemoteCMDData             0x1ea9    0x7a  Code  Gb  DebugFuction.o [1]
GetSpeed                      0xf13    0x78  Code  Gb  MecanumWheelControl.o [1]
Get_AccData                  0x1c6d    0x9c  Code  Gb  MPU6050Drive.o [1]
Get_Gyro                     0x1d09    0x22  Code  Gb  MPU6050Drive.o [1]
Get_Offset                   0x1d2d    0xd8  Code  Gb  MPU6050Drive.o [1]
I2C_Init                     0x3685    0x70  Code  Gb  I2C.o [1]
I2C_ReadAddr                 0x3737   0x140  Code  Gb  I2C.o [1]
I2C_StartTransmission        0x36f5    0x2c  Code  Gb  I2C.o [1]
I2C_WriteAddr                0x3877    0xb8  Code  Gb  I2C.o [1]
I2Cx                    0x1fff'0440     0x8  Data  Gb  I2C.o [1]
I_Set                   0x1fff'0468    0x10  Data  Gb  main.o [1]
I_limit                 0x1fff'0478     0x4  Data  Gb  main.o [1]
ImageDealState_Now      0x1fff'6029     0x1  Data  Gb  SEEKFREE_MT9V032.o [1]
InitMPU6050                  0x1b99    0xa2  Code  Gb  MPU6050Drive.o [1]
Init_All                      0x56d    0x76  Code  Gb  main.o [1]
LCD_CLS                      0x18d3    0x3c  Code  Gb  LQ12864.o [1]
LCD_DLY_ms                   0x190f    0x16  Code  Gb  LQ12864.o [1]
LCD_Fill                     0x1893    0x40  Code  Gb  LQ12864.o [1]
LCD_Init                     0x1925   0x10c  Code  Gb  LQ12864.o [1]
LCD_P6x8Str                  0x1a8b    0x72  Code  Gb  LQ12864.o [1]
LCD_PrintInt3                0x1afd    0x68  Code  Gb  LQ12864.o [1]
LCD_PutPixel                 0x1a31    0x5a  Code  Gb  LQ12864.o [1]
LCD_Set_Pos                  0x1863    0x30  Code  Gb  LQ12864.o [1]
LCD_ShowOneLineImage         0x1b6d    0x2c  Code  Gb  TSL1402.o [1]
LCD_WrCmd                    0x1815    0x4e  Code  Gb  LQ12864.o [1]
LCD_WrDat                    0x17c5    0x4e  Code  Gb  LQ12864.o [1]
LCD_WriteData_16Bit          0x11e3    0x4a  Code  Gb  TFTDriver.o [1]
LED_Ctrl                     0x226d   0x184  Code  Gb  LQLED.o [1]
LED_Init                     0x2239    0x34  Code  Gb  LQLED.o [1]
LPTMR_Interrupt              0x4b05    0x16  Code  Gb  LPTMR.o [1]
Lcd_SetRegion                0x122d    0x5e  Code  Gb  TFTDriver.o [1]
Lcd_WriteData                0x11b9    0x2a  Code  Gb  TFTDriver.o [1]
Lcd_WriteIndex               0x118f    0x2a  Code  Gb  TFTDriver.o [1]
LeftWheel_Buff          0x1fff'0608     0x4  Data  Gb  main.o [1]
LineCCDerror            0x1fff'056c     0x4  Data  Gb  main.o [1]
Max_output              0x1fff'047c     0x4  Data  Gb  main.o [1]
MotorOutput                   0xe2f    0x92  Code  Gb  MecanumWheelControl.o [1]
Motor_init                    0xbb1    0x74  Code  Gb  MecanumWheelControl.o [1]
NVIC_EnableIRQ               0x3ced    0x14  Code  Lc  common.o [1]
NVIC_EnableIRQ               0x2721    0x14  Code  Lc  PIT.o [1]
NVIC_EnableIRQ               0x2401    0x16  Code  Lc  UART.o [1]
PIDControl_Constructor        0xc25    0x32  Code  Gb  MecanumWheelControl.o [1]
PIDControl_FunctionDefine
                              0xda5    0x14  Code  Gb  MecanumWheelControl.o [1]
PID_Speedloop_init            0xfe9    0x78  Code  Gb  MecanumWheelControl.o [1]
PID_locationloop_init        0x1061    0x4e  Code  Gb  MecanumWheelControl.o [1]
PIT0_Interrupt                0x5ed   0x512  Code  Gb  main.o [1]
PIT1_Interrupt                0xaff    0x14  Code  Gb  main.o [1]
PIT2_Interrupt                0xb13     0xc  Code  Gb  main.o [1]
PIT3_Interrupt                0xb1f     0xc  Code  Gb  main.o [1]
PIT_Init                     0x2735    0x60  Code  Gb  PIT.o [1]
PLL_Init                     0x20f1   0x148  Code  Gb  PLL.o [1]
PORTA_Interrupt              0x2875    0x30  Code  Gb  GPIO.o [1]
PORTB_Interrupt              0x28a5    0x30  Code  Gb  GPIO.o [1]
PORTC_Interrupt              0x28d5    0x20  Code  Gb  GPIO.o [1]
PORTD_Interrupt              0x28f5    0x30  Code  Gb  GPIO.o [1]
PORTE_Interrupt              0x2925    0x20  Code  Gb  GPIO.o [1]
PORTX                   0x1fff'042c    0x14  Data  Gb  GPIO.o [1]
P_Set                   0x1fff'0448    0x10  Data  Gb  main.o [1]
Para_Refresh                  0xd97     0xe  Code  Gb  MecanumWheelControl.o [1]
Pause                        0x3721    0x16  Code  Gb  I2C.o [1]
RS_Now                  0x1fff'07ac     0xc  Data  Gb  MecanumWheelControl.o [1]
ReceiveBuff             0x1fff'0508     0x4  Data  Gb  DebugFuction.o [1]
ReceiveCMD_Remote            0x1f35    0xae  Code  Gb  DebugFuction.o [1]
ReceiveIndex            0x1fff'0504     0x4  Data  Gb  DebugFuction.o [1]
Region$$Table$$Base          0x4a3c           --   Gb  - Linker created -
Region$$Table$$Limit         0x4a4c           --   Gb  - Linker created -
RemoteData              0x1fff'0500     0x4  Data  Gb  DebugFuction.o [1]
RemoteInit                   0x1e81    0x28  Code  Gb  DebugFuction.o [1]
Remote_CMD_ReceiveStatus
                        0x1fff'6026     0x1  Data  Gb  DebugFuction.o [1]
RightWheel_Buff         0x1fff'060c     0x4  Data  Gb  main.o [1]
RunMode                 0x1fff'6025     0x1  Data  Gb  DebugFuction.o [1]
SPIN                    0x1fff'04d0     0xc  Data  Gb  SPI.o [1]
Series_Control               0x10b1    0x74  Code  Gb  MecanumWheelControl.o [1]
Series_Sendout_init          0x20b7    0x14  Code  Gb  DebugFuction.o [1]
Series_deviation_received
                        0x1fff'0554     0x4  Data  Gb  main.o [1]
SetSpeed_FromRemote_Analog
                              0xfa5    0x44  Code  Gb  MecanumWheelControl.o [1]
SetTargetSpeed_Car            0xdb9     0xe  Code  Gb  MecanumWheelControl.o [1]
SpeedClean                    0xf8b    0x16  Code  Gb  MecanumWheelControl.o [1]
SpeedCount              0x1fff'078c    0x10  Data  Gb  MecanumWheelControl.o [1]
Speed_get               0x1fff'079c    0x10  Data  Gb  MecanumWheelControl.o [1]
Speed_watch             0x1fff'05f4    0x10  Data  Gb  main.o [1]
StartReceive            0x1fff'6024     0x1  Data  Gb  DebugFuction.o [1]
TFTSPI                  0x1fff'602b     0x1  Data  Gb  TFTDriver.o [1]
TFTSPICS                0x1fff'602c     0x1  Data  Gb  TFTDriver.o [1]
TFT_init                     0x12c1   0x280  Code  Gb  TFTDriver.o [1]
TFT_showchar                 0x1541    0x8e  Code  Gb  TFTDriver.o [1]
TFT_showint16                0x16cf    0xf6  Code  Gb  TFTDriver.o [1]
TFT_showint8                 0x1633    0x9c  Code  Gb  TFTDriver.o [1]
TFT_showstr                  0x15e9    0x4a  Code  Gb  TFTDriver.o [1]
TargetAngle             0x1fff'0604     0x4  Data  Gb  main.o [1]
TimeCount_test          0x1fff'0610     0x4  Data  Gb  main.o [1]
UART0_IRQHandler             0x2673     0x8  Code  Gb  UART.o [1]
UART1_IRQHandler             0x267b    0x24  Code  Gb  UART.o [1]
UART2_IRQHandler             0x3989    0x38  Code  Gb  SEEKFREE_MT9V032.o [1]
UART3_IRQHandler             0x269f     0x8  Code  Gb  UART.o [1]
UART4_IRQHandler             0x26a7    0x18  Code  Gb  UART.o [1]
UARTN                   0x1fff'04dc    0x14  Data  Gb  UART.o [1]
UART_Get_Char                0x25ad    0x1a  Code  Gb  UART.o [1]
UART_Init                    0x2417   0x196  Code  Gb  UART.o [1]
UART_Irq_En                  0x2601    0x72  Code  Gb  UART.o [1]
UART_Put_Buff                0x25e1    0x20  Code  Gb  UART.o [1]
UART_Put_Char                0x25c7    0x1a  Code  Gb  UART.o [1]
VSYNC                        0x39c1    0x56  Code  Gb  SEEKFREE_MT9V032.o [1]
WheelControl            0x1fff'0614   0x120  Data  Gb  MecanumWheelControl.o [1]
Wheel_Distance          0x1fff'0568     0x4  Data  Gb  main.o [1]
Wheels_FTMChannel       0x1fff'0488     0x8  Data  Gb  MecanumWheelControl.o [1]
_PrintfTiny                  0x3bc7   0x126  Code  Gb  xprintftiny.o [2]
_Prout                       0x4b39    0x16  Code  Gb  xprout.o [2]
_SProut                      0x2d83     0xa  Code  Gb  xsprout.o [2]
__BOOT_STACK_ADDRESS {Abs}
                        0x2002'fff8          Data  Gb  <internal module>
__VECTOR_RAM {Abs}      0x1fff'0000          Data  Gb  <internal module>
__VECTOR_TABLE {Abs}            0x0          Data  Gb  <internal module>
__aeabi_d2f                  0x2ba1          Code  Gb  DblToFlt.o [3]
__aeabi_dadd                 0x2c09          Code  Gb  DblAdd.o [3]
__aeabi_dmul                 0x29c5          Code  Gb  DblMul.o [3]
__aeabi_f2d                  0x297d          Code  Gb  FltToDbl.o [3]
__aeabi_memcpy4              0x3b21          Code  Gb  ABImemcpy.o [4]
__aeabi_memcpy8              0x3b21          Code  Gb  ABImemcpy.o [4]
__cmain                      0x4abd          Code  Gb  cmain.o [4]
__dwrite                     0x4a7d    0x1e  Code  Gb  dwrite.o [5]
__exit                       0x4af1    0x14  Code  Gb  exit.o [5]
__hard_fault_handler_asm
                              0x44d          Code  Gb  crt0.o [1]
__iar_close_ttio             0x4881    0x2e  Code  Gb  iarttio.o [5]
__iar_dadd                   0x3a4d          Code  Gb  DblSub.o [3]
__iar_data_init3             0x49ad    0x28  Code  Gb  data_init.o [4]
__iar_dsub                   0x2c19          Code  Gb  DblAdd.o [3]
__iar_dsubStart              0x2c2b          Code  Gb  DblAdd.o [3]
__iar_get_ttio               0x48b1    0x4c  Code  Gb  iarttio.o [5]
__iar_init_vfp               0x49f9          Code  Gb  fpinit_M.o [3]
__iar_lookup_ttioh           0x492f     0x4  Code  Gb  XShttio.o [2]
__iar_program_start          0x4c19          Code  Gb  cstartup_M.o [4]
__iar_sh_stdout              0x4a9b    0x20  Code  Gb  iarwstd.o [5]
__iar_sh_write               0x4a1b    0x22  Code  Gb  iarwrite.o [5]
__iar_ttio_guard_lock        0x4901    0x1e  Code  Gb  XShttio.o [2]
__iar_ttio_guard_unlock
                             0x491f    0x10  Code  Gb  XShttio.o [2]
__iar_ttio_handles      0x1fff'04f0     0x8  Data  Lc  XShttio.o [2]
__iar_zero_init3             0x2b67    0x3a  Code  Gb  zero_init3.o [4]
__low_level_init             0x4adb     0x4  Code  Gb  low_level_init.o [2]
__startup                     0x411          Code  Gb  crt0.o [1]
__vector_table                  0x0   0x1d0  Data  Gb  vectors.o [1]
__write                      0x4a6d    0x10  Code  Gb  write.o [5]
_call_main                   0x4ac9          Code  Gb  cmain.o [4]
_exit                        0x4ae5          Code  Gb  cexit.o [4]
_main                        0x4ad7          Code  Gb  cmain.o [4]
abort_isr                    0x457d    0x14  Code  Gb  vectors.o [1]
abs                          0x3ba7     0x8  Code  Gb  abs.o [2]
angle_GYRO_z            0x1fff'04fc     0x4  Data  Gb  AttitudeCalculation.o [1]
angle_const             0x1fff'0484     0x4  Data  Gb  main.o [1]
bus_clk_M               0x1fff'07fc     0x4  Data  Gb  PLL.o [1]
common_startup               0x47b3    0x6e  Code  Gb  start.o [1]
core_clk_M              0x1fff'07f8     0x4  Data  Gb  PLL.o [1]
count_init              0x1fff'0514    0x40  Data  Gb  DMA.o [1]
default_isr                  0x456d    0x10  Code  Gb  vectors.o [1]
dsp_single_colour            0x128b    0x36  Code  Gb  TFTDriver.o [1]
dt                      0x1fff'0410     0x4  Data  Gb  AttitudeCalculation.o [1]
enable_irq                   0x3d11     0xa  Code  Gb  common.o [1]
exit                         0x4adf     0x4  Code  Gb  exit.o [2]
f                       0x1fff'05f0     0x4  Data  Gb  main.o [1]
hard_fault_handler_c         0x4591    0x96  Code  Gb  vectors.o [1]
image                   0x1fff'0800  0x5820  Data  Gb  SEEKFREE_MT9V032.o [1]
image_oneline           0x1fff'0570    0x80  Data  Gb  main.o [1]
left_count              0x1fff'050c     0x4  Data  Gb  DebugFuction.o [1]
main                          0x48d    0xe0  Code  Gb  main.o [1]
mt9v032_finish_flag     0x1fff'602a     0x1  Data  Gb  SEEKFREE_MT9V032.o [1]
out                          0x3baf    0x18  Code  Lc  xprintftiny.o [2]
printf                       0x4685    0x28  Code  Gb  printf.o [2]
putchar                      0x4a4d    0x20  Code  Gb  putchar.o [2]
rate_distoangle         0x1fff'0480     0x4  Data  Gb  main.o [1]
receive                 0x1fff'6020     0x4  Data  Gb  SEEKFREE_MT9V032.o [1]
receive_num             0x1fff'6028     0x1  Data  Gb  SEEKFREE_MT9V032.o [1]
right_count             0x1fff'0510     0x4  Data  Gb  DebugFuction.o [1]
row_finished                 0x3a17     0x8  Code  Gb  SEEKFREE_MT9V032.o [1]
set_pit                       0x45f          Code  Gb  crt0.o [1]
spi_init                     0x335d   0x1b6  Code  Gb  SPI.o [1]
spi_mosi                     0x3513   0x11c  Code  Gb  SPI.o [1]
sprintf                      0x3949    0x40  Code  Gb  sprintf.o [2]
start                        0x4799    0x1a  Code  Gb  start.o [1]
strlen                       0x3d1d          Code  Gb  strlen.o [4]
temp_Speed              0x1fff'077c    0x10  Data  Gb  MecanumWheelControl.o [1]
tft_ascii                    0x3d54   0x5f0  Data  Gb  TFTDriver.o [1]
tft_delay                    0x1185     0xa  Code  Gb  TFTDriver.o [1]
ttio_guard              0x1fff'602d     0x1  Data  Lc  XShttio.o [2]
uart_receive_flag       0x1fff'04f9     0x1  Data  Gb  SEEKFREE_MT9V032.o [1]
wdog_disable                 0x484d    0x14  Code  Gb  wdog.o [1]
wdog_unlock                  0x4865    0x14  Code  Gb  wdog.o [1]
write_vtor                   0x3d01     0x6  Code  Gb  common.o [1]


[1] = D:\智能车\麦轮信标\程序\K66框架\K66Framework\K66程序-主控\Debug\Obj
[2] = dl7M_tln.a
[3] = m7M_tls.a
[4] = rt7M_tl.a
[5] = shb_l.a

  15 752 bytes of readonly  code memory
   3 168 bytes of readonly  data memory
  23 580 bytes of readwrite data memory

Errors: none
Warnings: none
