###############################################################################
#
# IAR ELF Linker V8.30.1.114/W32 for ARM                  30/Apr/2019  13:18:04
# Copyright 2007-2018 IAR Systems AB.
#
#    Output file  =  
#        D:\智能车\麦轮信标\程序\K66框架\K66Framework\K66程序-主控\Debug\Exe\LQ_K66FX_LPTMR.out
#    Map file     =  
#        D:\智能车\麦轮信标\程序\K66框架\K66Framework\K66程序-主控\Debug\List\LQ_K66FX_LPTMR.map
#    Command line =  
#        -f C:\Users\zhuzh\AppData\Local\Temp\EW2E97.tmp
#        (D:\智能车\麦轮信标\程序\K66框架\K66Framework\K66程序-主控\Debug\Obj\ADC.o
#        D:\智能车\麦轮信标\程序\K66框架\K66Framework\K66程序-主控\Debug\Obj\AttitudeCalculation.o
#        D:\智能车\麦轮信标\程序\K66框架\K66Framework\K66程序-主控\Debug\Obj\common.o
#        D:\智能车\麦轮信标\程序\K66框架\K66Framework\K66程序-主控\Debug\Obj\crt0.o
#        D:\智能车\麦轮信标\程序\K66框架\K66Framework\K66程序-主控\Debug\Obj\DebugFuction.o
#        D:\智能车\麦轮信标\程序\K66框架\K66Framework\K66程序-主控\Debug\Obj\DMA.o
#        D:\智能车\麦轮信标\程序\K66框架\K66Framework\K66程序-主控\Debug\Obj\FTM.o
#        D:\智能车\麦轮信标\程序\K66框架\K66Framework\K66程序-主控\Debug\Obj\GPIO.o
#        D:\智能车\麦轮信标\程序\K66框架\K66Framework\K66程序-主控\Debug\Obj\I2C.o
#        D:\智能车\麦轮信标\程序\K66框架\K66Framework\K66程序-主控\Debug\Obj\image_deal.o
#        D:\智能车\麦轮信标\程序\K66框架\K66Framework\K66程序-主控\Debug\Obj\LPTMR.o
#        D:\智能车\麦轮信标\程序\K66框架\K66Framework\K66程序-主控\Debug\Obj\LQ12864.o
#        D:\智能车\麦轮信标\程序\K66框架\K66Framework\K66程序-主控\Debug\Obj\LQKEY.o
#        D:\智能车\麦轮信标\程序\K66框架\K66Framework\K66程序-主控\Debug\Obj\LQLED.o
#        D:\智能车\麦轮信标\程序\K66框架\K66Framework\K66程序-主控\Debug\Obj\main.o
#        D:\智能车\麦轮信标\程序\K66框架\K66Framework\K66程序-主控\Debug\Obj\MecanumWheelControl.o
#        D:\智能车\麦轮信标\程序\K66框架\K66Framework\K66程序-主控\Debug\Obj\MPU6050Drive.o
#        D:\智能车\麦轮信标\程序\K66框架\K66Framework\K66程序-主控\Debug\Obj\PIT.o
#        D:\智能车\麦轮信标\程序\K66框架\K66Framework\K66程序-主控\Debug\Obj\PLL.o
#        D:\智能车\麦轮信标\程序\K66框架\K66Framework\K66程序-主控\Debug\Obj\RTC.o
#        D:\智能车\麦轮信标\程序\K66框架\K66Framework\K66程序-主控\Debug\Obj\SEEKFREE_MT9V032.o
#        D:\智能车\麦轮信标\程序\K66框架\K66Framework\K66程序-主控\Debug\Obj\SPI.o
#        D:\智能车\麦轮信标\程序\K66框架\K66Framework\K66程序-主控\Debug\Obj\start.o
#        D:\智能车\麦轮信标\程序\K66框架\K66Framework\K66程序-主控\Debug\Obj\Systick.o
#        D:\智能车\麦轮信标\程序\K66框架\K66Framework\K66程序-主控\Debug\Obj\TFTDriver.o
#        D:\智能车\麦轮信标\程序\K66框架\K66Framework\K66程序-主控\Debug\Obj\UART.o
#        D:\智能车\麦轮信标\程序\K66框架\K66Framework\K66程序-主控\Debug\Obj\vectors.o
#        D:\智能车\麦轮信标\程序\K66框架\K66Framework\K66程序-主控\Debug\Obj\wdog.o
#        --no_out_extension -o
#        D:\智能车\麦轮信标\程序\K66框架\K66Framework\K66程序-主控\Debug\Exe\LQ_K66FX_LPTMR.out
#        --map
#        D:\智能车\麦轮信标\程序\K66框架\K66Framework\K66程序-主控\Debug\List\LQ_K66FX_LPTMR.map
#        --config
#        D:\智能车\麦轮信标\程序\K66框架\K66Framework\K66程序-主控\src\Project_Setting\Linker_Files\LQK66FLASH1M.icf
#        --semihosting --entry __iar_program_start --vfe --text_out locale)
#
###############################################################################

*******************************************************************************
*** RUNTIME MODEL ATTRIBUTES
***

CppFlavor       = *
__SystemLibrary = DLib
__dlib_version  = 6


*******************************************************************************
*** HEAP SELECTION
***

The basic heap was selected because no calls to memory allocation
functions were found in the application outside of system library
functions, and there are calls to deallocation functions in the
application.


*******************************************************************************
*** PLACEMENT SUMMARY
***

"A0":  place at 0x0 { ro section .intvec };
"A1":  place at 0x410 { ro section .noinit };
define block CodeRelocate { section .textrw_init };
"P1":  place in [from 0x0 to 0x10'0000] |
                [from 0x1000'0000 to 0x1004'0000] { ro, block CodeRelocate };
define block CodeRelocateRam { section .textrw };
define block CSTACK with size = 8K, alignment = 8 { };
define block HEAP with size = 16K, alignment = 8 { };
"P2":  place in [from 0x1fff'0410 to 0x2003'0000] {
          rw, block CodeRelocateRam, block CSTACK, block HEAP };
initialize manually with packing = copy, complex ranges { section .data };

No sections matched the following patterns:

  section .textrw       in block CodeRelocateRam
  section .textrw_init  in block CodeRelocate


  Section              Kind         Address    Size  Object
  -------              ----         -------    ----  ------
"A0":                                         0x1d0
  .intvec              const            0x0   0x1d0  vectors.o [1]
                                    - 0x1d0   0x1d0

"P1", part 1 of 3:                              0x0
  .rodata              const          0x1d0     0x0  zero_init3.o [4]

"P1", part 2 of 3:                              0x0
  CodeRelocate                        0x1d0     0x0  <Block>

"A1":                                          0x7c
  .noinit              ro code        0x410    0x7c  crt0.o [1]
                                    - 0x48c    0x7c

"P1", part 3 of 3:                           0x4d90
  .text                ro code        0x48c   0x6c4  TFTDriver.o [1]
  .text                ro code        0xb50   0x24c  GPIO.o [1]
  .text                ro code        0xd9c   0x328  SPI.o [1]
  .text                ro code       0x10c4    0xc4  SEEKFREE_MT9V032.o [1]
  .text                ro code       0x1188   0x4e8  DebugFuction.o [1]
  .text                ro code       0x1670    0x86  ABImemcpy.o [4]
  .text                ro code       0x16f6     0x8  abs.o [2]
  .text                ro code       0x16fe    0x3a  zero_init3.o [4]
  .text                ro code       0x1738   0x320  UART.o [1]
  .text                ro code       0x1a58    0x2e  common.o [1]
  .text                ro code       0x1a86     0xa  xsprout.o [2]
  .text                ro code       0x1a90   0x1c2  ADC.o [1]
  .text                ro code       0x1c54    0x1a  U32ToDbl.o [3]
  .text                ro code       0x1c70   0x1a2  DblMul.o [3]
  .text                ro code       0x1e14   0x246  DblDiv.o [3]
  .text                ro code       0x205c    0x68  DblToFlt.o [3]
  .text                ro code       0x20c4   0x2ac  LQ12864.o [1]
  .text                ro code       0x2370    0x40  sprintf.o [2]
  .text                ro code       0x23b0   0x13e  xprintftiny.o [2]
  .text                ro code       0x24f0    0x36  strlen.o [4]
  .text                ro code       0x2528   0x6ac  MecanumWheelControl.o [1]
  .text                ro code       0x2bd4   0x38c  FTM.o [1]
  .text                ro code       0x2f60   0x244  DMA.o [1]
  .rodata              const         0x31a4   0x5f0  TFTDriver.o [1]
  .text                ro code       0x3794   0x2c4  I2C.o [1]
  .text                ro code       0x3a58   0x2b8  MPU6050Drive.o [1]
  .text                ro code       0x3d10    0x48  FltToDbl.o [3]
  .text                ro code       0x3d58   0x2a8  image_deal.o [1]
  .text                ro code       0x4000   0x22c  main.o [1]
  .text                ro code       0x422c   0x1c8  LQLED.o [1]
  .text                ro code       0x43f4   0x148  PLL.o [1]
  .text                ro code       0x453c    0x84  PIT.o [1]
  .text                ro code       0x45c0    0xf8  AttitudeCalculation.o [1]
  .text                ro code       0x46b8   0x17a  DblAdd.o [3]
  .text                ro code       0x4834    0xd2  DblSub.o [3]
  .rodata              const         0x4908   0x228  LQ12864.o [1]
  .text                ro code       0x4b30   0x118  vectors.o [1]
  .text                ro code       0x4c48    0x28  printf.o [2]
  .data_init                         0x4c70    0xfc  <Block>
    Initializer bytes  const         0x4c70    0xfc  <for .data-1>
  .text                ro code       0x4d6c    0xb4  start.o [1]
  .text                ro code       0x4e20    0x34  wdog.o [1]
  .text                ro code       0x4e54    0x80  iarttio.o [5]
  .text                ro code       0x4ed4    0x3c  XShttio.o [2]
  .rodata              const         0x4f10    0x40  SPI.o [1]
  .rodata              const         0x4f50    0x30  vectors.o [1]
  .text                ro code       0x4f80    0x28  data_init.o [4]
  .rodata              const         0x4fa8    0x24  vectors.o [1]
  .text                ro code       0x4fcc    0x22  fpinit_M.o [3]
  .text                ro code       0x4fee    0x22  iarwrite.o [5]
  .iar.init_table      const         0x5010    0x10  - Linker created -
  .text                ro code       0x5020    0x20  putchar.o [2]
  .text                ro code       0x5040    0x10  write.o [5]
  .text                ro code       0x5050    0x1e  dwrite.o [5]
  .text                ro code       0x506e    0x20  iarwstd.o [5]
  .text                ro code       0x5090    0x1e  cmain.o [4]
  .text                ro code       0x50ae     0x4  low_level_init.o [2]
  .text                ro code       0x50b2     0x4  exit.o [2]
  .text                ro code       0x50b8     0xa  cexit.o [4]
  .text                ro code       0x50c4    0x14  exit.o [5]
  .text                ro code       0x50d8    0x1c  LPTMR.o [1]
  .rodata              const         0x50f4    0x18  vectors.o [1]
  .text                ro code       0x510c    0x16  xprout.o [2]
  .rodata              const         0x5124    0x14  UART.o [1]
  .rodata              const         0x5138    0x10  DebugFuction.o [1]
  .rodata              const         0x5148    0x10  DebugFuction.o [1]
  .rodata              const         0x5158     0xc  main.o [1]
  .rodata              const         0x5164     0xc  main.o [1]
  .rodata              const         0x5170     0xc  vectors.o [1]
  .rodata              const         0x517c     0xc  vectors.o [1]
  .rodata              const         0x5188     0xc  vectors.o [1]
  .rodata              const         0x5194     0xc  vectors.o [1]
  .rodata              const         0x51a0     0xc  vectors.o [1]
  .rodata              const         0x51ac     0xc  vectors.o [1]
  .rodata              const         0x51b8     0xc  vectors.o [1]
  .rodata              const         0x51c4     0xc  vectors.o [1]
  .rodata              const         0x51d0     0xc  vectors.o [1]
  .rodata              const         0x51dc     0xc  vectors.o [1]
  .rodata              const         0x51e8     0xc  vectors.o [1]
  .rodata              const         0x51f4     0xc  vectors.o [1]
  .rodata              const         0x5200     0xc  vectors.o [1]
  .text                ro code       0x520c     0xc  cstartup_M.o [4]
  .rodata              const         0x5218     0x4  SPI.o [1]
                                   - 0x521c  0x4d90

"P2", part 1 of 3:                             0xfc
  .data                         0x1fff'0410    0xfc  <Block>
    .data-1                     0x1fff'0410    0xf9  <Init block>
      .data            inited   0x1fff'0410     0x4  AttitudeCalculation.o [1]
      .data            inited   0x1fff'0414     0x4  DebugFuction.o [1]
      .data            inited   0x1fff'0418    0x14  GPIO.o [1]
      .data            inited   0x1fff'042c    0x14  GPIO.o [1]
      .data            inited   0x1fff'0440     0x8  I2C.o [1]
      .data            inited   0x1fff'0448     0x4  image_deal.o [1]
      .data            inited   0x1fff'044c    0x10  main.o [1]
      .data            inited   0x1fff'045c    0x10  main.o [1]
      .data            inited   0x1fff'046c    0x10  main.o [1]
      .data            inited   0x1fff'047c    0x10  main.o [1]
      .data            inited   0x1fff'048c     0x4  main.o [1]
      .data            inited   0x1fff'0490     0x4  main.o [1]
      .data            inited   0x1fff'0494     0x8  MecanumWheelControl.o [1]
      .data            inited   0x1fff'049c    0x10  MecanumWheelControl.o [1]
      .data            inited   0x1fff'04ac     0x4  MecanumWheelControl.o [1]
      .data            inited   0x1fff'04b0     0x4  MecanumWheelControl.o [1]
      .data            inited   0x1fff'04b4    0x10  MecanumWheelControl.o [1]
      .data            inited   0x1fff'04c4    0x10  MecanumWheelControl.o [1]
      .data            inited   0x1fff'04d4     0x4  MecanumWheelControl.o [1]
      .data            inited   0x1fff'04d8     0x4  MecanumWheelControl.o [1]
      .data            inited   0x1fff'04dc     0x4  MecanumWheelControl.o [1]
      .data            inited   0x1fff'04e0     0xc  SPI.o [1]
      .data            inited   0x1fff'04ec    0x14  UART.o [1]
      .data            inited   0x1fff'0500     0x8  XShttio.o [2]
      .data            inited   0x1fff'0508     0x1  SEEKFREE_MT9V032.o [1]
                              - 0x1fff'050c    0xfc

"P2", part 2 of 3:                           0x5f80
  .bss                          0x1fff'050c  0x5f80  <Block>
    .bss               zero     0x1fff'050c     0x4  AttitudeCalculation.o [1]
    .bss               zero     0x1fff'0510     0x4  AttitudeCalculation.o [1]
    .bss               zero     0x1fff'0514     0x4  AttitudeCalculation.o [1]
    .bss               zero     0x1fff'0518     0x4  DebugFuction.o [1]
    .bss               zero     0x1fff'051c     0x4  DebugFuction.o [1]
    .bss               zero     0x1fff'0520     0x4  DebugFuction.o [1]
    .bss               zero     0x1fff'0524     0x4  DebugFuction.o [1]
    .bss               zero     0x1fff'0528     0x4  DebugFuction.o [1]
    .bss               zero     0x1fff'052c     0x4  DebugFuction.o [1]
    .bss               zero     0x1fff'0530     0xc  DebugFuction.o [1]
    .bss               zero     0x1fff'053c     0xc  DebugFuction.o [1]
    .bss               zero     0x1fff'0548     0x4  DebugFuction.o [1]
    .bss               zero     0x1fff'054c     0x4  DebugFuction.o [1]
    .bss               zero     0x1fff'0550    0x40  DMA.o [1]
    .bss               zero     0x1fff'0590    0x78  image_deal.o [1]
    .bss               zero     0x1fff'0608    0x78  image_deal.o [1]
    .bss               zero     0x1fff'0680   0x1e0  image_deal.o [1]
    .bss               zero     0x1fff'0860    0x78  image_deal.o [1]
    .bss               zero     0x1fff'08d8    0x78  image_deal.o [1]
    .bss               zero     0x1fff'0950    0x78  image_deal.o [1]
    .bss               zero     0x1fff'09c8    0x78  image_deal.o [1]
    .bss               zero     0x1fff'0a40     0x4  image_deal.o [1]
    .bss               zero     0x1fff'0a44     0x4  image_deal.o [1]
    .bss               zero     0x1fff'0a48     0x4  image_deal.o [1]
    .bss               zero     0x1fff'0a4c     0x4  image_deal.o [1]
    .bss               zero     0x1fff'0a50     0x4  main.o [1]
    .bss               zero     0x1fff'0a54     0x4  main.o [1]
    .bss               zero     0x1fff'0a58    0x10  main.o [1]
    .bss               zero     0x1fff'0a68     0x4  main.o [1]
    .bss               zero     0x1fff'0a6c   0x120  MecanumWheelControl.o [1]
    .bss               zero     0x1fff'0b8c    0x48  MecanumWheelControl.o [1]
    .bss               zero     0x1fff'0bd4    0x10  MecanumWheelControl.o [1]
    .bss               zero     0x1fff'0be4    0x10  MecanumWheelControl.o [1]
    .bss               zero     0x1fff'0bf4    0x10  MecanumWheelControl.o [1]
    .bss               zero     0x1fff'0c04     0xc  MecanumWheelControl.o [1]
    .bss               zero     0x1fff'0c10    0x10  MecanumWheelControl.o [1]
    .bss               zero     0x1fff'0c20    0x18  MPU6050Drive.o [1]
    .bss               zero     0x1fff'0c38    0x18  MPU6050Drive.o [1]
    .bss               zero     0x1fff'0c50     0x4  PLL.o [1]
    .bss               zero     0x1fff'0c54     0x4  PLL.o [1]
    .bss               zero     0x1fff'0c58  0x5820  SEEKFREE_MT9V032.o [1]
    .bss               zero     0x1fff'6478     0x4  SEEKFREE_MT9V032.o [1]
    .bss               zero     0x1fff'647c     0x1  DebugFuction.o [1]
    .bss               zero     0x1fff'647d     0x1  DebugFuction.o [1]
    .bss               zero     0x1fff'647e     0x1  DebugFuction.o [1]
    .bss               zero     0x1fff'647f     0x1  image_deal.o [1]
    .bss               zero     0x1fff'6480     0x1  image_deal.o [1]
    .bss               zero     0x1fff'6481     0x1  image_deal.o [1]
    .bss               zero     0x1fff'6482     0x1  image_deal.o [1]
    .bss               zero     0x1fff'6483     0x1  image_deal.o [1]
    .bss               zero     0x1fff'6484     0x1  image_deal.o [1]
    .bss               zero     0x1fff'6485     0x1  SEEKFREE_MT9V032.o [1]
    .bss               zero     0x1fff'6486     0x1  SEEKFREE_MT9V032.o [1]
    .bss               zero     0x1fff'6487     0x1  SEEKFREE_MT9V032.o [1]
    .bss               zero     0x1fff'6488     0x1  TFTDriver.o [1]
    .bss               zero     0x1fff'6489     0x1  TFTDriver.o [1]
    .bss               zero     0x1fff'648a     0x1  XShttio.o [2]
                              - 0x1fff'648c  0x5f80

"P2", part 3 of 3:                              0x0
  CodeRelocateRam               0x1fff'648c     0x0  <Block>

Unused ranges:

         From           To      Size
         ----           --      ----
        0x1d0        0x40f     0x240
       0x521c    0x10'0000  0xf'ade5
  0x1000'0000  0x1004'0000  0x4'0001
  0x1fff'648c  0x2003'0000  0x3'9b75


*******************************************************************************
*** INIT TABLE
***

          Address      Size
          -------      ----
Zero (__iar_zero_init3)
    1 destination range, total size 0x5f7f:
          0x1fff'050c  0x5f7f



*******************************************************************************
*** MODULE SUMMARY
***

    Module                 ro code  ro data  rw data
    ------                 -------  -------  -------
command line/config:
    ------------------------------------------------
    Total:

D:\智能车\麦轮信标\程序\K66框架\K66Framework\K66程序-主控\Debug\Obj: [1]
    ADC.o                      450
    AttitudeCalculation.o      248        4       16
    DMA.o                      580                64
    DebugFuction.o           1 256       36       63
    FTM.o                      908
    GPIO.o                     588       40       40
    I2C.o                      708        8        8
    LPTMR.o                     28
    LQ12864.o                  684      552
    LQLED.o                    456
    MPU6050Drive.o             696                48
    MecanumWheelControl.o    1 708       76      512
    PIT.o                      132
    PLL.o                      328                 8
    SEEKFREE_MT9V032.o         196        1   22 568
    SPI.o                      808       80       12
    TFTDriver.o              1 732    1 520        2
    UART.o                     800       40       20
    common.o                    46
    crt0.o                     124
    image_deal.o               680        4    1 226
    main.o                     556       96      100
    start.o                    180
    vectors.o                  280      728
    wdog.o                      52
    ------------------------------------------------
    Total:                  14 224    3 185   24 687

dl7M_tln.a: [2]
    XShttio.o                   60        8        9
    abs.o                        8
    exit.o                       4
    low_level_init.o             4
    printf.o                    40
    putchar.o                   32
    sprintf.o                   64
    xprintftiny.o              318
    xprout.o                    22
    xsprout.o                   10
    ------------------------------------------------
    Total:                     562        8        9

m7M_tls.a: [3]
    DblAdd.o                   378
    DblDiv.o                   582
    DblMul.o                   418
    DblSub.o                   210
    DblToFlt.o                 104
    FltToDbl.o                  72
    U32ToDbl.o                  26
    fpinit_M.o                  34
    ------------------------------------------------
    Total:                   1 824

rt7M_tl.a: [4]
    ABImemcpy.o                134
    cexit.o                     10
    cmain.o                     30
    cstartup_M.o                12
    data_init.o                 40
    strlen.o                    54
    zero_init3.o                58
    ------------------------------------------------
    Total:                     338

shb_l.a: [5]
    dwrite.o                    30
    exit.o                      20
    iarttio.o                  128
    iarwrite.o                  34
    iarwstd.o                   32
    write.o                     16
    ------------------------------------------------
    Total:                     260

    Gaps                        20        4
    Linker created                       19
----------------------------------------------------
    Grand Total:            17 228    3 216   24 696


*******************************************************************************
*** ENTRY LIST
***

Entry                       Address    Size  Type      Object
-----                       -------    ----  ----      ------
.bss$$Base              0x1fff'050c           --   Gb  - Linker created -
.bss$$Limit             0x1fff'648c           --   Gb  - Linker created -
.data$$Base             0x1fff'0410           --   Gb  - Linker created -
.data$$Limit            0x1fff'050c           --   Gb  - Linker created -
.data_init$$Base             0x4c70           --   Gb  - Linker created -
.data_init$$Limit            0x4d6c           --   Gb  - Linker created -
.iar.init_table$$Base        0x5010           --   Gb  - Linker created -
.iar.init_table$$Limit       0x5020           --   Gb  - Linker created -
?main                        0x5091          Code  Gb  cmain.o [4]
ADC_Ave                      0x1c0b    0x48  Code  Gb  ADC.o [1]
ADC_Init                     0x1a91    0x3a  Code  Gb  ADC.o [1]
ADC_Mid                      0x1b91    0x7a  Code  Gb  ADC.o [1]
ADC_Once                     0x1b1d    0x48  Code  Gb  ADC.o [1]
ADC_Start                    0x1acb    0x52  Code  Gb  ADC.o [1]
Accel_OriginData        0x1fff'0c20    0x18  Data  Gb  MPU6050Drive.o [1]
BatteryVoltageCollect_Init
                             0x1499    0x20  Code  Gb  DebugFuction.o [1]
Battery_V               0x1fff'052c     0x4  Data  Gb  DebugFuction.o [1]
Button                  0x1fff'0414     0x4  Data  Gb  DebugFuction.o [1]
ButtonInit                   0x12d1    0x26  Code  Gb  DebugFuction.o [1]
ButtonMenu                   0x13cd    0xb8  Code  Gb  DebugFuction.o [1]
ButtonOnceBuffFlag      0x1fff'0530     0xc  Data  Gb  DebugFuction.o [1]
ButtonOnceFlag          0x1fff'053c     0xc  Data  Gb  DebugFuction.o [1]
ButtonScan_interrupt         0x12f7    0xd4  Code  Gb  DebugFuction.o [1]
CalTargetSpeed_EachWheel
                             0x273f    0x66  Code  Gb  MecanumWheelControl.o [1]
Car_Speed_Rotate        0x1fff'0b8c    0x48  Data  Gb  MecanumWheelControl.o [1]
CodeRelocate$$Base            0x1d0           --   Gb  - Linker created -
CodeRelocate$$Limit           0x1d0           --   Gb  - Linker created -
CodeRelocateRam$$Base   0x1fff'648c           --   Gb  - Linker created -
CodeRelocateRam$$Limit  0x1fff'648c           --   Gb  - Linker created -
ControlValue_Closeloop  0x1fff'0c10    0x10  Data  Gb  MecanumWheelControl.o [1]
DMA_CH4_Handler              0x3155    0x1c  Code  Gb  DMA.o [1]
DMA_Count_Get                0x3127    0x18  Code  Gb  DMA.o [1]
DMA_Count_Init               0x2f61   0x1c6  Code  Gb  DMA.o [1]
DMA_Count_Reset              0x313f    0x16  Code  Gb  DMA.o [1]
D_Set                   0x1fff'045c    0x10  Data  Gb  main.o [1]
DeadBand_Set            0x1fff'047c    0x10  Data  Gb  main.o [1]
EXTI_Init                     0xc35    0x5e  Code  Gb  GPIO.o [1]
EncoderDirectionPort    0x1fff'04b4    0x10  Data  Gb  MecanumWheelControl.o [1]
EncoderMeasure_Init          0x2837    0x4e  Code  Gb  MecanumWheelControl.o [1]
Encoder_DMAChannel      0x1fff'04ac     0x4  Data  Gb  MecanumWheelControl.o [1]
Encoder_Direction       0x1fff'04d4     0x4  Data  Gb  MecanumWheelControl.o [1]
Encoder_PORT            0x1fff'04b0     0x4  Data  Gb  MecanumWheelControl.o [1]
Encoder_PORTIndex_Direction
                        0x1fff'04c4    0x10  Data  Gb  MecanumWheelControl.o [1]
F6x8                         0x4908   0x228  Data  Gb  LQ12864.o [1]
FTM0_interrupt               0x2eb9     0xe  Code  Gb  FTM.o [1]
FTM1_interrupt               0x2ec7     0xe  Code  Gb  FTM.o [1]
FTM2_interrupt               0x2ed5     0xe  Code  Gb  FTM.o [1]
FTMType_Use             0x1fff'049c    0x10  Data  Gb  MecanumWheelControl.o [1]
FTM_PWM_Duty                 0x2e4f    0x6a  Code  Gb  FTM.o [1]
FTM_PWM_Init                 0x2bd5   0x27a  Code  Gb  FTM.o [1]
First_Find              0x1fff'0590    0x78  Data  Gb  image_deal.o [1]
Flag_Reverse            0x1fff'04d8     0x4  Data  Gb  MecanumWheelControl.o [1]
GPIOX                   0x1fff'0418    0x14  Data  Gb  GPIO.o [1]
GPIO_Ctrl                     0xbe9    0x22  Code  Gb  GPIO.o [1]
GPIO_Get                      0xc19    0x1c  Code  Gb  GPIO.o [1]
GPIO_Init                     0xb65    0x84  Code  Gb  GPIO.o [1]
GPIO_Reverse                  0xc0b     0xe  Code  Gb  GPIO.o [1]
GYRO_OriginData         0x1fff'0c38    0x18  Data  Gb  MPU6050Drive.o [1]
GetAngle_FromGYRO            0x45c1    0xd6  Code  Gb  AttitudeCalculation.o [1]
GetBatteryVoltage            0x14b9    0x78  Code  Gb  DebugFuction.o [1]
GetData                      0x3afb    0x30  Code  Gb  MPU6050Drive.o [1]
GetPIDControlValue           0x25cf   0x140  Code  Gb  MecanumWheelControl.o [1]
GetRemoteCMDData             0x119d    0x7a  Code  Gb  DebugFuction.o [1]
GetSpeed                     0x2885    0x4c  Code  Gb  MecanumWheelControl.o [1]
Get_AccData                  0x3b2d    0x9c  Code  Gb  MPU6050Drive.o [1]
Get_Gyro                     0x3bc9    0x5a  Code  Gb  MPU6050Drive.o [1]
Get_Offset                   0x3c25    0xd8  Code  Gb  MPU6050Drive.o [1]
I2C_Init                     0x3795    0x70  Code  Gb  I2C.o [1]
I2C_ReadAddr                 0x3847   0x140  Code  Gb  I2C.o [1]
I2C_StartTransmission        0x3805    0x2c  Code  Gb  I2C.o [1]
I2C_WriteAddr                0x3987    0xb8  Code  Gb  I2C.o [1]
I2Cx                    0x1fff'0440     0x8  Data  Gb  I2C.o [1]
I_Set                   0x1fff'046c    0x10  Data  Gb  main.o [1]
I_limit                 0x1fff'048c     0x4  Data  Gb  main.o [1]
ImageDealState_Now      0x1fff'6486     0x1  Data  Gb  SEEKFREE_MT9V032.o [1]
InitMPU6050                  0x3a59    0xa2  Code  Gb  MPU6050Drive.o [1]
Init_All                     0x40a9    0x64  Code  Gb  main.o [1]
LCD_DLY_ms                   0x21d3    0x16  Code  Gb  LQ12864.o [1]
LCD_Fill                     0x2193    0x40  Code  Gb  LQ12864.o [1]
LCD_Init                     0x21e9   0x10c  Code  Gb  LQ12864.o [1]
LCD_P6x8Str                  0x22f5    0x72  Code  Gb  LQ12864.o [1]
LCD_Set_Pos                  0x2163    0x30  Code  Gb  LQ12864.o [1]
LCD_ShowBatteryVoltage       0x1531    0xe6  Code  Gb  DebugFuction.o [1]
LCD_WrCmd                    0x2115    0x4e  Code  Gb  LQ12864.o [1]
LCD_WrDat                    0x20c5    0x4e  Code  Gb  LQ12864.o [1]
LCD_WriteData_16Bit           0x4eb    0x4a  Code  Gb  TFTDriver.o [1]
LED_Ctrl                     0x4261   0x184  Code  Gb  LQLED.o [1]
LED_Init                     0x422d    0x34  Code  Gb  LQLED.o [1]
LPTMR_Interrupt              0x50d9    0x16  Code  Gb  LPTMR.o [1]
Lcd_SetRegion                 0x535    0x5e  Code  Gb  TFTDriver.o [1]
Lcd_WriteData                 0x4c1    0x2a  Code  Gb  TFTDriver.o [1]
Lcd_WriteIndex                0x497    0x2a  Code  Gb  TFTDriver.o [1]
Left                    0x1fff'0608    0x78  Data  Gb  image_deal.o [1]
Left_Flag               0x1fff'08d8    0x78  Data  Gb  image_deal.o [1]
Max_output              0x1fff'0490     0x4  Data  Gb  main.o [1]
Mid                     0x1fff'0680   0x1e0  Data  Gb  image_deal.o [1]
Mid_Flag                0x1fff'09c8    0x78  Data  Gb  image_deal.o [1]
Mid_temp                0x1fff'0a40     0x4  Data  Gb  image_deal.o [1]
MotorOutput                  0x27a5    0x92  Code  Gb  MecanumWheelControl.o [1]
Motor_init                   0x2529    0x74  Code  Gb  MecanumWheelControl.o [1]
NVIC_EnableIRQ               0x1a59    0x14  Code  Lc  common.o [1]
NVIC_EnableIRQ                0xb51    0x14  Code  Lc  GPIO.o [1]
NVIC_EnableIRQ               0x453d    0x14  Code  Lc  PIT.o [1]
NVIC_EnableIRQ               0x1739    0x16  Code  Lc  UART.o [1]
PIDControl_Constructor       0x259d    0x32  Code  Gb  MecanumWheelControl.o [1]
PIDControl_FunctionDefine
                             0x271d    0x14  Code  Gb  MecanumWheelControl.o [1]
PID_Speedloop_init           0x2a33    0x78  Code  Gb  MecanumWheelControl.o [1]
PID_locationloop_init        0x2aab    0x4e  Code  Gb  MecanumWheelControl.o [1]
PIT0_Interrupt               0x410d    0x92  Code  Gb  main.o [1]
PIT1_Interrupt               0x419f    0x14  Code  Gb  main.o [1]
PIT2_Interrupt               0x41b3     0xc  Code  Gb  main.o [1]
PIT3_Interrupt               0x41bf     0xc  Code  Gb  main.o [1]
PIT_Init                     0x4551    0x60  Code  Gb  PIT.o [1]
PLL_Init                     0x43f5   0x148  Code  Gb  PLL.o [1]
PORTA_Interrupt               0xc93    0x30  Code  Gb  GPIO.o [1]
PORTB_Interrupt               0xcc3    0x30  Code  Gb  GPIO.o [1]
PORTC_Interrupt               0xcf3    0x20  Code  Gb  GPIO.o [1]
PORTD_Interrupt               0xd13    0x30  Code  Gb  GPIO.o [1]
PORTE_Interrupt               0xd43    0x20  Code  Gb  GPIO.o [1]
PORTX                   0x1fff'042c    0x14  Data  Gb  GPIO.o [1]
P_Set                   0x1fff'044c    0x10  Data  Gb  main.o [1]
Para_Refresh                 0x270f     0xe  Code  Gb  MecanumWheelControl.o [1]
Pause                        0x3831    0x16  Code  Gb  I2C.o [1]
QuitSetFlag             0x1fff'0548     0x4  Data  Gb  DebugFuction.o [1]
RS_Now                  0x1fff'0c04     0xc  Data  Gb  MecanumWheelControl.o [1]
ReceiveBuff             0x1fff'051c     0x4  Data  Gb  DebugFuction.o [1]
ReceiveCMD_Remote            0x1217    0xba  Code  Gb  DebugFuction.o [1]
ReceiveIndex            0x1fff'0518     0x4  Data  Gb  DebugFuction.o [1]
Region$$Table$$Base          0x5010           --   Gb  - Linker created -
Region$$Table$$Limit         0x5020           --   Gb  - Linker created -
RemoteData              0x1fff'0520     0x4  Data  Gb  DebugFuction.o [1]
RemoteInit                   0x1189    0x14  Code  Gb  DebugFuction.o [1]
Remote_CMD_ReceiveStatus
                        0x1fff'647e     0x1  Data  Gb  DebugFuction.o [1]
Remote_Speed            0x1fff'04dc     0x4  Data  Gb  MecanumWheelControl.o [1]
Reset                        0x3d59    0x2a  Code  Gb  image_deal.o [1]
Right                   0x1fff'0860    0x78  Data  Gb  image_deal.o [1]
Right_Flag              0x1fff'0950    0x78  Data  Gb  image_deal.o [1]
RunMode                 0x1fff'647d     0x1  Data  Gb  DebugFuction.o [1]
SPIN                    0x1fff'04e0     0xc  Data  Gb  SPI.o [1]
Series_Control               0x2af9    0x78  Code  Gb  MecanumWheelControl.o [1]
Series_Sendout_init          0x1485    0x14  Code  Gb  DebugFuction.o [1]
Series_deviation_received
                        0x1fff'0a50     0x4  Data  Gb  main.o [1]
SetSpeed_FromRemote          0x28e9   0x14a  Code  Gb  MecanumWheelControl.o [1]
SetTargetSpeed_Car           0x2731     0xe  Code  Gb  MecanumWheelControl.o [1]
SpeedClean                   0x28d1    0x16  Code  Gb  MecanumWheelControl.o [1]
SpeedCount              0x1fff'0be4    0x10  Data  Gb  MecanumWheelControl.o [1]
Speed_get               0x1fff'0bf4    0x10  Data  Gb  MecanumWheelControl.o [1]
Speed_watch             0x1fff'0a58    0x10  Data  Gb  main.o [1]
StartReceive            0x1fff'647c     0x1  Data  Gb  DebugFuction.o [1]
TFTSPI                  0x1fff'6488     0x1  Data  Gb  TFTDriver.o [1]
TFTSPICS                0x1fff'6489     0x1  Data  Gb  TFTDriver.o [1]
TFT_init                      0x5c9   0x280  Code  Gb  TFTDriver.o [1]
TFT_showchar                  0x849    0x8e  Code  Gb  TFTDriver.o [1]
TFT_showint16                 0x9d7    0xf6  Code  Gb  TFTDriver.o [1]
TFT_showint8                  0x93b    0x9c  Code  Gb  TFTDriver.o [1]
TFT_showstr                   0x8f1    0x4a  Code  Gb  TFTDriver.o [1]
TimeCount_test          0x1fff'0a68     0x4  Data  Gb  main.o [1]
UART0_IRQHandler             0x19ab     0x8  Code  Gb  UART.o [1]
UART1_IRQHandler             0x19b3    0x24  Code  Gb  UART.o [1]
UART2_IRQHandler             0x10c5    0x38  Code  Gb  SEEKFREE_MT9V032.o [1]
UART3_IRQHandler             0x19d7     0x8  Code  Gb  UART.o [1]
UART4_IRQHandler             0x19df    0x18  Code  Gb  UART.o [1]
UARTN                   0x1fff'04ec    0x14  Data  Gb  UART.o [1]
UART_Get_Char                0x18e5    0x1a  Code  Gb  UART.o [1]
UART_Init                    0x174f   0x196  Code  Gb  UART.o [1]
UART_Irq_En                  0x1939    0x72  Code  Gb  UART.o [1]
UART_Put_Buff                0x1919    0x20  Code  Gb  UART.o [1]
UART_Put_Char                0x18ff    0x1a  Code  Gb  UART.o [1]
UseBeep_Flag            0x1fff'054c     0x4  Data  Gb  DebugFuction.o [1]
VSYNC                        0x10fd    0x56  Code  Gb  SEEKFREE_MT9V032.o [1]
WheelControl            0x1fff'0a6c   0x120  Data  Gb  MecanumWheelControl.o [1]
Wheels_FTMChannel       0x1fff'0494     0x8  Data  Gb  MecanumWheelControl.o [1]
_PrintfTiny                  0x23c9   0x126  Code  Gb  xprintftiny.o [2]
_Prout                       0x510d    0x16  Code  Gb  xprout.o [2]
_SProut                      0x1a87     0xa  Code  Gb  xsprout.o [2]
__BOOT_STACK_ADDRESS {Abs}
                        0x2002'fff8          Data  Gb  <internal module>
__VECTOR_RAM {Abs}      0x1fff'0000          Data  Gb  <internal module>
__VECTOR_TABLE {Abs}            0x0          Data  Gb  <internal module>
__aeabi_d2f                  0x205d          Code  Gb  DblToFlt.o [3]
__aeabi_dadd                 0x46b9          Code  Gb  DblAdd.o [3]
__aeabi_ddiv                 0x1e15          Code  Gb  DblDiv.o [3]
__aeabi_dmul                 0x1c71          Code  Gb  DblMul.o [3]
__aeabi_f2d                  0x3d11          Code  Gb  FltToDbl.o [3]
__aeabi_memcpy4              0x1671          Code  Gb  ABImemcpy.o [4]
__aeabi_memcpy8              0x1671          Code  Gb  ABImemcpy.o [4]
__aeabi_ui2d                 0x1c55          Code  Gb  U32ToDbl.o [3]
__cmain                      0x5091          Code  Gb  cmain.o [4]
__dwrite                     0x5051    0x1e  Code  Gb  dwrite.o [5]
__exit                       0x50c5    0x14  Code  Gb  exit.o [5]
__hard_fault_handler_asm
                              0x44d          Code  Gb  crt0.o [1]
__iar_close_ttio             0x4e55    0x2e  Code  Gb  iarttio.o [5]
__iar_dadd                   0x4835          Code  Gb  DblSub.o [3]
__iar_data_init3             0x4f81    0x28  Code  Gb  data_init.o [4]
__iar_dsub                   0x46c9          Code  Gb  DblAdd.o [3]
__iar_dsubStart              0x46db          Code  Gb  DblAdd.o [3]
__iar_get_ttio               0x4e85    0x4c  Code  Gb  iarttio.o [5]
__iar_init_vfp               0x4fcd          Code  Gb  fpinit_M.o [3]
__iar_lookup_ttioh           0x4f03     0x4  Code  Gb  XShttio.o [2]
__iar_program_start          0x520d          Code  Gb  cstartup_M.o [4]
__iar_sh_stdout              0x506f    0x20  Code  Gb  iarwstd.o [5]
__iar_sh_write               0x4fef    0x22  Code  Gb  iarwrite.o [5]
__iar_ttio_guard_lock        0x4ed5    0x1e  Code  Gb  XShttio.o [2]
__iar_ttio_guard_unlock
                             0x4ef3    0x10  Code  Gb  XShttio.o [2]
__iar_ttio_handles      0x1fff'0500     0x8  Data  Lc  XShttio.o [2]
__iar_zero_init3             0x16ff    0x3a  Code  Gb  zero_init3.o [4]
__low_level_init             0x50af     0x4  Code  Gb  low_level_init.o [2]
__startup                     0x411          Code  Gb  crt0.o [1]
__vector_table                  0x0   0x1d0  Data  Gb  vectors.o [1]
__write                      0x5041    0x10  Code  Gb  write.o [5]
_call_main                   0x509d          Code  Gb  cmain.o [4]
_exit                        0x50b9          Code  Gb  cexit.o [4]
_main                        0x50ab          Code  Gb  cmain.o [4]
abort_isr                    0x4b41    0x14  Code  Gb  vectors.o [1]
abs                          0x16f7     0x8  Code  Gb  abs.o [2]
angle_GYRO_x            0x1fff'050c     0x4  Data  Gb  AttitudeCalculation.o [1]
angle_GYRO_y            0x1fff'0510     0x4  Data  Gb  AttitudeCalculation.o [1]
angle_GYRO_z            0x1fff'0514     0x4  Data  Gb  AttitudeCalculation.o [1]
average_piancha         0x1fff'0a48     0x4  Data  Gb  image_deal.o [1]
bottom_row              0x1fff'6480     0x1  Data  Gb  image_deal.o [1]
bus_clk_M               0x1fff'0c54     0x4  Data  Gb  PLL.o [1]
common_startup               0x4d87    0x6e  Code  Gb  start.o [1]
core_clk_M              0x1fff'0c50     0x4  Data  Gb  PLL.o [1]
count_init              0x1fff'0550    0x40  Data  Gb  DMA.o [1]
default_isr                  0x4b31    0x10  Code  Gb  vectors.o [1]
displayimage032               0xacd    0x84  Code  Gb  TFTDriver.o [1]
dsp_single_colour             0x593    0x36  Code  Gb  TFTDriver.o [1]
dt                      0x1fff'0410     0x4  Data  Gb  AttitudeCalculation.o [1]
enable_irq                   0x1a7d     0xa  Code  Gb  common.o [1]
exit                         0x50b3     0x4  Code  Gb  exit.o [2]
f                       0x1fff'0a54     0x4  Data  Gb  main.o [1]
find_light                   0x3d83    0x78  Code  Gb  image_deal.o [1]
find_loop                    0x3f75    0x3a  Code  Gb  image_deal.o [1]
find_loop_flag          0x1fff'6483     0x1  Data  Gb  image_deal.o [1]
flag_all                0x1fff'0448     0x4  Data  Gb  image_deal.o [1]
found_flag              0x1fff'6481     0x1  Data  Gb  image_deal.o [1]
hard_fault_handler_c         0x4b55    0x96  Code  Gb  vectors.o [1]
image                   0x1fff'0c58  0x5820  Data  Gb  SEEKFREE_MT9V032.o [1]
left_count              0x1fff'0524     0x4  Data  Gb  DebugFuction.o [1]
light_delay_flag        0x1fff'6482     0x1  Data  Gb  image_deal.o [1]
light_flag              0x1fff'6484     0x1  Data  Gb  image_deal.o [1]
main                         0x4001    0xa8  Code  Gb  main.o [1]
mid_findlight                0x3dfb   0x17a  Code  Gb  image_deal.o [1]
mt9v032_finish_flag     0x1fff'6487     0x1  Data  Gb  SEEKFREE_MT9V032.o [1]
out                          0x23b1    0x18  Code  Lc  xprintftiny.o [2]
printf                       0x4c49    0x28  Code  Gb  printf.o [2]
putchar                      0x5021    0x20  Code  Gb  putchar.o [2]
receive                 0x1fff'6478     0x4  Data  Gb  SEEKFREE_MT9V032.o [1]
receive_num             0x1fff'6485     0x1  Data  Gb  SEEKFREE_MT9V032.o [1]
right_count             0x1fff'0528     0x4  Data  Gb  DebugFuction.o [1]
row_finished                 0x1153     0x8  Code  Gb  SEEKFREE_MT9V032.o [1]
set_pit                       0x45f          Code  Gb  crt0.o [1]
spi_init                      0xd9d   0x1b6  Code  Gb  SPI.o [1]
spi_mosi                      0xf53   0x11c  Code  Gb  SPI.o [1]
sprintf                      0x2371    0x40  Code  Gb  sprintf.o [2]
start                        0x4d6d    0x1a  Code  Gb  start.o [1]
strlen                       0x24f1          Code  Gb  strlen.o [4]
temp_Speed              0x1fff'0bd4    0x10  Data  Gb  MecanumWheelControl.o [1]
temp_piancha            0x1fff'0a44     0x4  Data  Gb  image_deal.o [1]
tft_ascii                    0x31a4   0x5f0  Data  Gb  TFTDriver.o [1]
tft_delay                     0x48d     0xa  Code  Gb  TFTDriver.o [1]
top_row                 0x1fff'647f     0x1  Data  Gb  image_deal.o [1]
true_row                0x1fff'0a4c     0x4  Data  Gb  image_deal.o [1]
ttio_guard              0x1fff'648a     0x1  Data  Lc  XShttio.o [2]
uart_receive_flag       0x1fff'0508     0x1  Data  Gb  SEEKFREE_MT9V032.o [1]
wdog_disable                 0x4e21    0x14  Code  Gb  wdog.o [1]
wdog_unlock                  0x4e39    0x14  Code  Gb  wdog.o [1]
write_vtor                   0x1a6d     0x6  Code  Gb  common.o [1]


[1] = D:\智能车\麦轮信标\程序\K66框架\K66Framework\K66程序-主控\Debug\Obj
[2] = dl7M_tln.a
[3] = m7M_tls.a
[4] = rt7M_tl.a
[5] = shb_l.a

  17 228 bytes of readonly  code memory
   3 216 bytes of readonly  data memory
  24 696 bytes of readwrite data memory

Errors: none
Warnings: none
